Archive member included to satisfy reference by file (symbol)

d:/online_emb_diploma/installations/st/stm32cubeide_1.4.0/stm32cubeide/plugins/com.st.stm32cube.ide.mcu.externaltools.gnu-tools-for-stm32.7-2018-q2-update.win32_1.4.0.202007081208/tools/bin/../lib/gcc/arm-none-eabi/7.3.1/../../../../arm-none-eabi/lib/thumb/v7-m\libc_nano.a(lib_a-errno.o)
                              Src/syscalls.o (__errno)
d:/online_emb_diploma/installations/st/stm32cubeide_1.4.0/stm32cubeide/plugins/com.st.stm32cube.ide.mcu.externaltools.gnu-tools-for-stm32.7-2018-q2-update.win32_1.4.0.202007081208/tools/bin/../lib/gcc/arm-none-eabi/7.3.1/../../../../arm-none-eabi/lib/thumb/v7-m\libc_nano.a(lib_a-exit.o)
                              d:/online_emb_diploma/installations/st/stm32cubeide_1.4.0/stm32cubeide/plugins/com.st.stm32cube.ide.mcu.externaltools.gnu-tools-for-stm32.7-2018-q2-update.win32_1.4.0.202007081208/tools/bin/../lib/gcc/arm-none-eabi/7.3.1/../../../../arm-none-eabi/lib/thumb/v7-m/crt0.o (exit)
d:/online_emb_diploma/installations/st/stm32cubeide_1.4.0/stm32cubeide/plugins/com.st.stm32cube.ide.mcu.externaltools.gnu-tools-for-stm32.7-2018-q2-update.win32_1.4.0.202007081208/tools/bin/../lib/gcc/arm-none-eabi/7.3.1/../../../../arm-none-eabi/lib/thumb/v7-m\libc_nano.a(lib_a-impure.o)
                              d:/online_emb_diploma/installations/st/stm32cubeide_1.4.0/stm32cubeide/plugins/com.st.stm32cube.ide.mcu.externaltools.gnu-tools-for-stm32.7-2018-q2-update.win32_1.4.0.202007081208/tools/bin/../lib/gcc/arm-none-eabi/7.3.1/../../../../arm-none-eabi/lib/thumb/v7-m\libc_nano.a(lib_a-exit.o) (_global_impure_ptr)
d:/online_emb_diploma/installations/st/stm32cubeide_1.4.0/stm32cubeide/plugins/com.st.stm32cube.ide.mcu.externaltools.gnu-tools-for-stm32.7-2018-q2-update.win32_1.4.0.202007081208/tools/bin/../lib/gcc/arm-none-eabi/7.3.1/../../../../arm-none-eabi/lib/thumb/v7-m\libc_nano.a(lib_a-init.o)
                              d:/online_emb_diploma/installations/st/stm32cubeide_1.4.0/stm32cubeide/plugins/com.st.stm32cube.ide.mcu.externaltools.gnu-tools-for-stm32.7-2018-q2-update.win32_1.4.0.202007081208/tools/bin/../lib/gcc/arm-none-eabi/7.3.1/../../../../arm-none-eabi/lib/thumb/v7-m/crt0.o (__libc_init_array)
d:/online_emb_diploma/installations/st/stm32cubeide_1.4.0/stm32cubeide/plugins/com.st.stm32cube.ide.mcu.externaltools.gnu-tools-for-stm32.7-2018-q2-update.win32_1.4.0.202007081208/tools/bin/../lib/gcc/arm-none-eabi/7.3.1/../../../../arm-none-eabi/lib/thumb/v7-m\libc_nano.a(lib_a-memcpy-stub.o)
                              HAL/lcd.o (memcpy)
d:/online_emb_diploma/installations/st/stm32cubeide_1.4.0/stm32cubeide/plugins/com.st.stm32cube.ide.mcu.externaltools.gnu-tools-for-stm32.7-2018-q2-update.win32_1.4.0.202007081208/tools/bin/../lib/gcc/arm-none-eabi/7.3.1/../../../../arm-none-eabi/lib/thumb/v7-m\libc_nano.a(lib_a-memset.o)
                              d:/online_emb_diploma/installations/st/stm32cubeide_1.4.0/stm32cubeide/plugins/com.st.stm32cube.ide.mcu.externaltools.gnu-tools-for-stm32.7-2018-q2-update.win32_1.4.0.202007081208/tools/bin/../lib/gcc/arm-none-eabi/7.3.1/../../../../arm-none-eabi/lib/thumb/v7-m/crt0.o (memset)

Allocating common symbols
Common symbol       size              file

LED_Status          0x4               Src/LED_COntroller.o
Gate_Status         0x4               Src/Gate_Controller.o
Global_UART1_Config
                    0x4               Stm32f103c6_Drivers/Stm32_F103C6_UART_driver.o
LCD_CONFIG          0x1cc             HAL/lcd.o
Global_UART_Config  0x3c              Stm32f103c6_Drivers/Stm32_F103C6_UART_driver.o
LCD1_Status         0x4               Src/LCD_Controller.o
Global_UART2_Config
                    0x4               Stm32f103c6_Drivers/Stm32_F103C6_UART_driver.o
RFID_CARD_Enter     0x2               Src/Gate_Controller.o
Global_SPI2_Config  0x18              Stm32f103c6_Drivers/Stm32_F103C6_SPI_driver.o
Park_Status         0x4               Src/Park_Controller.o
PinCfg              0x2               HAL/lcd.o
LCD0                0x5c              Src/LCD_Controller.o
LCD1                0x5c              Src/LCD_Controller.o
Global_SPI1_Config  0x18              Stm32f103c6_Drivers/Stm32_F103C6_SPI_driver.o
Global_I2C_Config   0x48              Stm32f103c6_Drivers/Stm32_F103C6_I2C_driver.o
GP_CallBack         0x3c              Stm32f103c6_Drivers/Stm32_F103C6_EXTI_driver.o
Global_UART3_Config
                    0x4               Stm32f103c6_Drivers/Stm32_F103C6_UART_driver.o
RFID_CARD_EXIT      0x2               Src/Gate_Controller.o

Discarded input sections

 .text          0x0000000000000000        0x0 d:/online_emb_diploma/installations/st/stm32cubeide_1.4.0/stm32cubeide/plugins/com.st.stm32cube.ide.mcu.externaltools.gnu-tools-for-stm32.7-2018-q2-update.win32_1.4.0.202007081208/tools/bin/../lib/gcc/arm-none-eabi/7.3.1/thumb/v7-m/crti.o
[...]
Memory Configuration

Name             Origin             Length             Attributes
RAM              0x0000000020000000 0x0000000000002800 xrw
ROM              0x0000000008000000 0x0000000000008000 xr
*default*        0x0000000000000000 0xffffffffffffffff

Linker script and memory map

LOAD d:/online_emb_diploma/installations/st/stm32cubeide_1.4.0/stm32cubeide/plugins/com.st.stm32cube.ide.mcu.externaltools.gnu-tools-for-stm32.7-2018-q2-update.win32_1.4.0.202007081208/tools/bin/../lib/gcc/arm-none-eabi/7.3.1/thumb/v7-m/crti.o
LOAD d:/online_emb_diploma/installations/st/stm32cubeide_1.4.0/stm32cubeide/plugins/com.st.stm32cube.ide.mcu.externaltools.gnu-tools-for-stm32.7-2018-q2-update.win32_1.4.0.202007081208/tools/bin/../lib/gcc/arm-none-eabi/7.3.1/thumb/v7-m/crtbegin.o
LOAD d:/online_emb_diploma/installations/st/stm32cubeide_1.4.0/stm32cubeide/plugins/com.st.stm32cube.ide.mcu.externaltools.gnu-tools-for-stm32.7-2018-q2-update.win32_1.4.0.202007081208/tools/bin/../lib/gcc/arm-none-eabi/7.3.1/../../../../arm-none-eabi/lib/thumb/v7-m/crt0.o
LOAD HAL/I2C_Slave_eeprom.o
LOAD HAL/Servo_Motor.o
LOAD HAL/keypad.o
LOAD HAL/lcd.o
LOAD Src/Gate_Controller.o
LOAD Src/LCD_Controller.o
LOAD Src/LED_COntroller.o
LOAD Src/Park_Controller.o
LOAD Src/main.o
LOAD Src/syscalls.o
LOAD Src/sysmem.o
LOAD Startup/startup_stm32f103c6tx.o
LOAD Stm32f103c6_Drivers/Stm32_F103C6_EXTI_driver.o
LOAD Stm32f103c6_Drivers/Stm32_F103C6_I2C_driver.o
LOAD Stm32f103c6_Drivers/Stm32_F103C6_RCC_driver.o
LOAD Stm32f103c6_Drivers/Stm32_F103C6_SPI_driver.o
LOAD Stm32f103c6_Drivers/Stm32_F103C6_UART_driver.o
LOAD Stm32f103c6_Drivers/Stm32_F103C6_gpio_driver.o
LOAD Stm32f103c6_Drivers/Timer.o
START GROUP
LOAD d:/online_emb_diploma/installations/st/stm32cubeide_1.4.0/stm32cubeide/plugins/com.st.stm32cube.ide.mcu.externaltools.gnu-tools-for-stm32.7-2018-q2-update.win32_1.4.0.202007081208/tools/bin/../lib/gcc/arm-none-eabi/7.3.1/../../../../arm-none-eabi/lib/thumb/v7-m\libc_nano.a
LOAD d:/online_emb_diploma/installations/st/stm32cubeide_1.4.0/stm32cubeide/plugins/com.st.stm32cube.ide.mcu.externaltools.gnu-tools-for-stm32.7-2018-q2-update.win32_1.4.0.202007081208/tools/bin/../lib/gcc/arm-none-eabi/7.3.1/../../../../arm-none-eabi/lib/thumb/v7-m\libm.a
END GROUP
START GROUP
LOAD d:/online_emb_diploma/installations/st/stm32cubeide_1.4.0/stm32cubeide/plugins/com.st.stm32cube.ide.mcu.externaltools.gnu-tools-for-stm32.7-2018-q2-update.win32_1.4.0.202007081208/tools/bin/../lib/gcc/arm-none-eabi/7.3.1/thumb/v7-m\libgcc.a
LOAD d:/online_emb_diploma/installations/st/stm32cubeide_1.4.0/stm32cubeide/plugins/com.st.stm32cube.ide.mcu.externaltools.gnu-tools-for-stm32.7-2018-q2-update.win32_1.4.0.202007081208/tools/bin/../lib/gcc/arm-none-eabi/7.3.1/../../../../arm-none-eabi/lib/thumb/v7-m\libg_nano.a
LOAD d:/online_emb_diploma/installations/st/stm32cubeide_1.4.0/stm32cubeide/plugins/com.st.stm32cube.ide.mcu.externaltools.gnu-tools-for-stm32.7-2018-q2-update.win32_1.4.0.202007081208/tools/bin/../lib/gcc/arm-none-eabi/7.3.1/../../../../arm-none-eabi/lib/thumb/v7-m\libc_nano.a
END GROUP
START GROUP
LOAD d:/online_emb_diploma/installations/st/stm32cubeide_1.4.0/stm32cubeide/plugins/com.st.stm32cube.ide.mcu.externaltools.gnu-tools-for-stm32.7-2018-q2-update.win32_1.4.0.202007081208/tools/bin/../lib/gcc/arm-none-eabi/7.3.1/thumb/v7-m\libgcc.a
LOAD d:/online_emb_diploma/installations/st/stm32cubeide_1.4.0/stm32cubeide/plugins/com.st.stm32cube.ide.mcu.externaltools.gnu-tools-for-stm32.7-2018-q2-update.win32_1.4.0.202007081208/tools/bin/../lib/gcc/arm-none-eabi/7.3.1/../../../../arm-none-eabi/lib/thumb/v7-m\libc_nano.a
LOAD d:/online_emb_diploma/installations/st/stm32cubeide_1.4.0/stm32cubeide/plugins/com.st.stm32cube.ide.mcu.externaltools.gnu-tools-for-stm32.7-2018-q2-update.win32_1.4.0.202007081208/tools/bin/../lib/gcc/arm-none-eabi/7.3.1/../../../../arm-none-eabi/lib/thumb/v7-m\libnosys.a
END GROUP
START GROUP
LOAD d:/online_emb_diploma/installations/st/stm32cubeide_1.4.0/stm32cubeide/plugins/com.st.stm32cube.ide.mcu.externaltools.gnu-tools-for-stm32.7-2018-q2-update.win32_1.4.0.202007081208/tools/bin/../lib/gcc/arm-none-eabi/7.3.1/thumb/v7-m\libgcc.a
LOAD d:/online_emb_diploma/installations/st/stm32cubeide_1.4.0/stm32cubeide/plugins/com.st.stm32cube.ide.mcu.externaltools.gnu-tools-for-stm32.7-2018-q2-update.win32_1.4.0.202007081208/tools/bin/../lib/gcc/arm-none-eabi/7.3.1/../../../../arm-none-eabi/lib/thumb/v7-m\libc_nano.a
LOAD d:/online_emb_diploma/installations/st/stm32cubeide_1.4.0/stm32cubeide/plugins/com.st.stm32cube.ide.mcu.externaltools.gnu-tools-for-stm32.7-2018-q2-update.win32_1.4.0.202007081208/tools/bin/../lib/gcc/arm-none-eabi/7.3.1/../../../../arm-none-eabi/lib/thumb/v7-m\libnosys.a
END GROUP
LOAD d:/online_emb_diploma/installations/st/stm32cubeide_1.4.0/stm32cubeide/plugins/com.st.stm32cube.ide.mcu.externaltools.gnu-tools-for-stm32.7-2018-q2-update.win32_1.4.0.202007081208/tools/bin/../lib/gcc/arm-none-eabi/7.3.1/thumb/v7-m/crtend.o
LOAD d:/online_emb_diploma/installations/st/stm32cubeide_1.4.0/stm32cubeide/plugins/com.st.stm32cube.ide.mcu.externaltools.gnu-tools-for-stm32.7-2018-q2-update.win32_1.4.0.202007081208/tools/bin/../lib/gcc/arm-none-eabi/7.3.1/thumb/v7-m/crtn.o
                0x0000000020002800                _estack = (ORIGIN (RAM) + LENGTH (RAM))
                0x0000000000000200                _Min_Heap_Size = 0x200
                0x0000000000000400                _Min_Stack_Size = 0x400

.isr_vector     0x0000000008000000      0x130
                0x0000000008000000                . = ALIGN (0x4)
 *(.isr_vector)
 .isr_vector    0x0000000008000000      0x130 Startup/startup_stm32f103c6tx.o
                0x0000000008000000                g_pfnVectors
                0x0000000008000130                . = ALIGN (0x4)

.text           0x0000000008000130     0x1fac
                0x0000000008000130                . = ALIGN (0x4)
 *(.text)
 .text          0x0000000008000130       0x40 d:/online_emb_diploma/installations/st/stm32cubeide_1.4.0/stm32cubeide/plugins/com.st.stm32cube.ide.mcu.externaltools.gnu-tools-for-stm32.7-2018-q2-update.win32_1.4.0.202007081208/tools/bin/../lib/gcc/arm-none-eabi/7.3.1/thumb/v7-m/crtbegin.o
 *(.text*)
 .text.Servo1_Entry_Gate_Init
                0x0000000008000170       0x24 HAL/Servo_Motor.o
                0x0000000008000170                Servo1_Entry_Gate_Init
 .text.Servo1_Entry_Gate
                0x0000000008000194       0x5c HAL/Servo_Motor.o
                0x0000000008000194                Servo1_Entry_Gate
 .text.Servo2_Exit_Gate_Init
                0x00000000080001f0       0x24 HAL/Servo_Motor.o
                0x00000000080001f0                Servo2_Exit_Gate_Init
 .text.Servo2_Exit_Gate
                0x0000000008000214       0x5c HAL/Servo_Motor.o
                0x0000000008000214                Servo2_Exit_Gate
 .text.delay_mss
                0x0000000008000270       0x38 HAL/keypad.o
                0x0000000008000270                delay_mss
 .text.Keypad_init
                0x00000000080002a8       0x90 HAL/keypad.o
                0x00000000080002a8                Keypad_init
 .text.Keypad_getkey
                0x0000000008000338      0x1f0 HAL/keypad.o
                0x0000000008000338                Keypad_getkey
 .text.delay_ms
                0x0000000008000528       0x38 HAL/lcd.o
                0x0000000008000528                delay_ms
 .text.LCD_INIT
                0x0000000008000560      0x178 HAL/lcd.o
                0x0000000008000560                LCD_INIT
 .text.LCD_clear_screen
                0x00000000080006d8       0x1c HAL/lcd.o
                0x00000000080006d8                LCD_clear_screen
 .text.LCD_lcd_kick
                0x00000000080006f4       0x6c HAL/lcd.o
                0x00000000080006f4                LCD_lcd_kick
 .text.LCD_GOTO_XY
                0x0000000008000760       0x52 HAL/lcd.o
                0x0000000008000760                LCD_GOTO_XY
 *fill*         0x00000000080007b2        0x2 
 .text.LCD_WRITE_COMMAND
                0x00000000080007b4      0x260 HAL/lcd.o
                0x00000000080007b4                LCD_WRITE_COMMAND
 .text.LCD_WRITE_CHAR
                0x0000000008000a14      0x260 HAL/lcd.o
                0x0000000008000a14                LCD_WRITE_CHAR
 .text.LCD_WRITE_STRING
                0x0000000008000c74       0x6c HAL/lcd.o
                0x0000000008000c74                LCD_WRITE_STRING
 .text.Gates_Idle
                0x0000000008000ce0       0x1c Src/Gate_Controller.o
                0x0000000008000ce0                Gates_Idle
 .text.Gate1_Letting
                0x0000000008000cfc       0x5c Src/Gate_Controller.o
                0x0000000008000cfc                Gate1_Letting
 .text.Gate2_Letting
                0x0000000008000d58       0x5c Src/Gate_Controller.o
                0x0000000008000d58                Gate2_Letting
 .text.RFIDs_Init
                0x0000000008000db4       0x88 Src/Gate_Controller.o
                0x0000000008000db4                RFIDs_Init
 .text.RFID_CARD_Enter_CallBack
                0x0000000008000e3c       0x34 Src/Gate_Controller.o
                0x0000000008000e3c                RFID_CARD_Enter_CallBack
 .text.RFID_CARD_EXIT_CallBack
                0x0000000008000e70       0x34 Src/Gate_Controller.o
                0x0000000008000e70                RFID_CARD_EXIT_CallBack
 .text.PIRs_Iint
                0x0000000008000ea4       0x4c Src/Gate_Controller.o
                0x0000000008000ea4                PIRs_Iint
 .text.LCD_Welcome
                0x0000000008000ef0       0x3c Src/LCD_Controller.o
                0x0000000008000ef0                LCD_Welcome
 .text.LCD_Display_Empty_Slots
                0x0000000008000f2c       0x5c Src/LCD_Controller.o
                0x0000000008000f2c                LCD_Display_Empty_Slots
 .text.LCD_Full_Parking
                0x0000000008000f88       0x30 Src/LCD_Controller.o
                0x0000000008000f88                LCD_Full_Parking
 .text.LCD_Farewell
                0x0000000008000fb8       0x30 Src/LCD_Controller.o
                0x0000000008000fb8                LCD_Farewell
 .text.LCD_Idle
                0x0000000008000fe8       0x1c Src/LCD_Controller.o
                0x0000000008000fe8                LCD_Idle
 .text.LCD_Rejected
                0x0000000008001004       0x3c Src/LCD_Controller.o
                0x0000000008001004                LCD_Rejected
 .text.LCDS_init
                0x0000000008001040       0xec Src/LCD_Controller.o
                0x0000000008001040                LCDS_init
 .text.LED_Red_On
                0x000000000800112c       0x30 Src/LED_COntroller.o
                0x000000000800112c                LED_Red_On
 .text.LED_Green_On
                0x000000000800115c       0x18 Src/LED_COntroller.o
                0x000000000800115c                LED_Green_On
 .text.LED_Green_Off
                0x0000000008001174       0x24 Src/LED_COntroller.o
                0x0000000008001174                LED_Green_Off
 .text.LED_Red_Off
                0x0000000008001198       0x24 Src/LED_COntroller.o
                0x0000000008001198                LED_Red_Off
 .text.LED_Idle
                0x00000000080011bc       0x1c Src/LED_COntroller.o
                0x00000000080011bc                LED_Idle
 .text.LEDs_Init
                0x00000000080011d8       0x38 Src/LED_COntroller.o
                0x00000000080011d8                LEDs_Init
 .text.Park_Idle
                0x0000000008001210       0x1c Src/Park_Controller.o
                0x0000000008001210                Park_Idle
 .text.Park_Process_EntryGate
                0x000000000800122c       0xd0 Src/Park_Controller.o
                0x000000000800122c                Park_Process_EntryGate
 .text.Park_Process_ExitGate
                0x00000000080012fc       0xcc Src/Park_Controller.o
                0x00000000080012fc                Park_Process_ExitGate
 .text.Store_IDs_From_Admin
                0x00000000080013c8      0x148 Src/Park_Controller.o
                0x00000000080013c8                Store_IDs_From_Admin
 .text.Clock_Init
                0x0000000008001510       0x34 Src/main.o
                0x0000000008001510                Clock_Init
 .text.HW_Init  0x0000000008001544       0x60 Src/main.o
                0x0000000008001544                HW_Init
 .text.main     0x00000000080015a4       0x54 Src/main.o
                0x00000000080015a4                main
 .text.Reset_Handler
                0x00000000080015f8       0x50 Startup/startup_stm32f103c6tx.o
                0x00000000080015f8                Reset_Handler
 .text.Default_Handler
                0x0000000008001648        0x2 Startup/startup_stm32f103c6tx.o
                0x0000000008001648                TIM8_TRG_COM_IRQHandler
                0x0000000008001648                TIM8_CC_IRQHandler
                0x0000000008001648                DebugMon_Handler
                0x0000000008001648                TIM1_CC_IRQHandler
                0x0000000008001648                HardFault_Handler
                0x0000000008001648                TIM6_IRQHandler
                0x0000000008001648                SysTick_Handler
                0x0000000008001648                PVD_IRQHandler
                0x0000000008001648                SDIO_IRQHandler
                0x0000000008001648                PendSV_Handler
                0x0000000008001648                NMI_Handler
                0x0000000008001648                USB_HP_CAN_TX_IRQHandler
                0x0000000008001648                I2C2_EV_IRQHandler
                0x0000000008001648                UsageFault_Handler
                0x0000000008001648                ADC1_2_IRQHandler
                0x0000000008001648                CAN_SCE_IRQHandler
                0x0000000008001648                TAMPER_IRQHandler
                0x0000000008001648                TIM8_UP_IRQHandler
                0x0000000008001648                DMA2_Channel2_IRQHandler
                0x0000000008001648                DMA1_Channel4_IRQHandler
                0x0000000008001648                RTC_IRQHandler
                0x0000000008001648                DMA1_Channel7_IRQHandler
                0x0000000008001648                UART5_IRQHandler
                0x0000000008001648                ADC3_IRQHandler
                0x0000000008001648                TIM4_IRQHandler
                0x0000000008001648                CAN_RX1_IRQHandler
                0x0000000008001648                DMA2_Channel1_IRQHandler
                0x0000000008001648                I2C1_EV_IRQHandler
                0x0000000008001648                DMA1_Channel6_IRQHandler
                0x0000000008001648                UART4_IRQHandler
                0x0000000008001648                TIM3_IRQHandler
                0x0000000008001648                RCC_IRQHandler
                0x0000000008001648                TIM1_TRG_COM_IRQHandler
                0x0000000008001648                DMA1_Channel1_IRQHandler
                0x0000000008001648                Default_Handler
                0x0000000008001648                TIM7_IRQHandler
                0x0000000008001648                TIM5_IRQHandler
                0x0000000008001648                USB_LP_CAN_RX0_IRQHandler
                0x0000000008001648                MemManage_Handler
                0x0000000008001648                SVC_Handler
                0x0000000008001648                DMA1_Channel5_IRQHandler
                0x0000000008001648                DMA1_Channel3_IRQHandler
                0x0000000008001648                FSMC_IRQHandler
                0x0000000008001648                TIM1_UP_IRQHandler
                0x0000000008001648                WWDG_IRQHandler
                0x0000000008001648                TIM2_IRQHandler
                0x0000000008001648                TIM1_BRK_IRQHandler
                0x0000000008001648                RTCAlarm_IRQHandler
                0x0000000008001648                DMA2_Channel4_5_IRQHandler
                0x0000000008001648                I2C2_ER_IRQHandler
                0x0000000008001648                DMA1_Channel2_IRQHandler
                0x0000000008001648                TIM8_BRK_IRQHandler
                0x0000000008001648                FLASH_IRQHandler
                0x0000000008001648                BusFault_Handler
                0x0000000008001648                SPI3_IRQHandler
                0x0000000008001648                I2C1_ER_IRQHandler
                0x0000000008001648                DMA2_Channel3_IRQHandler
 *fill*         0x000000000800164a        0x2 
 .text.EXTI0_IRQHandler
                0x000000000800164c       0x24 Stm32f103c6_Drivers/Stm32_F103C6_EXTI_driver.o
                0x000000000800164c                EXTI0_IRQHandler
 .text.EXTI1_IRQHandler
                0x0000000008001670       0x24 Stm32f103c6_Drivers/Stm32_F103C6_EXTI_driver.o
                0x0000000008001670                EXTI1_IRQHandler
 .text.EXTI2_IRQHandler
                0x0000000008001694       0x24 Stm32f103c6_Drivers/Stm32_F103C6_EXTI_driver.o
                0x0000000008001694                EXTI2_IRQHandler
 .text.EXTI3_IRQHandler
                0x00000000080016b8       0x24 Stm32f103c6_Drivers/Stm32_F103C6_EXTI_driver.o
                0x00000000080016b8                EXTI3_IRQHandler
 .text.EXTI4_IRQHandler
                0x00000000080016dc       0x24 Stm32f103c6_Drivers/Stm32_F103C6_EXTI_driver.o
                0x00000000080016dc                EXTI4_IRQHandler
 .text.EXTI9_5_IRQHandler
                0x0000000008001700       0xa8 Stm32f103c6_Drivers/Stm32_F103C6_EXTI_driver.o
                0x0000000008001700                EXTI9_5_IRQHandler
 .text.EXTI15_10_IRQHandler
                0x00000000080017a8       0xc4 Stm32f103c6_Drivers/Stm32_F103C6_EXTI_driver.o
                0x00000000080017a8                EXTI15_10_IRQHandler
 .text.MCAL_RCC_GetSYS_CLK
                0x000000000800186c      0x114 Stm32f103c6_Drivers/Stm32_F103C6_RCC_driver.o
                0x000000000800186c                MCAL_RCC_GetSYS_CLK
 .text.MCAL_RCC_GetHCLK
                0x0000000008001980       0x34 Stm32f103c6_Drivers/Stm32_F103C6_RCC_driver.o
                0x0000000008001980                MCAL_RCC_GetHCLK
 .text.MCAL_RCC_GetPCLK1
                0x00000000080019b4       0x28 Stm32f103c6_Drivers/Stm32_F103C6_RCC_driver.o
                0x00000000080019b4                MCAL_RCC_GetPCLK1
 .text.MCAL_RCC_GetPCLK2
                0x00000000080019dc       0x28 Stm32f103c6_Drivers/Stm32_F103C6_RCC_driver.o
                0x00000000080019dc                MCAL_RCC_GetPCLK2
 .text.SPI1_IRQHandler
                0x0000000008001a04       0x58 Stm32f103c6_Drivers/Stm32_F103C6_SPI_driver.o
                0x0000000008001a04                SPI1_IRQHandler
 .text.SPI2_IRQHandler
                0x0000000008001a5c       0x58 Stm32f103c6_Drivers/Stm32_F103C6_SPI_driver.o
                0x0000000008001a5c                SPI2_IRQHandler
 .text.MCAL_USART_Init
                0x0000000008001ab4      0x1d4 Stm32f103c6_Drivers/Stm32_F103C6_UART_driver.o
                0x0000000008001ab4                MCAL_USART_Init
 .text.MCAL_USART_SetPins
                0x0000000008001c88       0xc4 Stm32f103c6_Drivers/Stm32_F103C6_UART_driver.o
                0x0000000008001c88                MCAL_USART_SetPins
 .text.MCAL_USART_Send
                0x0000000008001d4c       0x7c Stm32f103c6_Drivers/Stm32_F103C6_UART_driver.o
                0x0000000008001d4c                MCAL_USART_Send
 .text.MCAL_USART_Recieve
                0x0000000008001dc8       0x9c Stm32f103c6_Drivers/Stm32_F103C6_UART_driver.o
                0x0000000008001dc8                MCAL_USART_Recieve
 .text.USART1_IRQHandler
                0x0000000008001e64       0x14 Stm32f103c6_Drivers/Stm32_F103C6_UART_driver.o
                0x0000000008001e64                USART1_IRQHandler
 .text.USART2_IRQHandler
                0x0000000008001e78       0x14 Stm32f103c6_Drivers/Stm32_F103C6_UART_driver.o
                0x0000000008001e78                USART2_IRQHandler
 .text.USART3_IRQHandler
                0x0000000008001e8c       0x14 Stm32f103c6_Drivers/Stm32_F103C6_UART_driver.o
                0x0000000008001e8c                USART3_IRQHandler
 .text.MCAL_GPIO_Init
                0x0000000008001ea0       0xa4 Stm32f103c6_Drivers/Stm32_F103C6_gpio_driver.o
                0x0000000008001ea0                MCAL_GPIO_Init
 .text.MCAL_GPIO_ReadPIN
                0x0000000008001f44       0x2a Stm32f103c6_Drivers/Stm32_F103C6_gpio_driver.o
                0x0000000008001f44                MCAL_GPIO_ReadPIN
 .text.MCAL_GPIO_ReadPort
                0x0000000008001f6e       0x18 Stm32f103c6_Drivers/Stm32_F103C6_gpio_driver.o
                0x0000000008001f6e                MCAL_GPIO_ReadPort
 .text.MCAL_GPIO_WritePort
                0x0000000008001f86       0x1c Stm32f103c6_Drivers/Stm32_F103C6_gpio_driver.o
                0x0000000008001f86                MCAL_GPIO_WritePort
 .text.MCAL_GPIO_WritePin
                0x0000000008001fa2       0x48 Stm32f103c6_Drivers/Stm32_F103C6_gpio_driver.o
                0x0000000008001fa2                MCAL_GPIO_WritePin
 *fill*         0x0000000008001fea        0x2 
 .text.Timer2_init
                0x0000000008001fec       0x50 Stm32f103c6_Drivers/Timer.o
                0x0000000008001fec                Timer2_init
 .text.dus      0x000000000800203c       0x28 Stm32f103c6_Drivers/Timer.o
                0x000000000800203c                dus
 .text.__libc_init_array
                0x0000000008002064       0x48 d:/online_emb_diploma/installations/st/stm32cubeide_1.4.0/stm32cubeide/plugins/com.st.stm32cube.ide.mcu.externaltools.gnu-tools-for-stm32.7-2018-q2-update.win32_1.4.0.202007081208/tools/bin/../lib/gcc/arm-none-eabi/7.3.1/../../../../arm-none-eabi/lib/thumb/v7-m\libc_nano.a(lib_a-init.o)
                0x0000000008002064                __libc_init_array
 .text.memcpy   0x00000000080020ac       0x16 d:/online_emb_diploma/installations/st/stm32cubeide_1.4.0/stm32cubeide/plugins/com.st.stm32cube.ide.mcu.externaltools.gnu-tools-for-stm32.7-2018-q2-update.win32_1.4.0.202007081208/tools/bin/../lib/gcc/arm-none-eabi/7.3.1/../../../../arm-none-eabi/lib/thumb/v7-m\libc_nano.a(lib_a-memcpy-stub.o)
                0x00000000080020ac                memcpy
 *(.glue_7)
 .glue_7        0x00000000080020c2        0x0 linker stubs
 *(.glue_7t)
 .glue_7t       0x00000000080020c2        0x0 linker stubs
 *(.eh_frame)
 *fill*         0x00000000080020c2        0x2 
 .eh_frame      0x00000000080020c4        0x0 d:/online_emb_diploma/installations/st/stm32cubeide_1.4.0/stm32cubeide/plugins/com.st.stm32cube.ide.mcu.externaltools.gnu-tools-for-stm32.7-2018-q2-update.win32_1.4.0.202007081208/tools/bin/../lib/gcc/arm-none-eabi/7.3.1/thumb/v7-m/crtbegin.o
 *(.init)
 .init          0x00000000080020c4        0x4 d:/online_emb_diploma/installations/st/stm32cubeide_1.4.0/stm32cubeide/plugins/com.st.stm32cube.ide.mcu.externaltools.gnu-tools-for-stm32.7-2018-q2-update.win32_1.4.0.202007081208/tools/bin/../lib/gcc/arm-none-eabi/7.3.1/thumb/v7-m/crti.o
                0x00000000080020c4                _init
 .init          0x00000000080020c8        0x8 d:/online_emb_diploma/installations/st/stm32cubeide_1.4.0/stm32cubeide/plugins/com.st.stm32cube.ide.mcu.externaltools.gnu-tools-for-stm32.7-2018-q2-update.win32_1.4.0.202007081208/tools/bin/../lib/gcc/arm-none-eabi/7.3.1/thumb/v7-m/crtn.o
 *(.fini)
 .fini          0x00000000080020d0        0x4 d:/online_emb_diploma/installations/st/stm32cubeide_1.4.0/stm32cubeide/plugins/com.st.stm32cube.ide.mcu.externaltools.gnu-tools-for-stm32.7-2018-q2-update.win32_1.4.0.202007081208/tools/bin/../lib/gcc/arm-none-eabi/7.3.1/thumb/v7-m/crti.o
                0x00000000080020d0                _fini
 .fini          0x00000000080020d4        0x8 d:/online_emb_diploma/installations/st/stm32cubeide_1.4.0/stm32cubeide/plugins/com.st.stm32cube.ide.mcu.externaltools.gnu-tools-for-stm32.7-2018-q2-update.win32_1.4.0.202007081208/tools/bin/../lib/gcc/arm-none-eabi/7.3.1/thumb/v7-m/crtn.o
                0x00000000080020dc                . = ALIGN (0x4)
                0x00000000080020dc                _etext = .

.vfp11_veneer   0x00000000080020dc        0x0
 .vfp11_veneer  0x00000000080020dc        0x0 linker stubs

.v4_bx          0x00000000080020dc        0x0
 .v4_bx         0x00000000080020dc        0x0 linker stubs

.iplt           0x00000000080020dc        0x0
 .iplt          0x00000000080020dc        0x0 d:/online_emb_diploma/installations/st/stm32cubeide_1.4.0/stm32cubeide/plugins/com.st.stm32cube.ide.mcu.externaltools.gnu-tools-for-stm32.7-2018-q2-update.win32_1.4.0.202007081208/tools/bin/../lib/gcc/arm-none-eabi/7.3.1/thumb/v7-m/crtbegin.o

.rodata         0x00000000080020dc       0x90
                0x00000000080020dc                . = ALIGN (0x4)
 *(.rodata)
 .rodata        0x00000000080020dc       0x53 Src/LCD_Controller.o
 *fill*         0x000000000800212f        0x1 
 .rodata        0x0000000008002130       0x21 Src/Park_Controller.o
 *(.rodata*)
 *fill*         0x0000000008002151        0x3 
 .rodata.APBprescTable
                0x0000000008002154        0x8 Stm32f103c6_Drivers/Stm32_F103C6_RCC_driver.o
                0x0000000008002154                APBprescTable
 .rodata.AHBprescTable
                0x000000000800215c       0x10 Stm32f103c6_Drivers/Stm32_F103C6_RCC_driver.o
                0x000000000800215c                AHBprescTable
                0x000000000800216c                . = ALIGN (0x4)

.rel.dyn        0x000000000800216c        0x0
 .rel.iplt      0x000000000800216c        0x0 d:/online_emb_diploma/installations/st/stm32cubeide_1.4.0/stm32cubeide/plugins/com.st.stm32cube.ide.mcu.externaltools.gnu-tools-for-stm32.7-2018-q2-update.win32_1.4.0.202007081208/tools/bin/../lib/gcc/arm-none-eabi/7.3.1/thumb/v7-m/crtbegin.o

.ARM.extab      0x000000000800216c        0x0
                0x000000000800216c                . = ALIGN (0x4)
 *(.ARM.extab* .gnu.linkonce.armextab.*)
                0x000000000800216c                . = ALIGN (0x4)

.ARM            0x000000000800216c        0x0
                0x000000000800216c                . = ALIGN (0x4)
                0x000000000800216c                __exidx_start = .
 *(.ARM.exidx*)
                0x000000000800216c                __exidx_end = .
                0x000000000800216c                . = ALIGN (0x4)

.preinit_array  0x000000000800216c        0x0
                0x000000000800216c                . = ALIGN (0x4)
                0x000000000800216c                PROVIDE (__preinit_array_start = .)
 *(.preinit_array*)
                0x000000000800216c                PROVIDE (__preinit_array_end = .)
                0x000000000800216c                . = ALIGN (0x4)

.init_array     0x000000000800216c        0x4
                0x000000000800216c                . = ALIGN (0x4)
                0x000000000800216c                PROVIDE (__init_array_start = .)
 *(SORT_BY_NAME(.init_array.*))
 *(.init_array*)
 .init_array    0x000000000800216c        0x4 d:/online_emb_diploma/installations/st/stm32cubeide_1.4.0/stm32cubeide/plugins/com.st.stm32cube.ide.mcu.externaltools.gnu-tools-for-stm32.7-2018-q2-update.win32_1.4.0.202007081208/tools/bin/../lib/gcc/arm-none-eabi/7.3.1/thumb/v7-m/crtbegin.o
                0x0000000008002170                PROVIDE (__init_array_end = .)
                0x0000000008002170                . = ALIGN (0x4)

.fini_array     0x0000000008002170        0x4
                0x0000000008002170                . = ALIGN (0x4)
                [!provide]                        PROVIDE (__fini_array_start = .)
 *(SORT_BY_NAME(.fini_array.*))
 *(.fini_array*)
 .fini_array    0x0000000008002170        0x4 d:/online_emb_diploma/installations/st/stm32cubeide_1.4.0/stm32cubeide/plugins/com.st.stm32cube.ide.mcu.externaltools.gnu-tools-for-stm32.7-2018-q2-update.win32_1.4.0.202007081208/tools/bin/../lib/gcc/arm-none-eabi/7.3.1/thumb/v7-m/crtbegin.o
                [!provide]                        PROVIDE (__fini_array_end = .)
                0x0000000008002174                . = ALIGN (0x4)
                0x0000000008002174                _sidata = LOADADDR (.data)

.data           0x0000000020000000        0x4 load address 0x0000000008002174
                0x0000000020000000                . = ALIGN (0x4)
                0x0000000020000000                _sdata = .
 *(.data)
 *(.data*)
 .data.Available_Slots
                0x0000000020000000        0x1 Src/Park_Controller.o
                0x0000000020000000                Available_Slots
                0x0000000020000004                . = ALIGN (0x4)
 *fill*         0x0000000020000001        0x3 
                0x0000000020000004                _edata = .

.igot.plt       0x0000000020000004        0x0 load address 0x0000000008002178
 .igot.plt      0x0000000020000004        0x0 d:/online_emb_diploma/installations/st/stm32cubeide_1.4.0/stm32cubeide/plugins/com.st.stm32cube.ide.mcu.externaltools.gnu-tools-for-stm32.7-2018-q2-update.win32_1.4.0.202007081208/tools/bin/../lib/gcc/arm-none-eabi/7.3.1/thumb/v7-m/crtbegin.o
                0x0000000020000004                . = ALIGN (0x4)

.bss            0x0000000020000004      0x350 load address 0x0000000008002178
                0x0000000020000004                _sbss = .
                0x0000000020000004                __bss_start__ = _sbss
 *(.bss)
 .bss           0x0000000020000004       0x1c d:/online_emb_diploma/installations/st/stm32cubeide_1.4.0/stm32cubeide/plugins/com.st.stm32cube.ide.mcu.externaltools.gnu-tools-for-stm32.7-2018-q2-update.win32_1.4.0.202007081208/tools/bin/../lib/gcc/arm-none-eabi/7.3.1/thumb/v7-m/crtbegin.o
 *(.bss*)
 .bss.data_size
                0x0000000020000020        0x1 HAL/lcd.o
                0x0000000020000020                data_size
 *fill*         0x0000000020000021        0x3 
 .bss.pass      0x0000000020000024        0x3 Src/Park_Controller.o
                0x0000000020000024                pass
 .bss.Search_Done
                0x0000000020000027        0x1 Src/Park_Controller.o
                0x0000000020000027                Search_Done
 .bss.i.5020    0x0000000020000028        0x1 Src/Park_Controller.o
 *fill*         0x0000000020000029        0x3 
 .bss.Global_SPI_Config
                0x000000002000002c        0x8 Stm32f103c6_Drivers/Stm32_F103C6_SPI_driver.o
                0x000000002000002c                Global_SPI_Config
 *(COMMON)
 COMMON         0x0000000020000034      0x1ce HAL/lcd.o
                0x0000000020000034                LCD_CONFIG
                0x0000000020000200                PinCfg
 *fill*         0x0000000020000202        0x2 
 COMMON         0x0000000020000204        0x8 Src/Gate_Controller.o
                0x0000000020000204                Gate_Status
                0x0000000020000208                RFID_CARD_Enter
                0x000000002000020a                RFID_CARD_EXIT
 COMMON         0x000000002000020c       0xbc Src/LCD_Controller.o
                0x000000002000020c                LCD1_Status
                0x0000000020000210                LCD0
                0x000000002000026c                LCD1
 COMMON         0x00000000200002c8        0x4 Src/LED_COntroller.o
                0x00000000200002c8                LED_Status
 COMMON         0x00000000200002cc        0x4 Src/Park_Controller.o
                0x00000000200002cc                Park_Status
 COMMON         0x00000000200002d0       0x3c Stm32f103c6_Drivers/Stm32_F103C6_EXTI_driver.o
                0x00000000200002d0                GP_CallBack
 COMMON         0x000000002000030c       0x48 Stm32f103c6_Drivers/Stm32_F103C6_UART_driver.o
                0x000000002000030c                Global_UART1_Config
                0x0000000020000310                Global_UART_Config
                0x000000002000034c                Global_UART2_Config
                0x0000000020000350                Global_UART3_Config
                0x0000000020000354                . = ALIGN (0x4)
                0x0000000020000354                _ebss = .
                0x0000000020000354                __bss_end__ = _ebss

._user_heap_stack
                0x0000000020000354      0x604 load address 0x0000000008002178
                0x0000000020000358                . = ALIGN (0x8)
 *fill*         0x0000000020000354        0x4 
                [!provide]                        PROVIDE (end = .)
                0x0000000020000358                PROVIDE (_end = .)
                0x0000000020000558                . = (. + _Min_Heap_Size)
 *fill*         0x0000000020000358      0x200 
                0x0000000020000958                . = (. + _Min_Stack_Size)
 *fill*         0x0000000020000558      0x400 
                0x0000000020000958                . = ALIGN (0x8)

/DISCARD/
 libc.a(*)
 libm.a(*)
 libgcc.a(*)

.ARM.attributes
                0x0000000000000000       0x29
 *(.ARM.attributes)
 .ARM.attributes
                0x0000000000000000       0x1d d:/online_emb_diploma/installations/st/stm32cubeide_1.4.0/stm32cubeide/plugins/com.st.stm32cube.ide.mcu.externaltools.gnu-tools-for-stm32.7-2018-q2-update.win32_1.4.0.202007081208/tools/bin/../lib/gcc/arm-none-eabi/7.3.1/thumb/v7-m/crti.o
 .ARM.attributes
                0x000000000000001d       0x2d d:/online_emb_diploma/installations/st/stm32cubeide_1.4.0/stm32cubeide/plugins/com.st.stm32cube.ide.mcu.externaltools.gnu-tools-for-stm32.7-2018-q2-update.win32_1.4.0.202007081208/tools/bin/../lib/gcc/arm-none-eabi/7.3.1/thumb/v7-m/crtbegin.o
 .ARM.attributes
                0x000000000000004a       0x33 HAL/Servo_Motor.o
 .ARM.attributes
                0x000000000000007d       0x33 HAL/keypad.o
 .ARM.attributes
                0x00000000000000b0       0x33 HAL/lcd.o
 .ARM.attributes
                0x00000000000000e3       0x33 Src/Gate_Controller.o
 .ARM.attributes
                0x0000000000000116       0x33 Src/LCD_Controller.o
 .ARM.attributes
                0x0000000000000149       0x33 Src/LED_COntroller.o
 .ARM.attributes
                0x000000000000017c       0x33 Src/Park_Controller.o
 .ARM.attributes
                0x00000000000001af       0x33 Src/main.o
 .ARM.attributes
                0x00000000000001e2       0x21 Startup/startup_stm32f103c6tx.o
 .ARM.attributes
                0x0000000000000203       0x33 Stm32f103c6_Drivers/Stm32_F103C6_EXTI_driver.o
 .ARM.attributes
                0x0000000000000236       0x33 Stm32f103c6_Drivers/Stm32_F103C6_RCC_driver.o
 .ARM.attributes
                0x0000000000000269       0x33 Stm32f103c6_Drivers/Stm32_F103C6_SPI_driver.o
 .ARM.attributes
                0x000000000000029c       0x33 Stm32f103c6_Drivers/Stm32_F103C6_UART_driver.o
 .ARM.attributes
                0x00000000000002cf       0x33 Stm32f103c6_Drivers/Stm32_F103C6_gpio_driver.o
 .ARM.attributes
                0x0000000000000302       0x33 Stm32f103c6_Drivers/Timer.o
 .ARM.attributes
                0x0000000000000335       0x2d d:/online_emb_diploma/installations/st/stm32cubeide_1.4.0/stm32cubeide/plugins/com.st.stm32cube.ide.mcu.externaltools.gnu-tools-for-stm32.7-2018-q2-update.win32_1.4.0.202007081208/tools/bin/../lib/gcc/arm-none-eabi/7.3.1/../../../../arm-none-eabi/lib/thumb/v7-m\libc_nano.a(lib_a-init.o)
 .ARM.attributes
                0x0000000000000362       0x2d d:/online_emb_diploma/installations/st/stm32cubeide_1.4.0/stm32cubeide/plugins/com.st.stm32cube.ide.mcu.externaltools.gnu-tools-for-stm32.7-2018-q2-update.win32_1.4.0.202007081208/tools/bin/../lib/gcc/arm-none-eabi/7.3.1/../../../../arm-none-eabi/lib/thumb/v7-m\libc_nano.a(lib_a-memcpy-stub.o)
 .ARM.attributes
                0x000000000000038f       0x1d d:/online_emb_diploma/installations/st/stm32cubeide_1.4.0/stm32cubeide/plugins/com.st.stm32cube.ide.mcu.externaltools.gnu-tools-for-stm32.7-2018-q2-update.win32_1.4.0.202007081208/tools/bin/../lib/gcc/arm-none-eabi/7.3.1/thumb/v7-m/crtn.o
OUTPUT(Smart_Parking.elf elf32-littlearm)

.debug_info     0x0000000000000000     0xab9b
 .debug_info    0x0000000000000000      0xb0d HAL/Servo_Motor.o
 .debug_info    0x0000000000000b0d      0xb1d HAL/keypad.o
 .debug_info    0x000000000000162a      0xd58 HAL/lcd.o
 .debug_info    0x0000000000002382      0xcf0 Src/Gate_Controller.o
 .debug_info    0x0000000000003072      0xc50 Src/LCD_Controller.o
 .debug_info    0x0000000000003cc2      0xb23 Src/LED_COntroller.o
 .debug_info    0x00000000000047e5      0xb44 Src/Park_Controller.o
 .debug_info    0x0000000000005329      0xb54 Src/main.o
 .debug_info    0x0000000000005e7d       0x22 Startup/startup_stm32f103c6tx.o
 .debug_info    0x0000000000005e9f      0xda6 Stm32f103c6_Drivers/Stm32_F103C6_EXTI_driver.o
 .debug_info    0x0000000000006c45      0xb1c Stm32f103c6_Drivers/Stm32_F103C6_RCC_driver.o
 .debug_info    0x0000000000007761      0xf45 Stm32f103c6_Drivers/Stm32_F103C6_SPI_driver.o
 .debug_info    0x00000000000086a6      0xea6 Stm32f103c6_Drivers/Stm32_F103C6_UART_driver.o
 .debug_info    0x000000000000954c      0xc49 Stm32f103c6_Drivers/Stm32_F103C6_gpio_driver.o
 .debug_info    0x000000000000a195      0xa06 Stm32f103c6_Drivers/Timer.o

.debug_abbrev   0x0000000000000000     0x1a8e
 .debug_abbrev  0x0000000000000000      0x1af HAL/Servo_Motor.o
 .debug_abbrev  0x00000000000001af      0x1dc HAL/keypad.o
 .debug_abbrev  0x000000000000038b      0x1d5 HAL/lcd.o
 .debug_abbrev  0x0000000000000560      0x1f5 Src/Gate_Controller.o
 .debug_abbrev  0x0000000000000755      0x1b0 Src/LCD_Controller.o
 .debug_abbrev  0x0000000000000905      0x1f1 Src/LED_COntroller.o
 .debug_abbrev  0x0000000000000af6      0x1dd Src/Park_Controller.o
 .debug_abbrev  0x0000000000000cd3      0x1bd Src/main.o
 .debug_abbrev  0x0000000000000e90       0x12 Startup/startup_stm32f103c6tx.o
 .debug_abbrev  0x0000000000000ea2      0x210 Stm32f103c6_Drivers/Stm32_F103C6_EXTI_driver.o
 .debug_abbrev  0x00000000000010b2      0x1c6 Stm32f103c6_Drivers/Stm32_F103C6_RCC_driver.o
 .debug_abbrev  0x0000000000001278      0x278 Stm32f103c6_Drivers/Stm32_F103C6_SPI_driver.o
 .debug_abbrev  0x00000000000014f0      0x23b Stm32f103c6_Drivers/Stm32_F103C6_UART_driver.o
 .debug_abbrev  0x000000000000172b      0x1aa Stm32f103c6_Drivers/Stm32_F103C6_gpio_driver.o
 .debug_abbrev  0x00000000000018d5      0x1b9 Stm32f103c6_Drivers/Timer.o

.debug_loc      0x0000000000000000     0x1808
 .debug_loc     0x0000000000000000      0x140 HAL/Servo_Motor.o
 .debug_loc     0x0000000000000140       0xd8 HAL/keypad.o
 .debug_loc     0x0000000000000218      0x2dc HAL/lcd.o
 .debug_loc     0x00000000000004f4      0x194 Src/Gate_Controller.o
 .debug_loc     0x0000000000000688      0x14c Src/LCD_Controller.o
 .debug_loc     0x00000000000007d4      0x144 Src/LED_COntroller.o
 .debug_loc     0x0000000000000918      0x128 Src/Park_Controller.o
 .debug_loc     0x0000000000000a40       0x9c Src/main.o
 .debug_loc     0x0000000000000adc      0x320 Stm32f103c6_Drivers/Stm32_F103C6_EXTI_driver.o
 .debug_loc     0x0000000000000dfc       0xec Stm32f103c6_Drivers/Stm32_F103C6_RCC_driver.o
 .debug_loc     0x0000000000000ee8      0x2bc Stm32f103c6_Drivers/Stm32_F103C6_SPI_driver.o
 .debug_loc     0x00000000000011a4      0x294 Stm32f103c6_Drivers/Stm32_F103C6_UART_driver.o
 .debug_loc     0x0000000000001438      0x2e0 Stm32f103c6_Drivers/Stm32_F103C6_gpio_driver.o
 .debug_loc     0x0000000000001718       0xf0 Stm32f103c6_Drivers/Timer.o

.debug_aranges  0x0000000000000000      0x438
 .debug_aranges
                0x0000000000000000       0x38 HAL/Servo_Motor.o
 .debug_aranges
                0x0000000000000038       0x30 HAL/keypad.o
 .debug_aranges
                0x0000000000000068       0x60 HAL/lcd.o
 .debug_aranges
                0x00000000000000c8       0x50 Src/Gate_Controller.o
 .debug_aranges
                0x0000000000000118       0x50 Src/LCD_Controller.o
 .debug_aranges
                0x0000000000000168       0x48 Src/LED_COntroller.o
 .debug_aranges
                0x00000000000001b0       0x38 Src/Park_Controller.o
 .debug_aranges
                0x00000000000001e8       0x30 Src/main.o
 .debug_aranges
                0x0000000000000218       0x28 Startup/startup_stm32f103c6tx.o
 .debug_aranges
                0x0000000000000240       0x80 Stm32f103c6_Drivers/Stm32_F103C6_EXTI_driver.o
 .debug_aranges
                0x00000000000002c0       0x38 Stm32f103c6_Drivers/Stm32_F103C6_RCC_driver.o
 .debug_aranges
                0x00000000000002f8       0x58 Stm32f103c6_Drivers/Stm32_F103C6_SPI_driver.o
 .debug_aranges
                0x0000000000000350       0x60 Stm32f103c6_Drivers/Stm32_F103C6_UART_driver.o
 .debug_aranges
                0x00000000000003b0       0x58 Stm32f103c6_Drivers/Stm32_F103C6_gpio_driver.o
 .debug_aranges
                0x0000000000000408       0x30 Stm32f103c6_Drivers/Timer.o

.debug_ranges   0x0000000000000000      0x350
 .debug_ranges  0x0000000000000000       0x28 HAL/Servo_Motor.o
 .debug_ranges  0x0000000000000028       0x20 HAL/keypad.o
 .debug_ranges  0x0000000000000048       0x50 HAL/lcd.o
 .debug_ranges  0x0000000000000098       0x40 Src/Gate_Controller.o
 .debug_ranges  0x00000000000000d8       0x40 Src/LCD_Controller.o
 .debug_ranges  0x0000000000000118       0x38 Src/LED_COntroller.o
 .debug_ranges  0x0000000000000150       0x28 Src/Park_Controller.o
 .debug_ranges  0x0000000000000178       0x20 Src/main.o
 .debug_ranges  0x0000000000000198       0x20 Startup/startup_stm32f103c6tx.o
 .debug_ranges  0x00000000000001b8       0x70 Stm32f103c6_Drivers/Stm32_F103C6_EXTI_driver.o
 .debug_ranges  0x0000000000000228       0x28 Stm32f103c6_Drivers/Stm32_F103C6_RCC_driver.o
 .debug_ranges  0x0000000000000250       0x48 Stm32f103c6_Drivers/Stm32_F103C6_SPI_driver.o
 .debug_ranges  0x0000000000000298       0x50 Stm32f103c6_Drivers/Stm32_F103C6_UART_driver.o
 .debug_ranges  0x00000000000002e8       0x48 Stm32f103c6_Drivers/Stm32_F103C6_gpio_driver.o
 .debug_ranges  0x0000000000000330       0x20 Stm32f103c6_Drivers/Timer.o

.debug_macro    0x0000000000000000     0x2190
 .debug_macro   0x0000000000000000      0x165 HAL/Servo_Motor.o
 .debug_macro   0x0000000000000165       0xd6 HAL/Servo_Motor.o
 .debug_macro   0x000000000000023b       0x40 HAL/Servo_Motor.o
 .debug_macro   0x000000000000027b       0x10 HAL/Servo_Motor.o
 .debug_macro   0x000000000000028b      0x14e HAL/keypad.o
 .debug_macro   0x00000000000003d9       0x40 HAL/keypad.o
 .debug_macro   0x0000000000000419      0x14d HAL/lcd.o
 .debug_macro   0x0000000000000566       0x10 HAL/lcd.o
 .debug_macro   0x0000000000000576       0xac HAL/lcd.o
 .debug_macro   0x0000000000000622      0x1d2 Src/Gate_Controller.o
 .debug_macro   0x00000000000007f4       0x10 Src/Gate_Controller.o
 .debug_macro   0x0000000000000804       0x10 Src/Gate_Controller.o
 .debug_macro   0x0000000000000814       0xe8 Src/Gate_Controller.o
 .debug_macro   0x00000000000008fc       0x46 Src/Gate_Controller.o
 .debug_macro   0x0000000000000942      0x1d2 Src/LCD_Controller.o
 .debug_macro   0x0000000000000b14      0x14f Src/LED_COntroller.o
 .debug_macro   0x0000000000000c63      0x1ce Src/Park_Controller.o
 .debug_macro   0x0000000000000e31      0x1de Src/main.o
 .debug_macro   0x000000000000100f      0x158 Stm32f103c6_Drivers/Stm32_F103C6_EXTI_driver.o
 .debug_macro   0x0000000000001167      0x21a Stm32f103c6_Drivers/Stm32_F103C6_EXTI_driver.o
 .debug_macro   0x0000000000001381      0x149 Stm32f103c6_Drivers/Stm32_F103C6_RCC_driver.o
 .debug_macro   0x00000000000014ca      0x68e Stm32f103c6_Drivers/Stm32_F103C6_RCC_driver.o
 .debug_macro   0x0000000000001b58       0x10 Stm32f103c6_Drivers/Stm32_F103C6_RCC_driver.o
 .debug_macro   0x0000000000001b68      0x16a Stm32f103c6_Drivers/Stm32_F103C6_SPI_driver.o
 .debug_macro   0x0000000000001cd2       0xbe Stm32f103c6_Drivers/Stm32_F103C6_SPI_driver.o
 .debug_macro   0x0000000000001d90      0x163 Stm32f103c6_Drivers/Stm32_F103C6_UART_driver.o
 .debug_macro   0x0000000000001ef3      0x145 Stm32f103c6_Drivers/Stm32_F103C6_gpio_driver.o
 .debug_macro   0x0000000000002038      0x158 Stm32f103c6_Drivers/Timer.o

.debug_line     0x0000000000000000     0x6f79
 .debug_line    0x0000000000000000      0x76f HAL/Servo_Motor.o
 .debug_line    0x000000000000076f      0x7e4 HAL/keypad.o
 .debug_line    0x0000000000000f53      0x8cc HAL/lcd.o
 .debug_line    0x000000000000181f      0x876 Src/Gate_Controller.o
 .debug_line    0x0000000000002095      0x86f Src/LCD_Controller.o
 .debug_line    0x0000000000002904      0x728 Src/LED_COntroller.o
 .debug_line    0x000000000000302c      0x8bc Src/Park_Controller.o
 .debug_line    0x00000000000038e8      0x828 Src/main.o
 .debug_line    0x0000000000004110       0x84 Startup/startup_stm32f103c6tx.o
 .debug_line    0x0000000000004194      0x86f Stm32f103c6_Drivers/Stm32_F103C6_EXTI_driver.o
 .debug_line    0x0000000000004a03      0x722 Stm32f103c6_Drivers/Stm32_F103C6_RCC_driver.o
 .debug_line    0x0000000000005125      0x7de Stm32f103c6_Drivers/Stm32_F103C6_SPI_driver.o
 .debug_line    0x0000000000005903      0x812 Stm32f103c6_Drivers/Stm32_F103C6_UART_driver.o
 .debug_line    0x0000000000006115      0x75d Stm32f103c6_Drivers/Stm32_F103C6_gpio_driver.o
 .debug_line    0x0000000000006872      0x707 Stm32f103c6_Drivers/Timer.o

.debug_str      0x0000000000000000     0xc202
 .debug_str     0x0000000000000000     0x9302 HAL/Servo_Motor.o
                                       0x9560 (size before relaxing)
 .debug_str     0x0000000000009302       0xfa HAL/keypad.o
                                       0x93ea (size before relaxing)
 .debug_str     0x00000000000093fc      0x43d HAL/lcd.o
                                       0x9736 (size before relaxing)
 .debug_str     0x0000000000009839      0x898 Src/Gate_Controller.o
                                       0xa144 (size before relaxing)
 .debug_str     0x000000000000a0d1       0x84 Src/LCD_Controller.o
                                       0xa0fd (size before relaxing)
 .debug_str     0x000000000000a155       0x5d Src/LED_COntroller.o
                                       0x9375 (size before relaxing)
 .debug_str     0x000000000000a1b2       0x76 Src/Park_Controller.o
                                       0xa063 (size before relaxing)
 .debug_str     0x000000000000a228       0x5a Src/main.o
                                       0xa060 (size before relaxing)
 .debug_str     0x000000000000a282       0x31 Startup/startup_stm32f103c6tx.o
                                         0x92 (size before relaxing)
 .debug_str     0x000000000000a2b3     0x1503 Stm32f103c6_Drivers/Stm32_F103C6_EXTI_driver.o
                                       0xa811 (size before relaxing)
 .debug_str     0x000000000000b7b6       0x9b Stm32f103c6_Drivers/Stm32_F103C6_RCC_driver.o
                                       0x90d2 (size before relaxing)
 .debug_str     0x000000000000b851      0x73f Stm32f103c6_Drivers/Stm32_F103C6_SPI_driver.o
                                       0x9a94 (size before relaxing)
 .debug_str     0x000000000000bf90      0x174 Stm32f103c6_Drivers/Stm32_F103C6_UART_driver.o
                                       0x9bfd (size before relaxing)
 .debug_str     0x000000000000c104       0xd3 Stm32f103c6_Drivers/Stm32_F103C6_gpio_driver.o
                                       0x93e5 (size before relaxing)
 .debug_str     0x000000000000c1d7       0x2b Stm32f103c6_Drivers/Timer.o
                                       0x949d (size before relaxing)

.comment        0x0000000000000000       0x7b
 .comment       0x0000000000000000       0x7b HAL/Servo_Motor.o
                                         0x7c (size before relaxing)
 .comment       0x000000000000007b       0x7c HAL/keypad.o
 .comment       0x000000000000007b       0x7c HAL/lcd.o
 .comment       0x000000000000007b       0x7c Src/Gate_Controller.o
 .comment       0x000000000000007b       0x7c Src/LCD_Controller.o
 .comment       0x000000000000007b       0x7c Src/LED_COntroller.o
 .comment       0x000000000000007b       0x7c Src/Park_Controller.o
 .comment       0x000000000000007b       0x7c Src/main.o
 .comment       0x000000000000007b       0x7c Stm32f103c6_Drivers/Stm32_F103C6_EXTI_driver.o
 .comment       0x000000000000007b       0x7c Stm32f103c6_Drivers/Stm32_F103C6_RCC_driver.o
 .comment       0x000000000000007b       0x7c Stm32f103c6_Drivers/Stm32_F103C6_SPI_driver.o
 .comment       0x000000000000007b       0x7c Stm32f103c6_Drivers/Stm32_F103C6_UART_driver.o
 .comment       0x000000000000007b       0x7c Stm32f103c6_Drivers/Stm32_F103C6_gpio_driver.o
 .comment       0x000000000000007b       0x7c Stm32f103c6_Drivers/Timer.o

.debug_frame    0x0000000000000000      0xcf8
 .debug_frame   0x0000000000000000       0xa0 HAL/Servo_Motor.o
 .debug_frame   0x00000000000000a0       0x78 HAL/keypad.o
 .debug_frame   0x0000000000000118      0x160 HAL/lcd.o
 .debug_frame   0x0000000000000278       0xe8 Src/Gate_Controller.o
 .debug_frame   0x0000000000000360       0xd8 Src/LCD_Controller.o
 .debug_frame   0x0000000000000438       0xc4 Src/LED_COntroller.o
 .debug_frame   0x00000000000004fc       0xa0 Src/Park_Controller.o
 .debug_frame   0x000000000000059c       0x68 Src/main.o
 .debug_frame   0x0000000000000604      0x1b0 Stm32f103c6_Drivers/Stm32_F103C6_EXTI_driver.o
 .debug_frame   0x00000000000007b4       0x8c Stm32f103c6_Drivers/Stm32_F103C6_RCC_driver.o
 .debug_frame   0x0000000000000840      0x148 Stm32f103c6_Drivers/Stm32_F103C6_SPI_driver.o
 .debug_frame   0x0000000000000988      0x150 Stm32f103c6_Drivers/Stm32_F103C6_UART_driver.o
 .debug_frame   0x0000000000000ad8      0x150 Stm32f103c6_Drivers/Stm32_F103C6_gpio_driver.o
 .debug_frame   0x0000000000000c28       0x7c Stm32f103c6_Drivers/Timer.o
 .debug_frame   0x0000000000000ca4       0x2c d:/online_emb_diploma/installations/st/stm32cubeide_1.4.0/stm32cubeide/plugins/com.st.stm32cube.ide.mcu.externaltools.gnu-tools-for-stm32.7-2018-q2-update.win32_1.4.0.202007081208/tools/bin/../lib/gcc/arm-none-eabi/7.3.1/../../../../arm-none-eabi/lib/thumb/v7-m\libc_nano.a(lib_a-init.o)
 .debug_frame   0x0000000000000cd0       0x28 d:/online_emb_diploma/installations/st/stm32cubeide_1.4.0/stm32cubeide/plugins/com.st.stm32cube.ide.mcu.externaltools.gnu-tools-for-stm32.7-2018-q2-update.win32_1.4.0.202007081208/tools/bin/../lib/gcc/arm-none-eabi/7.3.1/../../../../arm-none-eabi/lib/thumb/v7-m\libc_nano.a(lib_a-memcpy-stub.o)
