05:31:31 **** Build of configuration Debug for project Drivers ****
make -j4 all 
arm-none-eabi-gcc -mcpu=cortex-m3 -g3 -c -x assembler-with-cpp -MMD -MP -MF"Startup/startup_stm32f103c6tx.d" -MT"Startup/startup_stm32f103c6tx.o" --specs=nano.specs -mfloat-abi=soft -mthumb -o "Startup/startup_stm32f103c6tx.o" "../Startup/startup_stm32f103c6tx.s"
arm-none-eabi-gcc "../Src/main.c" -mcpu=cortex-m3 -std=gnu11 -g3 -DSTM32 -DSTM32F1 -DSTM32F103C6Tx -DDEBUG -c -I../Inc -I"D:/Online_Emb_Diploma/GitHub/Online_Embedded_Diploma/Unit7/Lesson4/Drivers/HAL/INC" -I"D:/Online_Emb_Diploma/GitHub/Online_Embedded_Diploma/Unit7/Lesson4/Drivers/Stm32f103c6_Drivers/inc" -O0 -ffunction-sections -fdata-sections -Wall -fstack-usage -MMD -MP -MF"Src/main.d" -MT"Src/main.o" --specs=nano.specs -mfloat-abi=soft -mthumb -o "Src/main.o"
arm-none-eabi-gcc "../Src/syscalls.c" -mcpu=cortex-m3 -std=gnu11 -g3 -DSTM32 -DSTM32F1 -DSTM32F103C6Tx -DDEBUG -c -I../Inc -I"D:/Online_Emb_Diploma/GitHub/Online_Embedded_Diploma/Unit7/Lesson4/Drivers/HAL/INC" -I"D:/Online_Emb_Diploma/GitHub/Online_Embedded_Diploma/Unit7/Lesson4/Drivers/Stm32f103c6_Drivers/inc" -O0 -ffunction-sections -fdata-sections -Wall -fstack-usage -MMD -MP -MF"Src/syscalls.d" -MT"Src/syscalls.o" --specs=nano.specs -mfloat-abi=soft -mthumb -o "Src/syscalls.o"
arm-none-eabi-gcc "../Src/sysmem.c" -mcpu=cortex-m3 -std=gnu11 -g3 -DSTM32 -DSTM32F1 -DSTM32F103C6Tx -DDEBUG -c -I../Inc -I"D:/Online_Emb_Diploma/GitHub/Online_Embedded_Diploma/Unit7/Lesson4/Drivers/HAL/INC" -I"D:/Online_Emb_Diploma/GitHub/Online_Embedded_Diploma/Unit7/Lesson4/Drivers/Stm32f103c6_Drivers/inc" -O0 -ffunction-sections -fdata-sections -Wall -fstack-usage -MMD -MP -MF"Src/sysmem.d" -MT"Src/sysmem.o" --specs=nano.specs -mfloat-abi=soft -mthumb -o "Src/sysmem.o"
arm-none-eabi-gcc -o "Drivers.elf" @"objects.list"   -mcpu=cortex-m3 -T"D:\Online_Emb_Diploma\GitHub\Online_Embedded_Diploma\Unit7\Lesson4\Drivers\STM32F103C6TX_FLASH.ld" --specs=nosys.specs -Wl,-Map="Drivers.map" -Wl,--gc-sections -static --specs=nano.specs -mfloat-abi=soft -mthumb -Wl,--start-group -lc -lm -Wl,--end-group
Finished building target: Drivers.elf
 
arm-none-eabi-size   Drivers.elf 
arm-none-eabi-objdump -h -S  Drivers.elf  > "Drivers.list"
arm-none-eabi-objcopy  -O binary  Drivers.elf  "Drivers.bin"
   text	   data	    bss	    dec	    hex	filename
    556	      8	   1568	   2132	    854	Drivers.elf
Finished building: default.size.stdout
 
Finished building: Drivers.list
Finished building: Drivers.bin
 
 
06:46:16 **** Incremental Build of configuration Debug for project Drivers ****
make -j4 all 
arm-none-eabi-gcc "../Src/main.c" -mcpu=cortex-m3 -std=gnu11 -g3 -DSTM32 -DSTM32F1 -DSTM32F103C6Tx -DDEBUG -c -I../Inc -I"D:/Online_Emb_Diploma/GitHub/Online_Embedded_Diploma/Unit7/Lesson4/Drivers/HAL/INC" -I"D:/Online_Emb_Diploma/GitHub/Online_Embedded_Diploma/Unit7/Lesson4/Drivers/Stm32f103c6_Drivers/inc" -O0 -ffunction-sections -fdata-sections -Wall -fstack-usage -MMD -MP -MF"Src/main.d" -MT"Src/main.o" --specs=nano.specs -mfloat-abi=soft -mthumb -o "Src/main.o"
arm-none-eabi-gcc -o "Drivers.elf" @"objects.list"   -mcpu=cortex-m3 -T"D:\Online_Emb_Diploma\GitHub\Online_Embedded_Diploma\Unit7\Lesson4\Drivers\STM32F103C6TX_FLASH.ld" --specs=nosys.specs -Wl,-Map="Drivers.map" -Wl,--gc-sections -static --specs=nano.specs -mfloat-abi=soft -mthumb -Wl,--start-group -lc -lm -Wl,--end-group
Finished building target: Drivers.elf
 
arm-none-eabi-objdump -h -S  Drivers.elf  > "Drivers.list"
arm-none-eabi-objcopy  -O binary  Drivers.elf  "Drivers.bin"
arm-none-eabi-size   Drivers.elf 
   text	   data	    bss	    dec	    hex	filename
    556	      8	   1568	   2132	    854	Drivers.elf
Finished building: default.size.stdout
 
Finished building: Drivers.bin
Finished building: Drivers.list
 
 
06:47:04 **** Incremental Build of configuration Debug for project Drivers ****
make -j4 all 
arm-none-eabi-gcc "../Src/main.c" -mcpu=cortex-m3 -std=gnu11 -g3 -DSTM32 -DSTM32F1 -DSTM32F103C6Tx -DDEBUG -c -I../Inc -I"D:/Online_Emb_Diploma/GitHub/Online_Embedded_Diploma/Unit7/Lesson4/Drivers/HAL/INC" -I"D:/Online_Emb_Diploma/GitHub/Online_Embedded_Diploma/Unit7/Lesson4/Drivers/Stm32f103c6_Drivers/inc" -O0 -ffunction-sections -fdata-sections -Wall -fstack-usage -MMD -MP -MF"Src/main.d" -MT"Src/main.o" --specs=nano.specs -mfloat-abi=soft -mthumb -o "Src/main.o"
In file included from ../Src/main.c:14:0:
D:/Online_Emb_Diploma/GitHub/Online_Embedded_Diploma/Unit7/Lesson4/Drivers/Stm32f103c6_Drivers/inc/Stm32_F103C6_EXTI_driver.h:23:2: error: conflicting types for 'GPIO_PinConfig_t'
 }GPIO_PinConfig_t;
  ^~~~~~~~~~~~~~~~
In file included from ../Src/main.c:13:0:
D:/Online_Emb_Diploma/GitHub/Online_Embedded_Diploma/Unit7/Lesson4/Drivers/Stm32f103c6_Drivers/inc/Stm32_F103C6_gpio_driver.h:23:2: note: previous declaration of 'GPIO_PinConfig_t' was here
 }GPIO_PinConfig_t;
  ^~~~~~~~~~~~~~~~
make: *** [Src/subdir.mk:24: Src/main.o] Error 1
"make -j4 all" terminated with exit code 2. Build might be incomplete.
06:47:41 **** Incremental Build of configuration Debug for project Drivers ****
make -j4 all 
arm-none-eabi-gcc "../Src/main.c" -mcpu=cortex-m3 -std=gnu11 -g3 -DSTM32 -DSTM32F1 -DSTM32F103C6Tx -DDEBUG -c -I../Inc -I"D:/Online_Emb_Diploma/GitHub/Online_Embedded_Diploma/Unit7/Lesson4/Drivers/HAL/INC" -I"D:/Online_Emb_Diploma/GitHub/Online_Embedded_Diploma/Unit7/Lesson4/Drivers/Stm32f103c6_Drivers/inc" -O0 -ffunction-sections -fdata-sections -Wall -fstack-usage -MMD -MP -MF"Src/main.d" -MT"Src/main.o" --specs=nano.specs -mfloat-abi=soft -mthumb -o "Src/main.o"
arm-none-eabi-gcc -o "Drivers.elf" @"objects.list"   -mcpu=cortex-m3 -T"D:\Online_Emb_Diploma\GitHub\Online_Embedded_Diploma\Unit7\Lesson4\Drivers\STM32F103C6TX_FLASH.ld" --specs=nosys.specs -Wl,-Map="Drivers.map" -Wl,--gc-sections -static --specs=nano.specs -mfloat-abi=soft -mthumb -Wl,--start-group -lc -lm -Wl,--end-group
Finished building target: Drivers.elf
 
arm-none-eabi-objdump -h -S  Drivers.elf  > "Drivers.list"
arm-none-eabi-objcopy  -O binary  Drivers.elf  "Drivers.bin"
arm-none-eabi-size   Drivers.elf 
   text	   data	    bss	    dec	    hex	filename
    556	      8	   1568	   2132	    854	Drivers.elf
Finished building: default.size.stdout
 
Finished building: Drivers.list
Finished building: Drivers.bin
 
 
07:21:10 **** Incremental Build of configuration Debug for project Drivers ****
make -j4 all 
arm-none-eabi-gcc "../Src/main.c" -mcpu=cortex-m3 -std=gnu11 -g3 -DSTM32 -DSTM32F1 -DSTM32F103C6Tx -DDEBUG -c -I../Inc -I"D:/Online_Emb_Diploma/GitHub/Online_Embedded_Diploma/Unit7/Lesson4/Drivers/HAL/INC" -I"D:/Online_Emb_Diploma/GitHub/Online_Embedded_Diploma/Unit7/Lesson4/Drivers/Stm32f103c6_Drivers/inc" -O0 -ffunction-sections -fdata-sections -Wall -fstack-usage -MMD -MP -MF"Src/main.d" -MT"Src/main.o" --specs=nano.specs -mfloat-abi=soft -mthumb -o "Src/main.o"
arm-none-eabi-gcc -o "Drivers.elf" @"objects.list"   -mcpu=cortex-m3 -T"D:\Online_Emb_Diploma\GitHub\Online_Embedded_Diploma\Unit7\Lesson4\Drivers\STM32F103C6TX_FLASH.ld" --specs=nosys.specs -Wl,-Map="Drivers.map" -Wl,--gc-sections -static --specs=nano.specs -mfloat-abi=soft -mthumb -Wl,--start-group -lc -lm -Wl,--end-group
Finished building target: Drivers.elf
 
arm-none-eabi-objdump -h -S  Drivers.elf  > "Drivers.list"
arm-none-eabi-objcopy  -O binary  Drivers.elf  "Drivers.bin"
arm-none-eabi-size   Drivers.elf 
   text	   data	    bss	    dec	    hex	filename
    556	      8	   1568	   2132	    854	Drivers.elf
Finished building: default.size.stdout
 
Finished building: Drivers.list
Finished building: Drivers.bin
 
 
07:42:37 **** Incremental Build of configuration Debug for project Drivers ****
make -j4 all 
arm-none-eabi-gcc "../Src/main.c" -mcpu=cortex-m3 -std=gnu11 -g3 -DSTM32 -DSTM32F1 -DSTM32F103C6Tx -DDEBUG -c -I../Inc -I"D:/Online_Emb_Diploma/GitHub/Online_Embedded_Diploma/Unit7/Lesson4/Drivers/HAL/INC" -I"D:/Online_Emb_Diploma/GitHub/Online_Embedded_Diploma/Unit7/Lesson4/Drivers/Stm32f103c6_Drivers/inc" -O0 -ffunction-sections -fdata-sections -Wall -fstack-usage -MMD -MP -MF"Src/main.d" -MT"Src/main.o" --specs=nano.specs -mfloat-abi=soft -mthumb -o "Src/main.o"
In file included from ../Src/main.c:14:0:
D:/Online_Emb_Diploma/GitHub/Online_Embedded_Diploma/Unit7/Lesson4/Drivers/Stm32f103c6_Drivers/inc/Stm32_F103C6_EXTI_driver.h:48:17: error: expected identifier or '(' before numeric constant
 #define  EXTI8  8
                 ^
D:/Online_Emb_Diploma/GitHub/Online_Embedded_Diploma/Unit7/Lesson4/Drivers/Stm32f103c6_Drivers/inc/Stm32_F103C6_EXTI_driver.h:98:1: note: in expansion of macro 'EXTI8'
 EXTI8
 ^~~~~
make: *** [Src/subdir.mk:24: Src/main.o] Error 1
"make -j4 all" terminated with exit code 2. Build might be incomplete.
07:43:18 **** Incremental Build of configuration Debug for project Drivers ****
make -j4 all 
arm-none-eabi-gcc "../Src/main.c" -mcpu=cortex-m3 -std=gnu11 -g3 -DSTM32 -DSTM32F1 -DSTM32F103C6Tx -DDEBUG -c -I../Inc -I"D:/Online_Emb_Diploma/GitHub/Online_Embedded_Diploma/Unit7/Lesson4/Drivers/HAL/INC" -I"D:/Online_Emb_Diploma/GitHub/Online_Embedded_Diploma/Unit7/Lesson4/Drivers/Stm32f103c6_Drivers/inc" -O0 -ffunction-sections -fdata-sections -Wall -fstack-usage -MMD -MP -MF"Src/main.d" -MT"Src/main.o" --specs=nano.specs -mfloat-abi=soft -mthumb -o "Src/main.o"
arm-none-eabi-gcc -o "Drivers.elf" @"objects.list"   -mcpu=cortex-m3 -T"D:\Online_Emb_Diploma\GitHub\Online_Embedded_Diploma\Unit7\Lesson4\Drivers\STM32F103C6TX_FLASH.ld" --specs=nosys.specs -Wl,-Map="Drivers.map" -Wl,--gc-sections -static --specs=nano.specs -mfloat-abi=soft -mthumb -Wl,--start-group -lc -lm -Wl,--end-group
Finished building target: Drivers.elf
 
arm-none-eabi-objdump -h -S  Drivers.elf  > "Drivers.list"
arm-none-eabi-objcopy  -O binary  Drivers.elf  "Drivers.bin"
arm-none-eabi-size   Drivers.elf 
   text	   data	    bss	    dec	    hex	filename
    556	      8	   1568	   2132	    854	Drivers.elf
Finished building: default.size.stdout
Finished building: Drivers.list
 
Finished building: Drivers.bin
 
 
07:46:10 **** Incremental Build of configuration Debug for project Drivers ****
make -j4 all 
arm-none-eabi-gcc "../Src/main.c" -mcpu=cortex-m3 -std=gnu11 -g3 -DSTM32 -DSTM32F1 -DSTM32F103C6Tx -DDEBUG -c -I../Inc -I"D:/Online_Emb_Diploma/GitHub/Online_Embedded_Diploma/Unit7/Lesson4/Drivers/HAL/INC" -I"D:/Online_Emb_Diploma/GitHub/Online_Embedded_Diploma/Unit7/Lesson4/Drivers/Stm32f103c6_Drivers/inc" -O0 -ffunction-sections -fdata-sections -Wall -fstack-usage -MMD -MP -MF"Src/main.d" -MT"Src/main.o" --specs=nano.specs -mfloat-abi=soft -mthumb -o "Src/main.o"
arm-none-eabi-gcc -o "Drivers.elf" @"objects.list"   -mcpu=cortex-m3 -T"D:\Online_Emb_Diploma\GitHub\Online_Embedded_Diploma\Unit7\Lesson4\Drivers\STM32F103C6TX_FLASH.ld" --specs=nosys.specs -Wl,-Map="Drivers.map" -Wl,--gc-sections -static --specs=nano.specs -mfloat-abi=soft -mthumb -Wl,--start-group -lc -lm -Wl,--end-group
Finished building target: Drivers.elf
 
arm-none-eabi-objdump -h -S  Drivers.elf  > "Drivers.list"
arm-none-eabi-objcopy  -O binary  Drivers.elf  "Drivers.bin"
arm-none-eabi-size   Drivers.elf 
   text	   data	    bss	    dec	    hex	filename
    556	      8	   1568	   2132	    854	Drivers.elf
Finished building: default.size.stdout
 
Finished building: Drivers.bin
Finished building: Drivers.list
 
 
04:52:09 **** Incremental Build of configuration Debug for project Drivers ****
make -j4 all 
arm-none-eabi-gcc "../Src/main.c" -mcpu=cortex-m3 -std=gnu11 -g3 -DSTM32 -DSTM32F1 -DSTM32F103C6Tx -DDEBUG -c -I../Inc -I"D:/Online_Emb_Diploma/GitHub/Online_Embedded_Diploma/Unit7/Lesson4/Drivers/HAL/INC" -I"D:/Online_Emb_Diploma/GitHub/Online_Embedded_Diploma/Unit7/Lesson4/Drivers/Stm32f103c6_Drivers/inc" -O0 -ffunction-sections -fdata-sections -Wall -fstack-usage -MMD -MP -MF"Src/main.d" -MT"Src/main.o" --specs=nano.specs -mfloat-abi=soft -mthumb -o "Src/main.o"
arm-none-eabi-gcc -o "Drivers.elf" @"objects.list"   -mcpu=cortex-m3 -T"D:\Online_Emb_Diploma\GitHub\Online_Embedded_Diploma\Unit7\Lesson4\Drivers\STM32F103C6TX_FLASH.ld" --specs=nosys.specs -Wl,-Map="Drivers.map" -Wl,--gc-sections -static --specs=nano.specs -mfloat-abi=soft -mthumb -Wl,--start-group -lc -lm -Wl,--end-group
Finished building target: Drivers.elf
 
arm-none-eabi-objdump -h -S  Drivers.elf  > "Drivers.list"
arm-none-eabi-objcopy  -O binary  Drivers.elf  "Drivers.bin"
arm-none-eabi-size   Drivers.elf 
   text	   data	    bss	    dec	    hex	filename
    556	      8	   1568	   2132	    854	Drivers.elf
Finished building: default.size.stdout
 
Finished building: Drivers.bin
 
Finished building: Drivers.list
 
04:57:29 **** Incremental Build of configuration Debug for project Drivers ****
make -j4 all 
arm-none-eabi-size   Drivers.elf 
   text	   data	    bss	    dec	    hex	filename
    556	      8	   1568	   2132	    854	Drivers.elf
Finished building: default.size.stdout
 
04:59:46 **** Incremental Build of configuration Debug for project Drivers ****
make -j4 all 
arm-none-eabi-gcc "../Src/main.c" -mcpu=cortex-m3 -std=gnu11 -g3 -DSTM32 -DSTM32F1 -DSTM32F103C6Tx -DDEBUG -c -I../Inc -I"D:/Online_Emb_Diploma/GitHub/Online_Embedded_Diploma/Unit7/Lesson4/Drivers/HAL/INC" -I"D:/Online_Emb_Diploma/GitHub/Online_Embedded_Diploma/Unit7/Lesson4/Drivers/Stm32f103c6_Drivers/inc" -O0 -ffunction-sections -fdata-sections -Wall -fstack-usage -MMD -MP -MF"Src/main.d" -MT"Src/main.o" --specs=nano.specs -mfloat-abi=soft -mthumb -o "Src/main.o"
arm-none-eabi-gcc -o "Drivers.elf" @"objects.list"   -mcpu=cortex-m3 -T"D:\Online_Emb_Diploma\GitHub\Online_Embedded_Diploma\Unit7\Lesson4\Drivers\STM32F103C6TX_FLASH.ld" --specs=nosys.specs -Wl,-Map="Drivers.map" -Wl,--gc-sections -static --specs=nano.specs -mfloat-abi=soft -mthumb -Wl,--start-group -lc -lm -Wl,--end-group
Finished building target: Drivers.elf
 
arm-none-eabi-objdump -h -S  Drivers.elf  > "Drivers.list"
arm-none-eabi-objcopy  -O binary  Drivers.elf  "Drivers.bin"
arm-none-eabi-size   Drivers.elf 
   text	   data	    bss	    dec	    hex	filename
    556	      8	   1568	   2132	    854	Drivers.elf
Finished building: default.size.stdout
 
Finished building: Drivers.list
Finished building: Drivers.bin
 
 
05:02:49 **** Incremental Build of configuration Debug for project Drivers ****
make -j4 all 
arm-none-eabi-size   Drivers.elf 
   text	   data	    bss	    dec	    hex	filename
    556	      8	   1568	   2132	    854	Drivers.elf
Finished building: default.size.stdout
 
05:31:16 **** Incremental Build of configuration Debug for project Drivers ****
make -j4 all 
arm-none-eabi-gcc "../Src/main.c" -mcpu=cortex-m3 -std=gnu11 -g3 -DSTM32 -DSTM32F1 -DSTM32F103C6Tx -DDEBUG -c -I../Inc -I"D:/Online_Emb_Diploma/GitHub/Online_Embedded_Diploma/Unit7/Lesson4/Drivers/HAL/INC" -I"D:/Online_Emb_Diploma/GitHub/Online_Embedded_Diploma/Unit7/Lesson4/Drivers/Stm32f103c6_Drivers/inc" -O0 -ffunction-sections -fdata-sections -Wall -fstack-usage -MMD -MP -MF"Src/main.d" -MT"Src/main.o" --specs=nano.specs -mfloat-abi=soft -mthumb -o "Src/main.o"
arm-none-eabi-gcc -o "Drivers.elf" @"objects.list"   -mcpu=cortex-m3 -T"D:\Online_Emb_Diploma\GitHub\Online_Embedded_Diploma\Unit7\Lesson4\Drivers\STM32F103C6TX_FLASH.ld" --specs=nosys.specs -Wl,-Map="Drivers.map" -Wl,--gc-sections -static --specs=nano.specs -mfloat-abi=soft -mthumb -Wl,--start-group -lc -lm -Wl,--end-group
Finished building target: Drivers.elf
 
arm-none-eabi-objdump -h -S  Drivers.elf  > "Drivers.list"
arm-none-eabi-objcopy  -O binary  Drivers.elf  "Drivers.bin"
arm-none-eabi-size   Drivers.elf 
   text	   data	    bss	    dec	    hex	filename
    556	      8	   1568	   2132	    854	Drivers.elf
Finished building: default.size.stdout
 
Finished building: Drivers.list
Finished building: Drivers.bin
 
 
22:39:24 **** Incremental Build of configuration Debug for project Drivers ****
make -j4 all 
arm-none-eabi-size   Drivers.elf 
   text	   data	    bss	    dec	    hex	filename
    556	      8	   1568	   2132	    854	Drivers.elf
Finished building: default.size.stdout
 
22:41:06 **** Incremental Build of configuration Debug for project Drivers ****
make -j4 all 
arm-none-eabi-size   Drivers.elf 
   text	   data	    bss	    dec	    hex	filename
    556	      8	   1568	   2132	    854	Drivers.elf
Finished building: default.size.stdout
 
23:15:45 **** Incremental Build of configuration Debug for project Drivers ****
make -j4 all 
arm-none-eabi-gcc "../Src/main.c" -mcpu=cortex-m3 -std=gnu11 -g3 -DSTM32 -DSTM32F1 -DSTM32F103C6Tx -DDEBUG -c -I../Inc -I"D:/Online_Emb_Diploma/GitHub/Online_Embedded_Diploma/Unit7/Lesson4/Drivers/HAL/INC" -I"D:/Online_Emb_Diploma/GitHub/Online_Embedded_Diploma/Unit7/Lesson4/Drivers/Stm32f103c6_Drivers/inc" -O0 -ffunction-sections -fdata-sections -Wall -fstack-usage -MMD -MP -MF"Src/main.d" -MT"Src/main.o" --specs=nano.specs -mfloat-abi=soft -mthumb -o "Src/main.o"
arm-none-eabi-gcc -o "Drivers.elf" @"objects.list"   -mcpu=cortex-m3 -T"D:\Online_Emb_Diploma\GitHub\Online_Embedded_Diploma\Unit7\Lesson4\Drivers\STM32F103C6TX_FLASH.ld" --specs=nosys.specs -Wl,-Map="Drivers.map" -Wl,--gc-sections -static --specs=nano.specs -mfloat-abi=soft -mthumb -Wl,--start-group -lc -lm -Wl,--end-group
Finished building target: Drivers.elf
 
arm-none-eabi-objdump -h -S  Drivers.elf  > "Drivers.list"
arm-none-eabi-objcopy  -O binary  Drivers.elf  "Drivers.bin"
arm-none-eabi-size   Drivers.elf 
   text	   data	    bss	    dec	    hex	filename
    556	      8	   1568	   2132	    854	Drivers.elf
Finished building: default.size.stdout
 
Finished building: Drivers.bin
Finished building: Drivers.list
 
 
23:20:07 **** Incremental Build of configuration Debug for project Drivers ****
make -j4 all 
arm-none-eabi-size   Drivers.elf 
   text	   data	    bss	    dec	    hex	filename
    556	      8	   1568	   2132	    854	Drivers.elf
Finished building: default.size.stdout
 
00:42:07 **** Incremental Build of configuration Debug for project Drivers ****
make -j4 all 
arm-none-eabi-size   Drivers.elf 
   text	   data	    bss	    dec	    hex	filename
    556	      8	   1568	   2132	    854	Drivers.elf
Finished building: default.size.stdout
 
11:43:36 **** Incremental Build of configuration Debug for project Drivers ****
make -j4 all 
arm-none-eabi-gcc "../Src/main.c" -mcpu=cortex-m3 -std=gnu11 -g3 -DSTM32 -DSTM32F1 -DSTM32F103C6Tx -DDEBUG -c -I../Inc -I"D:/Online_Emb_Diploma/GitHub/Online_Embedded_Diploma/Unit7/Lesson4/Drivers/HAL/INC" -I"D:/Online_Emb_Diploma/GitHub/Online_Embedded_Diploma/Unit7/Lesson4/Drivers/Stm32f103c6_Drivers/inc" -O0 -ffunction-sections -fdata-sections -Wall -fstack-usage -MMD -MP -MF"Src/main.d" -MT"Src/main.o" --specs=nano.specs -mfloat-abi=soft -mthumb -o "Src/main.o"
../Src/main.c: In function 'my_wait':
../Src/main.c:25:5: warning: 'main' is normally a non-static function [-Wmain]
 int main(void)
     ^~~~
../Src/main.c: In function 'main':
../Src/main.c:27:19: warning: unused variable 'PIN_OP' [-Wunused-variable]
  GPIO_PinConfig_t PIN_OP;
                   ^~~~~~
../Src/main.c: In function 'my_wait':
../Src/main.c:35:1: error: expected declaration or statement at end of input
 }
 ^
At top level:
../Src/main.c:25:5: warning: 'main' defined but not used [-Wunused-function]
 int main(void)
     ^~~~
make: *** [Src/subdir.mk:24: Src/main.o] Error 1
"make -j4 all" terminated with exit code 2. Build might be incomplete.
11:59:44 **** Incremental Build of configuration Debug for project Drivers ****
make -j4 all 
arm-none-eabi-gcc "../Src/main.c" -mcpu=cortex-m3 -std=gnu11 -g3 -DSTM32 -DSTM32F1 -DSTM32F103C6Tx -DDEBUG -c -I../Inc -I"D:/Online_Emb_Diploma/GitHub/Online_Embedded_Diploma/Unit7/Lesson4/Drivers/HAL/INC" -I"D:/Online_Emb_Diploma/GitHub/Online_Embedded_Diploma/Unit7/Lesson4/Drivers/Stm32f103c6_Drivers/inc" -O0 -ffunction-sections -fdata-sections -Wall -fstack-usage -MMD -MP -MF"Src/main.d" -MT"Src/main.o" --specs=nano.specs -mfloat-abi=soft -mthumb -o "Src/main.o"
../Src/main.c: In function 'my_wait':
../Src/main.c:28:5: warning: 'main' is normally a non-static function [-Wmain]
 int main(void)
     ^~~~
../Src/main.c:44:1: error: expected declaration or statement at end of input
 }
 ^
At top level:
../Src/main.c:28:5: warning: 'main' defined but not used [-Wunused-function]
 int main(void)
     ^~~~
make: *** [Src/subdir.mk:24: Src/main.o] Error 1
"make -j4 all" terminated with exit code 2. Build might be incomplete.
12:00:09 **** Incremental Build of configuration Debug for project Drivers ****
make -j4 all 
arm-none-eabi-gcc "../Src/main.c" -mcpu=cortex-m3 -std=gnu11 -g3 -DSTM32 -DSTM32F1 -DSTM32F103C6Tx -DDEBUG -c -I../Inc -I"D:/Online_Emb_Diploma/GitHub/Online_Embedded_Diploma/Unit7/Lesson4/Drivers/HAL/INC" -I"D:/Online_Emb_Diploma/GitHub/Online_Embedded_Diploma/Unit7/Lesson4/Drivers/Stm32f103c6_Drivers/inc" -O0 -ffunction-sections -fdata-sections -Wall -fstack-usage -MMD -MP -MF"Src/main.d" -MT"Src/main.o" --specs=nano.specs -mfloat-abi=soft -mthumb -o "Src/main.o"
../Src/main.c: In function 'my_wait':
../Src/main.c:28:5: warning: 'main' is normally a non-static function [-Wmain]
 int main(void){
     ^~~~
../Src/main.c:44:1: error: expected declaration or statement at end of input
 }
 ^
At top level:
../Src/main.c:28:5: warning: 'main' defined but not used [-Wunused-function]
 int main(void){
     ^~~~
make: *** [Src/subdir.mk:24: Src/main.o] Error 1
"make -j4 all" terminated with exit code 2. Build might be incomplete.
12:01:19 **** Incremental Build of configuration Debug for project Drivers ****
make -j4 all 
arm-none-eabi-gcc "../Src/main.c" -mcpu=cortex-m3 -std=gnu11 -g3 -DSTM32 -DSTM32F1 -DSTM32F103C6Tx -DDEBUG -c -I../Inc -I"D:/Online_Emb_Diploma/GitHub/Online_Embedded_Diploma/Unit7/Lesson4/Drivers/HAL/INC" -I"D:/Online_Emb_Diploma/GitHub/Online_Embedded_Diploma/Unit7/Lesson4/Drivers/Stm32f103c6_Drivers/inc" -O0 -ffunction-sections -fdata-sections -Wall -fstack-usage -MMD -MP -MF"Src/main.d" -MT"Src/main.o" --specs=nano.specs -mfloat-abi=soft -mthumb -o "Src/main.o"
arm-none-eabi-gcc -o "Drivers.elf" @"objects.list"   -mcpu=cortex-m3 -T"D:\Online_Emb_Diploma\GitHub\Online_Embedded_Diploma\Unit7\Lesson4\Drivers\STM32F103C6TX_FLASH.ld" --specs=nosys.specs -Wl,-Map="Drivers.map" -Wl,--gc-sections -static --specs=nano.specs -mfloat-abi=soft -mthumb -Wl,--start-group -lc -lm -Wl,--end-group
Src/main.o: In function `main':
D:/Online_Emb_Diploma/GitHub/Online_Embedded_Diploma/Unit7/Lesson4/Drivers/Debug/../Src/main.c:35: undefined reference to `LCD_INIT'
D:/Online_Emb_Diploma/GitHub/Online_Embedded_Diploma/Unit7/Lesson4/Drivers/Debug/../Src/main.c:36: undefined reference to `LCD_clear_screen'
D:/Online_Emb_Diploma/GitHub/Online_Embedded_Diploma/Unit7/Lesson4/Drivers/Debug/../Src/main.c:39: undefined reference to `MCAL_EXTI_GPIO_Init'
collect2.exe: error: ld returned 1 exit status
make: *** [makefile:49: Drivers.elf] Error 1
"make -j4 all" terminated with exit code 2. Build might be incomplete.
12:02:17 **** Incremental Build of configuration Debug for project Drivers ****
make -j4 all 
arm-none-eabi-gcc "../Src/main.c" -mcpu=cortex-m3 -std=gnu11 -g3 -DSTM32 -DSTM32F1 -DSTM32F103C6Tx -DDEBUG -c -I../Inc -I"D:/Online_Emb_Diploma/GitHub/Online_Embedded_Diploma/Unit7/Lesson4/Drivers/HAL/INC" -I"D:/Online_Emb_Diploma/GitHub/Online_Embedded_Diploma/Unit7/Lesson4/Drivers/Stm32f103c6_Drivers/inc" -O0 -ffunction-sections -fdata-sections -Wall -fstack-usage -MMD -MP -MF"Src/main.d" -MT"Src/main.o" --specs=nano.specs -mfloat-abi=soft -mthumb -o "Src/main.o"
arm-none-eabi-gcc -o "Drivers.elf" @"objects.list"   -mcpu=cortex-m3 -T"D:\Online_Emb_Diploma\GitHub\Online_Embedded_Diploma\Unit7\Lesson4\Drivers\STM32F103C6TX_FLASH.ld" --specs=nosys.specs -Wl,-Map="Drivers.map" -Wl,--gc-sections -static --specs=nano.specs -mfloat-abi=soft -mthumb -Wl,--start-group -lc -lm -Wl,--end-group
Src/main.o: In function `main':
D:/Online_Emb_Diploma/GitHub/Online_Embedded_Diploma/Unit7/Lesson4/Drivers/Debug/../Src/main.c:32: undefined reference to `LCD_INIT'
D:/Online_Emb_Diploma/GitHub/Online_Embedded_Diploma/Unit7/Lesson4/Drivers/Debug/../Src/main.c:33: undefined reference to `LCD_clear_screen'
D:/Online_Emb_Diploma/GitHub/Online_Embedded_Diploma/Unit7/Lesson4/Drivers/Debug/../Src/main.c:36: undefined reference to `MCAL_EXTI_GPIO_Init'
collect2.exe: error: ld returned 1 exit status
make: *** [makefile:49: Drivers.elf] Error 1
"make -j4 all" terminated with exit code 2. Build might be incomplete.
12:02:55 **** Incremental Build of configuration Debug for project Drivers ****
make -j4 all 
arm-none-eabi-gcc "../Src/main.c" -mcpu=cortex-m3 -std=gnu11 -g3 -DSTM32 -DSTM32F1 -DSTM32F103C6Tx -DDEBUG -c -I../Inc -I"D:/Online_Emb_Diploma/GitHub/Online_Embedded_Diploma/Unit7/Lesson4/Drivers/HAL/INC" -I"D:/Online_Emb_Diploma/GitHub/Online_Embedded_Diploma/Unit7/Lesson4/Drivers/Stm32f103c6_Drivers/inc" -O0 -ffunction-sections -fdata-sections -Wall -fstack-usage -MMD -MP -MF"Src/main.d" -MT"Src/main.o" --specs=nano.specs -mfloat-abi=soft -mthumb -o "Src/main.o"
arm-none-eabi-gcc -o "Drivers.elf" @"objects.list"   -mcpu=cortex-m3 -T"D:\Online_Emb_Diploma\GitHub\Online_Embedded_Diploma\Unit7\Lesson4\Drivers\STM32F103C6TX_FLASH.ld" --specs=nosys.specs -Wl,-Map="Drivers.map" -Wl,--gc-sections -static --specs=nano.specs -mfloat-abi=soft -mthumb -Wl,--start-group -lc -lm -Wl,--end-group
Src/main.o: In function `main':
D:/Online_Emb_Diploma/GitHub/Online_Embedded_Diploma/Unit7/Lesson4/Drivers/Debug/../Src/main.c:32: undefined reference to `LCD_INIT'
D:/Online_Emb_Diploma/GitHub/Online_Embedded_Diploma/Unit7/Lesson4/Drivers/Debug/../Src/main.c:33: undefined reference to `LCD_clear_screen'
D:/Online_Emb_Diploma/GitHub/Online_Embedded_Diploma/Unit7/Lesson4/Drivers/Debug/../Src/main.c:36: undefined reference to `MCAL_EXTI_GPIO_Init'
collect2.exe: error: ld returned 1 exit status
make: *** [makefile:49: Drivers.elf] Error 1
"make -j4 all" terminated with exit code 2. Build might be incomplete.
12:08:28 **** Incremental Build of configuration Debug for project Drivers ****
make -j4 all 
arm-none-eabi-gcc "../Src/main.c" -mcpu=cortex-m3 -std=gnu11 -g3 -DSTM32 -DSTM32F1 -DSTM32F103C6Tx -DDEBUG -c -I../Inc -I"D:/Online_Emb_Diploma/GitHub/Online_Embedded_Diploma/Unit7/Lesson4/Drivers/HAL/INC" -I"D:/Online_Emb_Diploma/GitHub/Online_Embedded_Diploma/Unit7/Lesson4/Drivers/Stm32f103c6_Drivers/inc" -O0 -ffunction-sections -fdata-sections -Wall -fstack-usage -MMD -MP -MF"Src/main.d" -MT"Src/main.o" --specs=nano.specs -mfloat-abi=soft -mthumb -o "Src/main.o"
arm-none-eabi-gcc -o "Drivers.elf" @"objects.list"   -mcpu=cortex-m3 -T"D:\Online_Emb_Diploma\GitHub\Online_Embedded_Diploma\Unit7\Lesson4\Drivers\STM32F103C6TX_FLASH.ld" --specs=nosys.specs -Wl,-Map="Drivers.map" -Wl,--gc-sections -static --specs=nano.specs -mfloat-abi=soft -mthumb -Wl,--start-group -lc -lm -Wl,--end-group
Src/main.o: In function `main':
D:/Online_Emb_Diploma/GitHub/Online_Embedded_Diploma/Unit7/Lesson4/Drivers/Debug/../Src/main.c:33: undefined reference to `LCD_INIT'
D:/Online_Emb_Diploma/GitHub/Online_Embedded_Diploma/Unit7/Lesson4/Drivers/Debug/../Src/main.c:35: undefined reference to `LCD_clear_screen'
D:/Online_Emb_Diploma/GitHub/Online_Embedded_Diploma/Unit7/Lesson4/Drivers/Debug/../Src/main.c:38: undefined reference to `MCAL_EXTI_GPIO_Init'
collect2.exe: error: ld returned 1 exit status
make: *** [makefile:49: Drivers.elf] Error 1
"make -j4 all" terminated with exit code 2. Build might be incomplete.
12:08:43 **** Incremental Build of configuration Debug for project Drivers ****
make -j4 all 
arm-none-eabi-gcc "../Src/main.c" -mcpu=cortex-m3 -std=gnu11 -g3 -DSTM32 -DSTM32F1 -DSTM32F103C6Tx -DDEBUG -c -I../Inc -I"D:/Online_Emb_Diploma/GitHub/Online_Embedded_Diploma/Unit7/Lesson4/Drivers/HAL/INC" -I"D:/Online_Emb_Diploma/GitHub/Online_Embedded_Diploma/Unit7/Lesson4/Drivers/Stm32f103c6_Drivers/inc" -O0 -ffunction-sections -fdata-sections -Wall -fstack-usage -MMD -MP -MF"Src/main.d" -MT"Src/main.o" --specs=nano.specs -mfloat-abi=soft -mthumb -o "Src/main.o"
arm-none-eabi-gcc -o "Drivers.elf" @"objects.list"   -mcpu=cortex-m3 -T"D:\Online_Emb_Diploma\GitHub\Online_Embedded_Diploma\Unit7\Lesson4\Drivers\STM32F103C6TX_FLASH.ld" --specs=nosys.specs -Wl,-Map="Drivers.map" -Wl,--gc-sections -static --specs=nano.specs -mfloat-abi=soft -mthumb -Wl,--start-group -lc -lm -Wl,--end-group
Src/main.o: In function `main':
D:/Online_Emb_Diploma/GitHub/Online_Embedded_Diploma/Unit7/Lesson4/Drivers/Debug/../Src/main.c:33: undefined reference to `LCD_INIT'
D:/Online_Emb_Diploma/GitHub/Online_Embedded_Diploma/Unit7/Lesson4/Drivers/Debug/../Src/main.c:35: undefined reference to `LCD_clear_screen'
D:/Online_Emb_Diploma/GitHub/Online_Embedded_Diploma/Unit7/Lesson4/Drivers/Debug/../Src/main.c:38: undefined reference to `MCAL_EXTI_GPIO_Init'
collect2.exe: error: ld returned 1 exit status
make: *** [makefile:49: Drivers.elf] Error 1
"make -j4 all" terminated with exit code 2. Build might be incomplete.
12:09:26 **** Incremental Build of configuration Debug for project Drivers ****
make -j4 all 
arm-none-eabi-gcc "../Src/main.c" -mcpu=cortex-m3 -std=gnu11 -g3 -DSTM32 -DSTM32F1 -DSTM32F103C6Tx -DDEBUG -c -I../Inc -I"D:/Online_Emb_Diploma/GitHub/Online_Embedded_Diploma/Unit7/Lesson4/Drivers/HAL/INC" -I"D:/Online_Emb_Diploma/GitHub/Online_Embedded_Diploma/Unit7/Lesson4/Drivers/Stm32f103c6_Drivers/inc" -O0 -ffunction-sections -fdata-sections -Wall -fstack-usage -MMD -MP -MF"Src/main.d" -MT"Src/main.o" --specs=nano.specs -mfloat-abi=soft -mthumb -o "Src/main.o"
arm-none-eabi-gcc -o "Drivers.elf" @"objects.list"   -mcpu=cortex-m3 -T"D:\Online_Emb_Diploma\GitHub\Online_Embedded_Diploma\Unit7\Lesson4\Drivers\STM32F103C6TX_FLASH.ld" --specs=nosys.specs -Wl,-Map="Drivers.map" -Wl,--gc-sections -static --specs=nano.specs -mfloat-abi=soft -mthumb -Wl,--start-group -lc -lm -Wl,--end-group
Src/main.o: In function `main':
D:/Online_Emb_Diploma/GitHub/Online_Embedded_Diploma/Unit7/Lesson4/Drivers/Debug/../Src/main.c:34: undefined reference to `LCD_INIT'
D:/Online_Emb_Diploma/GitHub/Online_Embedded_Diploma/Unit7/Lesson4/Drivers/Debug/../Src/main.c:38: undefined reference to `MCAL_EXTI_GPIO_Init'
collect2.exe: error: ld returned 1 exit status
make: *** [makefile:49: Drivers.elf] Error 1
"make -j4 all" terminated with exit code 2. Build might be incomplete.
12:09:57 **** Incremental Build of configuration Debug for project Drivers ****
make -j4 all 
arm-none-eabi-gcc -mcpu=cortex-m3 -g3 -c -x assembler-with-cpp -MMD -MP -MF"Startup/startup_stm32f103c6tx.d" -MT"Startup/startup_stm32f103c6tx.o" --specs=nano.specs -mfloat-abi=soft -mthumb -o "Startup/startup_stm32f103c6tx.o" "../Startup/startup_stm32f103c6tx.s"
arm-none-eabi-gcc "../Src/main.c" -mcpu=cortex-m3 -std=gnu11 -g3 -DSTM32 -DSTM32F1 -DSTM32F103C6Tx -DDEBUG -c -I../Inc -I"D:/Online_Emb_Diploma/GitHub/Online_Embedded_Diploma/Unit7/Lesson4/Drivers/HAL/INC" -I"D:/Online_Emb_Diploma/GitHub/Online_Embedded_Diploma/Unit7/Lesson4/Drivers/Stm32f103c6_Drivers/inc" -O0 -ffunction-sections -fdata-sections -Wall -fstack-usage -MMD -MP -MF"Src/main.d" -MT"Src/main.o" --specs=nano.specs -mfloat-abi=soft -mthumb -o "Src/main.o"
arm-none-eabi-gcc "../Src/syscalls.c" -mcpu=cortex-m3 -std=gnu11 -g3 -DSTM32 -DSTM32F1 -DSTM32F103C6Tx -DDEBUG -c -I../Inc -I"D:/Online_Emb_Diploma/GitHub/Online_Embedded_Diploma/Unit7/Lesson4/Drivers/HAL/INC" -I"D:/Online_Emb_Diploma/GitHub/Online_Embedded_Diploma/Unit7/Lesson4/Drivers/Stm32f103c6_Drivers/inc" -O0 -ffunction-sections -fdata-sections -Wall -fstack-usage -MMD -MP -MF"Src/syscalls.d" -MT"Src/syscalls.o" --specs=nano.specs -mfloat-abi=soft -mthumb -o "Src/syscalls.o"
arm-none-eabi-gcc "../Src/sysmem.c" -mcpu=cortex-m3 -std=gnu11 -g3 -DSTM32 -DSTM32F1 -DSTM32F103C6Tx -DDEBUG -c -I../Inc -I"D:/Online_Emb_Diploma/GitHub/Online_Embedded_Diploma/Unit7/Lesson4/Drivers/HAL/INC" -I"D:/Online_Emb_Diploma/GitHub/Online_Embedded_Diploma/Unit7/Lesson4/Drivers/Stm32f103c6_Drivers/inc" -O0 -ffunction-sections -fdata-sections -Wall -fstack-usage -MMD -MP -MF"Src/sysmem.d" -MT"Src/sysmem.o" --specs=nano.specs -mfloat-abi=soft -mthumb -o "Src/sysmem.o"
arm-none-eabi-gcc -o "Drivers.elf" @"objects.list"   -mcpu=cortex-m3 -T"D:\Online_Emb_Diploma\GitHub\Online_Embedded_Diploma\Unit7\Lesson4\Drivers\STM32F103C6TX_FLASH.ld" --specs=nosys.specs -Wl,-Map="Drivers.map" -Wl,--gc-sections -static --specs=nano.specs -mfloat-abi=soft -mthumb -Wl,--start-group -lc -lm -Wl,--end-group
Src/main.o: In function `main':
D:/Online_Emb_Diploma/GitHub/Online_Embedded_Diploma/Unit7/Lesson4/Drivers/Debug/../Src/main.c:34: undefined reference to `LCD_INIT'
D:/Online_Emb_Diploma/GitHub/Online_Embedded_Diploma/Unit7/Lesson4/Drivers/Debug/../Src/main.c:35: undefined reference to `LCD_clear_screen'
D:/Online_Emb_Diploma/GitHub/Online_Embedded_Diploma/Unit7/Lesson4/Drivers/Debug/../Src/main.c:38: undefined reference to `MCAL_EXTI_GPIO_Init'
collect2.exe: error: ld returned 1 exit status
make: *** [makefile:49: Drivers.elf] Error 1
"make -j4 all" terminated with exit code 2. Build might be incomplete.
12:15:43 **** Incremental Build of configuration Debug for project Drivers ****
make -j4 all 
arm-none-eabi-gcc "../Src/main.c" -mcpu=cortex-m3 -std=gnu11 -g3 -DSTM32 -DSTM32F1 -DSTM32F103C6Tx -DDEBUG -c -I../Inc -I"D:/Online_Emb_Diploma/GitHub/Online_Embedded_Diploma/Unit7/Lesson4/Drivers/HAL/INC" -I"D:/Online_Emb_Diploma/GitHub/Online_Embedded_Diploma/Unit7/Lesson4/Drivers/Stm32f103c6_Drivers/inc" -O0 -ffunction-sections -fdata-sections -Wall -fstack-usage -MMD -MP -MF"Src/main.d" -MT"Src/main.o" --specs=nano.specs -mfloat-abi=soft -mthumb -o "Src/main.o"
../Src/main.c: In function 'main':
../Src/main.c:35:2: error: expected ';' before 'LCD_clear_screen'
  LCD_clear_screen();
  ^~~~~~~~~~~~~~~~
make: *** [Src/subdir.mk:24: Src/main.o] Error 1
"make -j4 all" terminated with exit code 2. Build might be incomplete.
12:16:08 **** Incremental Build of configuration Debug for project Drivers ****
make -j4 all 
arm-none-eabi-gcc "../Src/main.c" -mcpu=cortex-m3 -std=gnu11 -g3 -DSTM32 -DSTM32F1 -DSTM32F103C6Tx -DDEBUG -c -I../Inc -I"D:/Online_Emb_Diploma/GitHub/Online_Embedded_Diploma/Unit7/Lesson4/Drivers/HAL/INC" -I"D:/Online_Emb_Diploma/GitHub/Online_Embedded_Diploma/Unit7/Lesson4/Drivers/Stm32f103c6_Drivers/inc" -O0 -ffunction-sections -fdata-sections -Wall -fstack-usage -MMD -MP -MF"Src/main.d" -MT"Src/main.o" --specs=nano.specs -mfloat-abi=soft -mthumb -o "Src/main.o"
arm-none-eabi-gcc -o "Drivers.elf" @"objects.list"   -mcpu=cortex-m3 -T"D:\Online_Emb_Diploma\GitHub\Online_Embedded_Diploma\Unit7\Lesson4\Drivers\STM32F103C6TX_FLASH.ld" --specs=nosys.specs -Wl,-Map="Drivers.map" -Wl,--gc-sections -static --specs=nano.specs -mfloat-abi=soft -mthumb -Wl,--start-group -lc -lm -Wl,--end-group
Src/main.o: In function `main':
D:/Online_Emb_Diploma/GitHub/Online_Embedded_Diploma/Unit7/Lesson4/Drivers/Debug/../Src/main.c:34: undefined reference to `LCD_INIT'
D:/Online_Emb_Diploma/GitHub/Online_Embedded_Diploma/Unit7/Lesson4/Drivers/Debug/../Src/main.c:35: undefined reference to `LCD_clear_screen'
D:/Online_Emb_Diploma/GitHub/Online_Embedded_Diploma/Unit7/Lesson4/Drivers/Debug/../Src/main.c:38: undefined reference to `MCAL_EXTI_GPIO_Init'
collect2.exe: error: ld returned 1 exit status
make: *** [makefile:49: Drivers.elf] Error 1
"make -j4 all" terminated with exit code 2. Build might be incomplete.
12:16:31 **** Incremental Build of configuration Debug for project Drivers ****
make -j4 all 
arm-none-eabi-gcc -o "Drivers.elf" @"objects.list"   -mcpu=cortex-m3 -T"D:\Online_Emb_Diploma\GitHub\Online_Embedded_Diploma\Unit7\Lesson4\Drivers\STM32F103C6TX_FLASH.ld" --specs=nosys.specs -Wl,-Map="Drivers.map" -Wl,--gc-sections -static --specs=nano.specs -mfloat-abi=soft -mthumb -Wl,--start-group -lc -lm -Wl,--end-group
Src/main.o: In function `main':
D:/Online_Emb_Diploma/GitHub/Online_Embedded_Diploma/Unit7/Lesson4/Drivers/Debug/../Src/main.c:34: undefined reference to `LCD_INIT'
D:/Online_Emb_Diploma/GitHub/Online_Embedded_Diploma/Unit7/Lesson4/Drivers/Debug/../Src/main.c:35: undefined reference to `LCD_clear_screen'
D:/Online_Emb_Diploma/GitHub/Online_Embedded_Diploma/Unit7/Lesson4/Drivers/Debug/../Src/main.c:38: undefined reference to `MCAL_EXTI_GPIO_Init'
collect2.exe: error: ld returned 1 exit status
make: *** [makefile:49: Drivers.elf] Error 1
"make -j4 all" terminated with exit code 2. Build might be incomplete.
12:20:52 **** Incremental Build of configuration Debug for project Drivers ****
make -j4 all 
arm-none-eabi-gcc "../Src/main.c" -mcpu=cortex-m3 -std=gnu11 -g3 -DSTM32 -DSTM32F1 -DSTM32F103C6Tx -DDEBUG -c -I../Inc -I"D:/Online_Emb_Diploma/GitHub/Online_Embedded_Diploma/Unit7/Lesson4/Drivers/HAL/INC" -I"D:/Online_Emb_Diploma/GitHub/Online_Embedded_Diploma/Unit7/Lesson4/Drivers/Stm32f103c6_Drivers/inc" -O0 -ffunction-sections -fdata-sections -Wall -fstack-usage -MMD -MP -MF"Src/main.d" -MT"Src/main.o" --specs=nano.specs -mfloat-abi=soft -mthumb -o "Src/main.o"
arm-none-eabi-gcc -o "Drivers.elf" @"objects.list"   -mcpu=cortex-m3 -T"D:\Online_Emb_Diploma\GitHub\Online_Embedded_Diploma\Unit7\Lesson4\Drivers\STM32F103C6TX_FLASH.ld" --specs=nosys.specs -Wl,-Map="Drivers.map" -Wl,--gc-sections -static --specs=nano.specs -mfloat-abi=soft -mthumb -Wl,--start-group -lc -lm -Wl,--end-group
Src/main.o: In function `main':
D:/Online_Emb_Diploma/GitHub/Online_Embedded_Diploma/Unit7/Lesson4/Drivers/Debug/../Src/main.c:34: undefined reference to `LCD_INIT'
D:/Online_Emb_Diploma/GitHub/Online_Embedded_Diploma/Unit7/Lesson4/Drivers/Debug/../Src/main.c:35: undefined reference to `LCD_clear_screen'
D:/Online_Emb_Diploma/GitHub/Online_Embedded_Diploma/Unit7/Lesson4/Drivers/Debug/../Src/main.c:38: undefined reference to `MCAL_EXTI_GPIO_Init'
collect2.exe: error: ld returned 1 exit status
make: *** [makefile:49: Drivers.elf] Error 1
"make -j4 all" terminated with exit code 2. Build might be incomplete.
12:28:52 **** Incremental Build of configuration Debug for project Drivers ****
make -j4 all 
arm-none-eabi-gcc -gdwarf-2 -mcpu=cortex-m3 -g3 -c -x assembler-with-cpp -MMD -MP -MF"Startup/startup_stm32f103c6tx.d" -MT"Startup/startup_stm32f103c6tx.o" --specs=nano.specs -mfloat-abi=soft -mthumb -o "Startup/startup_stm32f103c6tx.o" "../Startup/startup_stm32f103c6tx.s"
arm-none-eabi-gcc -gdwarf-2 "../Src/main.c" -mcpu=cortex-m3 -std=gnu11 -g3 -DSTM32 -DSTM32F1 -DSTM32F103C6Tx -DDEBUG -c -I../Inc -I"D:/Online_Emb_Diploma/GitHub/Online_Embedded_Diploma/Unit7/Lesson4/Drivers/HAL/INC" -I"D:/Online_Emb_Diploma/GitHub/Online_Embedded_Diploma/Unit7/Lesson4/Drivers/Stm32f103c6_Drivers/inc" -O0 -ffunction-sections -fdata-sections -Wall -fstack-usage -MMD -MP -MF"Src/main.d" -MT"Src/main.o" --specs=nano.specs -mfloat-abi=soft -mthumb -o "Src/main.o"
arm-none-eabi-gcc -gdwarf-2 "../Src/syscalls.c" -mcpu=cortex-m3 -std=gnu11 -g3 -DSTM32 -DSTM32F1 -DSTM32F103C6Tx -DDEBUG -c -I../Inc -I"D:/Online_Emb_Diploma/GitHub/Online_Embedded_Diploma/Unit7/Lesson4/Drivers/HAL/INC" -I"D:/Online_Emb_Diploma/GitHub/Online_Embedded_Diploma/Unit7/Lesson4/Drivers/Stm32f103c6_Drivers/inc" -O0 -ffunction-sections -fdata-sections -Wall -fstack-usage -MMD -MP -MF"Src/syscalls.d" -MT"Src/syscalls.o" --specs=nano.specs -mfloat-abi=soft -mthumb -o "Src/syscalls.o"
arm-none-eabi-gcc -gdwarf-2 "../Src/sysmem.c" -mcpu=cortex-m3 -std=gnu11 -g3 -DSTM32 -DSTM32F1 -DSTM32F103C6Tx -DDEBUG -c -I../Inc -I"D:/Online_Emb_Diploma/GitHub/Online_Embedded_Diploma/Unit7/Lesson4/Drivers/HAL/INC" -I"D:/Online_Emb_Diploma/GitHub/Online_Embedded_Diploma/Unit7/Lesson4/Drivers/Stm32f103c6_Drivers/inc" -O0 -ffunction-sections -fdata-sections -Wall -fstack-usage -MMD -MP -MF"Src/sysmem.d" -MT"Src/sysmem.o" --specs=nano.specs -mfloat-abi=soft -mthumb -o "Src/sysmem.o"
arm-none-eabi-gcc -gdwarf-2 -o "Drivers.elf" @"objects.list"   -mcpu=cortex-m3 -T"D:\Online_Emb_Diploma\GitHub\Online_Embedded_Diploma\Unit7\Lesson4\Drivers\STM32F103C6TX_FLASH.ld" --specs=nosys.specs -Wl,-Map="Drivers.map" -Wl,--gc-sections -static --specs=nano.specs -mfloat-abi=soft -mthumb -Wl,--start-group -lc -lm -Wl,--end-group
Src/main.o: In function `main':
D:/Online_Emb_Diploma/GitHub/Online_Embedded_Diploma/Unit7/Lesson4/Drivers/Debug/../Src/main.c:34: undefined reference to `LCD_INIT'
D:/Online_Emb_Diploma/GitHub/Online_Embedded_Diploma/Unit7/Lesson4/Drivers/Debug/../Src/main.c:35: undefined reference to `LCD_clear_screen'
D:/Online_Emb_Diploma/GitHub/Online_Embedded_Diploma/Unit7/Lesson4/Drivers/Debug/../Src/main.c:38: undefined reference to `MCAL_EXTI_GPIO_Init'
collect2.exe: error: ld returned 1 exit status
make: *** [makefile:49: Drivers.elf] Error 1
"make -j4 all" terminated with exit code 2. Build might be incomplete.
12:31:57 **** Incremental Build of configuration Debug for project Drivers ****
make -j4 all 
arm-none-eabi-gcc -gdwarf-2 -o "Drivers.elf" @"objects.list"   -mcpu=cortex-m3 -T"D:\Online_Emb_Diploma\GitHub\Online_Embedded_Diploma\Unit7\Lesson4\Drivers\STM32F103C6TX_FLASH.ld" --specs=nosys.specs -Wl,-Map="Drivers.map" -Wl,--gc-sections -static --specs=nano.specs -mfloat-abi=soft -mthumb -Wl,--start-group -lc -lm -Wl,--end-group
Src/main.o: In function `main':
D:/Online_Emb_Diploma/GitHub/Online_Embedded_Diploma/Unit7/Lesson4/Drivers/Debug/../Src/main.c:34: undefined reference to `LCD_INIT'
D:/Online_Emb_Diploma/GitHub/Online_Embedded_Diploma/Unit7/Lesson4/Drivers/Debug/../Src/main.c:35: undefined reference to `LCD_clear_screen'
D:/Online_Emb_Diploma/GitHub/Online_Embedded_Diploma/Unit7/Lesson4/Drivers/Debug/../Src/main.c:38: undefined reference to `MCAL_EXTI_GPIO_Init'
collect2.exe: error: ld returned 1 exit status
make: *** [makefile:49: Drivers.elf] Error 1
"make -j4 all" terminated with exit code 2. Build might be incomplete.
12:36:38 **** Clean-only build of configuration Debug for project Drivers ****
make -j4 clean 
rm -rf *
 
12:36:40 **** Incremental Build of configuration Debug for project Drivers ****
make -j4 all 
arm-none-eabi-gcc -gdwarf-2 "../Stm32f103c6_Drivers/Stm32_F103C6_EXTI_driver.c" -mcpu=cortex-m3 -std=gnu11 -g3 -DSTM32 -DSTM32F1 -DSTM32F103C6Tx -DDEBUG -c -I../Inc -I"D:/Online_Emb_Diploma/GitHub/Online_Embedded_Diploma/Unit7/Lesson4/Drivers/HAL/INC" -I"D:/Online_Emb_Diploma/GitHub/Online_Embedded_Diploma/Unit7/Lesson4/Drivers/Stm32f103c6_Drivers/inc" -O0 -ffunction-sections -fdata-sections -Wall -fstack-usage -MMD -MP -MF"Stm32f103c6_Drivers/Stm32_F103C6_EXTI_driver.d" -MT"Stm32f103c6_Drivers/Stm32_F103C6_EXTI_driver.o" --specs=nano.specs -mfloat-abi=soft -mthumb -o "Stm32f103c6_Drivers/Stm32_F103C6_EXTI_driver.o"
arm-none-eabi-gcc -gdwarf-2 "../Stm32f103c6_Drivers/Stm32_F103C6_gpio_driver.c" -mcpu=cortex-m3 -std=gnu11 -g3 -DSTM32 -DSTM32F1 -DSTM32F103C6Tx -DDEBUG -c -I../Inc -I"D:/Online_Emb_Diploma/GitHub/Online_Embedded_Diploma/Unit7/Lesson4/Drivers/HAL/INC" -I"D:/Online_Emb_Diploma/GitHub/Online_Embedded_Diploma/Unit7/Lesson4/Drivers/Stm32f103c6_Drivers/inc" -O0 -ffunction-sections -fdata-sections -Wall -fstack-usage -MMD -MP -MF"Stm32f103c6_Drivers/Stm32_F103C6_gpio_driver.d" -MT"Stm32f103c6_Drivers/Stm32_F103C6_gpio_driver.o" --specs=nano.specs -mfloat-abi=soft -mthumb -o "Stm32f103c6_Drivers/Stm32_F103C6_gpio_driver.o"
arm-none-eabi-gcc -gdwarf-2 -mcpu=cortex-m3 -g3 -c -x assembler-with-cpp -MMD -MP -MF"Startup/startup_stm32f103c6tx.d" -MT"Startup/startup_stm32f103c6tx.o" --specs=nano.specs -mfloat-abi=soft -mthumb -o "Startup/startup_stm32f103c6tx.o" "../Startup/startup_stm32f103c6tx.s"
arm-none-eabi-gcc -gdwarf-2 "../Src/main.c" -mcpu=cortex-m3 -std=gnu11 -g3 -DSTM32 -DSTM32F1 -DSTM32F103C6Tx -DDEBUG -c -I../Inc -I"D:/Online_Emb_Diploma/GitHub/Online_Embedded_Diploma/Unit7/Lesson4/Drivers/HAL/INC" -I"D:/Online_Emb_Diploma/GitHub/Online_Embedded_Diploma/Unit7/Lesson4/Drivers/Stm32f103c6_Drivers/inc" -O0 -ffunction-sections -fdata-sections -Wall -fstack-usage -MMD -MP -MF"Src/main.d" -MT"Src/main.o" --specs=nano.specs -mfloat-abi=soft -mthumb -o "Src/main.o"
arm-none-eabi-gcc -gdwarf-2 "../Src/syscalls.c" -mcpu=cortex-m3 -std=gnu11 -g3 -DSTM32 -DSTM32F1 -DSTM32F103C6Tx -DDEBUG -c -I../Inc -I"D:/Online_Emb_Diploma/GitHub/Online_Embedded_Diploma/Unit7/Lesson4/Drivers/HAL/INC" -I"D:/Online_Emb_Diploma/GitHub/Online_Embedded_Diploma/Unit7/Lesson4/Drivers/Stm32f103c6_Drivers/inc" -O0 -ffunction-sections -fdata-sections -Wall -fstack-usage -MMD -MP -MF"Src/syscalls.d" -MT"Src/syscalls.o" --specs=nano.specs -mfloat-abi=soft -mthumb -o "Src/syscalls.o"
../Stm32f103c6_Drivers/Stm32_F103C6_EXTI_driver.c: In function 'MCAL_EXTI_GPIO_Init':
../Stm32f103c6_Drivers/Stm32_F103C6_EXTI_driver.c:114:2: warning: implicit declaration of function 'Update_EXTI' [-Wimplicit-function-declaration]
  Update_EXTI(EXTI_Config);
  ^~~~~~~~~~~
../Stm32f103c6_Drivers/Stm32_F103C6_EXTI_driver.c: At top level:
../Stm32f103c6_Drivers/Stm32_F103C6_EXTI_driver.c:146:6: warning: conflicting types for 'Update_EXTI'
 void Update_EXTI(EXTI_PinConfig_t *EXTI_Config){
      ^~~~~~~~~~~
../Stm32f103c6_Drivers/Stm32_F103C6_EXTI_driver.c:114:2: note: previous implicit declaration of 'Update_EXTI' was here
  Update_EXTI(EXTI_Config);
  ^~~~~~~~~~~
../Stm32f103c6_Drivers/Stm32_F103C6_EXTI_driver.c: In function 'EXTI0_IRQHandler':
../Stm32f103c6_Drivers/Stm32_F103C6_EXTI_driver.c:195:13: warning: statement with no effect [-Wunused-value]
  GP_CallBack[0];
  ~~~~~~~~~~~^~~
../Stm32f103c6_Drivers/Stm32_F103C6_EXTI_driver.c: In function 'EXTI1_IRQHandler':
../Stm32f103c6_Drivers/Stm32_F103C6_EXTI_driver.c:201:13: warning: statement with no effect [-Wunused-value]
  GP_CallBack[1];
  ~~~~~~~~~~~^~~
../Stm32f103c6_Drivers/Stm32_F103C6_EXTI_driver.c: In function 'EXTI2_IRQHandler':
../Stm32f103c6_Drivers/Stm32_F103C6_EXTI_driver.c:206:13: warning: statement with no effect [-Wunused-value]
  GP_CallBack[2];
  ~~~~~~~~~~~^~~
../Stm32f103c6_Drivers/Stm32_F103C6_EXTI_driver.c: In function 'EXTI3_IRQHandler':
../Stm32f103c6_Drivers/Stm32_F103C6_EXTI_driver.c:211:13: warning: statement with no effect [-Wunused-value]
  GP_CallBack[3];
  ~~~~~~~~~~~^~~
../Stm32f103c6_Drivers/Stm32_F103C6_EXTI_driver.c: In function 'EXTI4_IRQHandler':
../Stm32f103c6_Drivers/Stm32_F103C6_EXTI_driver.c:216:13: warning: statement with no effect [-Wunused-value]
  GP_CallBack[4];
  ~~~~~~~~~~~^~~
../Stm32f103c6_Drivers/Stm32_F103C6_EXTI_driver.c: In function 'EXTI9_5_IRQHandler':
../Stm32f103c6_Drivers/Stm32_F103C6_EXTI_driver.c:222:14: warning: statement with no effect [-Wunused-value]
   GP_CallBack[5];
   ~~~~~~~~~~~^~~
../Stm32f103c6_Drivers/Stm32_F103C6_EXTI_driver.c:227:14: warning: statement with no effect [-Wunused-value]
   GP_CallBack[6];
   ~~~~~~~~~~~^~~
../Stm32f103c6_Drivers/Stm32_F103C6_EXTI_driver.c:232:14: warning: statement with no effect [-Wunused-value]
   GP_CallBack[7];
   ~~~~~~~~~~~^~~
../Stm32f103c6_Drivers/Stm32_F103C6_EXTI_driver.c:237:14: warning: statement with no effect [-Wunused-value]
   GP_CallBack[8];
   ~~~~~~~~~~~^~~
../Stm32f103c6_Drivers/Stm32_F103C6_EXTI_driver.c:242:14: warning: statement with no effect [-Wunused-value]
   GP_CallBack[9];
   ~~~~~~~~~~~^~~
../Stm32f103c6_Drivers/Stm32_F103C6_EXTI_driver.c: In function 'EXTI15_10_IRQHandler':
../Stm32f103c6_Drivers/Stm32_F103C6_EXTI_driver.c:250:14: warning: statement with no effect [-Wunused-value]
   GP_CallBack[10];
   ~~~~~~~~~~~^~~~
../Stm32f103c6_Drivers/Stm32_F103C6_EXTI_driver.c:255:14: warning: statement with no effect [-Wunused-value]
   GP_CallBack[11];
   ~~~~~~~~~~~^~~~
../Stm32f103c6_Drivers/Stm32_F103C6_EXTI_driver.c:260:14: warning: statement with no effect [-Wunused-value]
   GP_CallBack[12];
   ~~~~~~~~~~~^~~~
../Stm32f103c6_Drivers/Stm32_F103C6_EXTI_driver.c:265:14: warning: statement with no effect [-Wunused-value]
   GP_CallBack[13];
   ~~~~~~~~~~~^~~~
../Stm32f103c6_Drivers/Stm32_F103C6_EXTI_driver.c:270:14: warning: statement with no effect [-Wunused-value]
   GP_CallBack[14];
   ~~~~~~~~~~~^~~~
../Stm32f103c6_Drivers/Stm32_F103C6_EXTI_driver.c:275:14: warning: statement with no effect [-Wunused-value]
   GP_CallBack[15];
   ~~~~~~~~~~~^~~~
arm-none-eabi-gcc -gdwarf-2 "../Src/sysmem.c" -mcpu=cortex-m3 -std=gnu11 -g3 -DSTM32 -DSTM32F1 -DSTM32F103C6Tx -DDEBUG -c -I../Inc -I"D:/Online_Emb_Diploma/GitHub/Online_Embedded_Diploma/Unit7/Lesson4/Drivers/HAL/INC" -I"D:/Online_Emb_Diploma/GitHub/Online_Embedded_Diploma/Unit7/Lesson4/Drivers/Stm32f103c6_Drivers/inc" -O0 -ffunction-sections -fdata-sections -Wall -fstack-usage -MMD -MP -MF"Src/sysmem.d" -MT"Src/sysmem.o" --specs=nano.specs -mfloat-abi=soft -mthumb -o "Src/sysmem.o"
arm-none-eabi-gcc -gdwarf-2 "../HAL/keypad.c" -mcpu=cortex-m3 -std=gnu11 -g3 -DSTM32 -DSTM32F1 -DSTM32F103C6Tx -DDEBUG -c -I../Inc -I"D:/Online_Emb_Diploma/GitHub/Online_Embedded_Diploma/Unit7/Lesson4/Drivers/HAL/INC" -I"D:/Online_Emb_Diploma/GitHub/Online_Embedded_Diploma/Unit7/Lesson4/Drivers/Stm32f103c6_Drivers/inc" -O0 -ffunction-sections -fdata-sections -Wall -fstack-usage -MMD -MP -MF"HAL/keypad.d" -MT"HAL/keypad.o" --specs=nano.specs -mfloat-abi=soft -mthumb -o "HAL/keypad.o"
arm-none-eabi-gcc -gdwarf-2 "../HAL/lcd.c" -mcpu=cortex-m3 -std=gnu11 -g3 -DSTM32 -DSTM32F1 -DSTM32F103C6Tx -DDEBUG -c -I../Inc -I"D:/Online_Emb_Diploma/GitHub/Online_Embedded_Diploma/Unit7/Lesson4/Drivers/HAL/INC" -I"D:/Online_Emb_Diploma/GitHub/Online_Embedded_Diploma/Unit7/Lesson4/Drivers/Stm32f103c6_Drivers/inc" -O0 -ffunction-sections -fdata-sections -Wall -fstack-usage -MMD -MP -MF"HAL/lcd.d" -MT"HAL/lcd.o" --specs=nano.specs -mfloat-abi=soft -mthumb -o "HAL/lcd.o"
../HAL/keypad.c: In function 'Keypad_getkey':
../HAL/keypad.c:73:8: warning: implicit declaration of function 'MCAL_GPIO_ReadPin'; did you mean 'MCAL_GPIO_ReadPIN'? [-Wimplicit-function-declaration]
    if (MCAL_GPIO_ReadPin(KEYPAD_PORT, Key_padRow[j]) == 0) {
        ^~~~~~~~~~~~~~~~~
        MCAL_GPIO_ReadPIN
arm-none-eabi-gcc -gdwarf-2 -o "Drivers.elf" @"objects.list"   -mcpu=cortex-m3 -T"D:\Online_Emb_Diploma\GitHub\Online_Embedded_Diploma\Unit7\Lesson4\Drivers\STM32F103C6TX_FLASH.ld" --specs=nosys.specs -Wl,-Map="Drivers.map" -Wl,--gc-sections -static --specs=nano.specs -mfloat-abi=soft -mthumb -Wl,--start-group -lc -lm -Wl,--end-group
Finished building target: Drivers.elf
 
arm-none-eabi-size   Drivers.elf 
arm-none-eabi-objdump -h -S  Drivers.elf  > "Drivers.list"
arm-none-eabi-objcopy  -O binary  Drivers.elf  "Drivers.bin"
   text	   data	    bss	    dec	    hex	filename
   2764	      8	   1632	   4404	   1134	Drivers.elf
Finished building: default.size.stdout
 
Finished building: Drivers.bin
Finished building: Drivers.list
 
 
12:42:32 **** Incremental Build of configuration Debug for project Drivers ****
make -j4 all 
arm-none-eabi-gcc -gdwarf-2 "../Stm32f103c6_Drivers/Stm32_F103C6_EXTI_driver.c" -mcpu=cortex-m3 -std=gnu11 -g3 -DSTM32 -DSTM32F1 -DSTM32F103C6Tx -DDEBUG -c -I../Inc -I"D:/Online_Emb_Diploma/GitHub/Online_Embedded_Diploma/Unit7/Lesson4/Drivers/HAL/INC" -I"D:/Online_Emb_Diploma/GitHub/Online_Embedded_Diploma/Unit7/Lesson4/Drivers/Stm32f103c6_Drivers/inc" -O0 -ffunction-sections -fdata-sections -Wall -fstack-usage -MMD -MP -MF"Stm32f103c6_Drivers/Stm32_F103C6_EXTI_driver.d" -MT"Stm32f103c6_Drivers/Stm32_F103C6_EXTI_driver.o" --specs=nano.specs -mfloat-abi=soft -mthumb -o "Stm32f103c6_Drivers/Stm32_F103C6_EXTI_driver.o"
../Stm32f103c6_Drivers/Stm32_F103C6_EXTI_driver.c: In function 'MCAL_EXTI_GPIO_Init':
../Stm32f103c6_Drivers/Stm32_F103C6_EXTI_driver.c:114:2: warning: implicit declaration of function 'Update_EXTI' [-Wimplicit-function-declaration]
  Update_EXTI(EXTI_Config);
  ^~~~~~~~~~~
../Stm32f103c6_Drivers/Stm32_F103C6_EXTI_driver.c: At top level:
../Stm32f103c6_Drivers/Stm32_F103C6_EXTI_driver.c:146:6: warning: conflicting types for 'Update_EXTI'
 void Update_EXTI(EXTI_PinConfig_t *EXTI_Config){
      ^~~~~~~~~~~
../Stm32f103c6_Drivers/Stm32_F103C6_EXTI_driver.c:114:2: note: previous implicit declaration of 'Update_EXTI' was here
  Update_EXTI(EXTI_Config);
  ^~~~~~~~~~~
arm-none-eabi-gcc -gdwarf-2 -o "Drivers.elf" @"objects.list"   -mcpu=cortex-m3 -T"D:\Online_Emb_Diploma\GitHub\Online_Embedded_Diploma\Unit7\Lesson4\Drivers\STM32F103C6TX_FLASH.ld" --specs=nosys.specs -Wl,-Map="Drivers.map" -Wl,--gc-sections -static --specs=nano.specs -mfloat-abi=soft -mthumb -Wl,--start-group -lc -lm -Wl,--end-group
Finished building target: Drivers.elf
 
arm-none-eabi-objdump -h -S  Drivers.elf  > "Drivers.list"
arm-none-eabi-objcopy  -O binary  Drivers.elf  "Drivers.bin"
arm-none-eabi-size   Drivers.elf 
   text	   data	    bss	    dec	    hex	filename
   2872	      8	   1632	   4512	   11a0	Drivers.elf
Finished building: default.size.stdout
 
Finished building: Drivers.bin
Finished building: Drivers.list
 
 
12:44:56 **** Incremental Build of configuration Debug for project Drivers ****
make -j4 all 
arm-none-eabi-gcc -gdwarf-2 "../Stm32f103c6_Drivers/Stm32_F103C6_EXTI_driver.c" -mcpu=cortex-m3 -std=gnu11 -g3 -DSTM32 -DSTM32F1 -DSTM32F103C6Tx -DDEBUG -c -I../Inc -I"D:/Online_Emb_Diploma/GitHub/Online_Embedded_Diploma/Unit7/Lesson4/Drivers/HAL/INC" -I"D:/Online_Emb_Diploma/GitHub/Online_Embedded_Diploma/Unit7/Lesson4/Drivers/Stm32f103c6_Drivers/inc" -O0 -ffunction-sections -fdata-sections -Wall -fstack-usage -MMD -MP -MF"Stm32f103c6_Drivers/Stm32_F103C6_EXTI_driver.d" -MT"Stm32f103c6_Drivers/Stm32_F103C6_EXTI_driver.o" --specs=nano.specs -mfloat-abi=soft -mthumb -o "Stm32f103c6_Drivers/Stm32_F103C6_EXTI_driver.o"
arm-none-eabi-gcc -gdwarf-2 -o "Drivers.elf" @"objects.list"   -mcpu=cortex-m3 -T"D:\Online_Emb_Diploma\GitHub\Online_Embedded_Diploma\Unit7\Lesson4\Drivers\STM32F103C6TX_FLASH.ld" --specs=nosys.specs -Wl,-Map="Drivers.map" -Wl,--gc-sections -static --specs=nano.specs -mfloat-abi=soft -mthumb -Wl,--start-group -lc -lm -Wl,--end-group
Finished building target: Drivers.elf
 
arm-none-eabi-objdump -h -S  Drivers.elf  > "Drivers.list"
arm-none-eabi-objcopy  -O binary  Drivers.elf  "Drivers.bin"
arm-none-eabi-size   Drivers.elf 
   text	   data	    bss	    dec	    hex	filename
   2872	      8	   1632	   4512	   11a0	Drivers.elf
Finished building: default.size.stdout
 
Finished building: Drivers.bin
Finished building: Drivers.list
 
 
12:50:06 **** Incremental Build of configuration Debug for project Drivers ****
make -j4 all 
arm-none-eabi-gcc -gdwarf-2 "../Src/main.c" -mcpu=cortex-m3 -std=gnu11 -g3 -DSTM32 -DSTM32F1 -DSTM32F103C6Tx -DDEBUG -c -I../Inc -I"D:/Online_Emb_Diploma/GitHub/Online_Embedded_Diploma/Unit7/Lesson4/Drivers/HAL/INC" -I"D:/Online_Emb_Diploma/GitHub/Online_Embedded_Diploma/Unit7/Lesson4/Drivers/Stm32f103c6_Drivers/inc" -O0 -ffunction-sections -fdata-sections -Wall -fstack-usage -MMD -MP -MF"Src/main.d" -MT"Src/main.o" --specs=nano.specs -mfloat-abi=soft -mthumb -o "Src/main.o"
arm-none-eabi-gcc -gdwarf-2 -o "Drivers.elf" @"objects.list"   -mcpu=cortex-m3 -T"D:\Online_Emb_Diploma\GitHub\Online_Embedded_Diploma\Unit7\Lesson4\Drivers\STM32F103C6TX_FLASH.ld" --specs=nosys.specs -Wl,-Map="Drivers.map" -Wl,--gc-sections -static --specs=nano.specs -mfloat-abi=soft -mthumb -Wl,--start-group -lc -lm -Wl,--end-group
Finished building target: Drivers.elf
 
arm-none-eabi-objdump -h -S  Drivers.elf  > "Drivers.list"
arm-none-eabi-objcopy  -O binary  Drivers.elf  "Drivers.bin"
arm-none-eabi-size   Drivers.elf 
   text	   data	    bss	    dec	    hex	filename
   3196	      8	   1632	   4836	   12e4	Drivers.elf
Finished building: default.size.stdout
 
Finished building: Drivers.bin
Finished building: Drivers.list
 
 
