21:43:18 **** Incremental Build of configuration Debug for project Toogle_Led ****
make -j4 all 
arm-none-eabi-gcc "../Src/main.c" -mcpu=cortex-m3 -std=gnu11 -g3 -DSTM32 -DSTM32F1 -DSTM32F103C6Tx -DDEBUG -c -I../Inc -O0 -ffunction-sections -fdata-sections -Wall -fstack-usage -MMD -MP -MF"Src/main.d" -MT"Src/main.o" --specs=nano.specs -mfloat-abi=soft -mthumb -o "Src/main.o"
arm-none-eabi-gcc -o "Toogle_Led.elf" @"objects.list"   -mcpu=cortex-m3 -T"D:\Online_Emb_Diploma\GitHub\Online_Embedded_Diploma\Unit3_Emb_C\Lesson1\Toogle_Led\STM32F103C6TX_FLASH.ld" --specs=nosys.specs -Wl,-Map="Toogle_Led.map" -Wl,--gc-sections -static --specs=nano.specs -mfloat-abi=soft -mthumb -Wl,--start-group -lc -lm -Wl,--end-group
Finished building target: Toogle_Led.elf
 
arm-none-eabi-objdump -h -S  Toogle_Led.elf  > "Toogle_Led.list"
arm-none-eabi-objcopy  -O ihex  Toogle_Led.elf  "Toogle_Led.hex"
arm-none-eabi-objcopy  -O binary  Toogle_Led.elf  "Toogle_Led.bin"
arm-none-eabi-size   Toogle_Led.elf 
   text	   data	    bss	    dec	    hex	filename
    656	     12	   1564	   2232	    8b8	Toogle_Led.elf
Finished building: default.size.stdout
Finished building: Toogle_Led.hex
Finished building: Toogle_Led.bin
Finished building: Toogle_Led.list
 
 
 
 
