Archive member included to satisfy reference by file (symbol)

d:/online_emb_diploma/installations/st/stm32cubeide_1.4.0/stm32cubeide/plugins/com.st.stm32cube.ide.mcu.externaltools.gnu-tools-for-stm32.7-2018-q2-update.win32_1.4.0.202007081208/tools/bin/../lib/gcc/arm-none-eabi/7.3.1/../../../../arm-none-eabi/lib/thumb/v7-m\libc_nano.a(lib_a-errno.o)
                              Src/syscalls.o (__errno)
d:/online_emb_diploma/installations/st/stm32cubeide_1.4.0/stm32cubeide/plugins/com.st.stm32cube.ide.mcu.externaltools.gnu-tools-for-stm32.7-2018-q2-update.win32_1.4.0.202007081208/tools/bin/../lib/gcc/arm-none-eabi/7.3.1/../../../../arm-none-eabi/lib/thumb/v7-m\libc_nano.a(lib_a-exit.o)
                              d:/online_emb_diploma/installations/st/stm32cubeide_1.4.0/stm32cubeide/plugins/com.st.stm32cube.ide.mcu.externaltools.gnu-tools-for-stm32.7-2018-q2-update.win32_1.4.0.202007081208/tools/bin/../lib/gcc/arm-none-eabi/7.3.1/../../../../arm-none-eabi/lib/thumb/v7-m/crt0.o (exit)
d:/online_emb_diploma/installations/st/stm32cubeide_1.4.0/stm32cubeide/plugins/com.st.stm32cube.ide.mcu.externaltools.gnu-tools-for-stm32.7-2018-q2-update.win32_1.4.0.202007081208/tools/bin/../lib/gcc/arm-none-eabi/7.3.1/../../../../arm-none-eabi/lib/thumb/v7-m\libc_nano.a(lib_a-impure.o)
                              d:/online_emb_diploma/installations/st/stm32cubeide_1.4.0/stm32cubeide/plugins/com.st.stm32cube.ide.mcu.externaltools.gnu-tools-for-stm32.7-2018-q2-update.win32_1.4.0.202007081208/tools/bin/../lib/gcc/arm-none-eabi/7.3.1/../../../../arm-none-eabi/lib/thumb/v7-m\libc_nano.a(lib_a-exit.o) (_global_impure_ptr)
d:/online_emb_diploma/installations/st/stm32cubeide_1.4.0/stm32cubeide/plugins/com.st.stm32cube.ide.mcu.externaltools.gnu-tools-for-stm32.7-2018-q2-update.win32_1.4.0.202007081208/tools/bin/../lib/gcc/arm-none-eabi/7.3.1/../../../../arm-none-eabi/lib/thumb/v7-m\libc_nano.a(lib_a-init.o)
                              d:/online_emb_diploma/installations/st/stm32cubeide_1.4.0/stm32cubeide/plugins/com.st.stm32cube.ide.mcu.externaltools.gnu-tools-for-stm32.7-2018-q2-update.win32_1.4.0.202007081208/tools/bin/../lib/gcc/arm-none-eabi/7.3.1/../../../../arm-none-eabi/lib/thumb/v7-m/crt0.o (__libc_init_array)
d:/online_emb_diploma/installations/st/stm32cubeide_1.4.0/stm32cubeide/plugins/com.st.stm32cube.ide.mcu.externaltools.gnu-tools-for-stm32.7-2018-q2-update.win32_1.4.0.202007081208/tools/bin/../lib/gcc/arm-none-eabi/7.3.1/../../../../arm-none-eabi/lib/thumb/v7-m\libc_nano.a(lib_a-memcpy-stub.o)
                              Free_RTOS/queue.o (memcpy)
d:/online_emb_diploma/installations/st/stm32cubeide_1.4.0/stm32cubeide/plugins/com.st.stm32cube.ide.mcu.externaltools.gnu-tools-for-stm32.7-2018-q2-update.win32_1.4.0.202007081208/tools/bin/../lib/gcc/arm-none-eabi/7.3.1/../../../../arm-none-eabi/lib/thumb/v7-m\libc_nano.a(lib_a-memset.o)
                              d:/online_emb_diploma/installations/st/stm32cubeide_1.4.0/stm32cubeide/plugins/com.st.stm32cube.ide.mcu.externaltools.gnu-tools-for-stm32.7-2018-q2-update.win32_1.4.0.202007081208/tools/bin/../lib/gcc/arm-none-eabi/7.3.1/../../../../arm-none-eabi/lib/thumb/v7-m/crt0.o (memset)

Allocating common symbols
Common symbol       size              file

Global_UART1_Config
                    0x4               Stm32f103c6_Drivers/Stm32_F103C6_UART_driver.o
Global_UART_Config  0x3c              Stm32f103c6_Drivers/Stm32_F103C6_UART_driver.o
Global_UART2_Config
                    0x4               Stm32f103c6_Drivers/Stm32_F103C6_UART_driver.o
Global_SPI2_Config  0x18              Stm32f103c6_Drivers/Stm32_F103C6_SPI_driver.o
Global_SPI1_Config  0x18              Stm32f103c6_Drivers/Stm32_F103C6_SPI_driver.o
Global_I2C_Config   0x48              Stm32f103c6_Drivers/Stm32_F103C6_I2C_driver.o
GP_CallBack         0x3c              Stm32f103c6_Drivers/Stm32_F103C6_EXTI_driver.o
Global_UART3_Config
                    0x4               Stm32f103c6_Drivers/Stm32_F103C6_UART_driver.o

Discarded input sections

 .text          0x0000000000000000        0x0 d:/online_emb_diploma/installations/st/stm32cubeide_1.4.0/stm32cubeide/plugins/com.st.stm32cube.ide.mcu.externaltools.gnu-tools-for-stm32.7-2018-q2-update.win32_1.4.0.202007081208/tools/bin/../lib/gcc/arm-none-eabi/7.3.1/thumb/v7-m/crti.o
 .data          0x0000000000000000        0x0 d:/online_emb_diploma/installations/st/stm32cubeide_1.4.0/stm32cubeide/plugins/com.st.stm32cube.ide.mcu.externaltools.gnu-tools-for-stm32.7-2018-q2-update.win32_1.4.0.202007081208/tools/bin/../lib/gcc/arm-none-eabi/7.3.1/thumb/v7-m/crti.o
 .bss           0x0000000000000000        0x0 d:/online_emb_diploma/installations/st/stm32cubeide_1.4.0/stm32cubeide/plugins/com.st.stm32cube.ide.mcu.externaltools.gnu-tools-for-stm32.7-2018-q2-update.win32_1.4.0.202007081208/tools/bin/../lib/gcc/arm-none-eabi/7.3.1/thumb/v7-m/crti.o
[...]
Memory Configuration

Name             Origin             Length             Attributes
RAM              0x0000000020000000 0x0000000000002800 xrw
ROM              0x0000000008000000 0x0000000000008000 xr
*default*        0x0000000000000000 0xffffffffffffffff

Linker script and memory map

LOAD d:/online_emb_diploma/installations/st/stm32cubeide_1.4.0/stm32cubeide/plugins/com.st.stm32cube.ide.mcu.externaltools.gnu-tools-for-stm32.7-2018-q2-update.win32_1.4.0.202007081208/tools/bin/../lib/gcc/arm-none-eabi/7.3.1/thumb/v7-m/crti.o
LOAD d:/online_emb_diploma/installations/st/stm32cubeide_1.4.0/stm32cubeide/plugins/com.st.stm32cube.ide.mcu.externaltools.gnu-tools-for-stm32.7-2018-q2-update.win32_1.4.0.202007081208/tools/bin/../lib/gcc/arm-none-eabi/7.3.1/thumb/v7-m/crtbegin.o
LOAD d:/online_emb_diploma/installations/st/stm32cubeide_1.4.0/stm32cubeide/plugins/com.st.stm32cube.ide.mcu.externaltools.gnu-tools-for-stm32.7-2018-q2-update.win32_1.4.0.202007081208/tools/bin/../lib/gcc/arm-none-eabi/7.3.1/../../../../arm-none-eabi/lib/thumb/v7-m/crt0.o
LOAD Free_RTOS/croutine.o
LOAD Free_RTOS/event_groups.o
LOAD Free_RTOS/list.o
LOAD Free_RTOS/queue.o
LOAD Free_RTOS/stream_buffer.o
LOAD Free_RTOS/tasks.o
LOAD Free_RTOS/timers.o
LOAD Free_RTOS/portable/GCC/ARM_CM3/port.o
LOAD Free_RTOS/portable/MemMang/heap_4.o
LOAD Src/main.o
LOAD Src/syscalls.o
LOAD Src/sysmem.o
LOAD Startup/startup_stm32f103c6tx.o
LOAD Stm32f103c6_Drivers/Stm32_F103C6_EXTI_driver.o
LOAD Stm32f103c6_Drivers/Stm32_F103C6_I2C_driver.o
LOAD Stm32f103c6_Drivers/Stm32_F103C6_RCC_driver.o
LOAD Stm32f103c6_Drivers/Stm32_F103C6_SPI_driver.o
LOAD Stm32f103c6_Drivers/Stm32_F103C6_UART_driver.o
LOAD Stm32f103c6_Drivers/Stm32_F103C6_gpio_driver.o
LOAD Stm32f103c6_Drivers/Timer.o
START GROUP
LOAD d:/online_emb_diploma/installations/st/stm32cubeide_1.4.0/stm32cubeide/plugins/com.st.stm32cube.ide.mcu.externaltools.gnu-tools-for-stm32.7-2018-q2-update.win32_1.4.0.202007081208/tools/bin/../lib/gcc/arm-none-eabi/7.3.1/../../../../arm-none-eabi/lib/thumb/v7-m\libc_nano.a
LOAD d:/online_emb_diploma/installations/st/stm32cubeide_1.4.0/stm32cubeide/plugins/com.st.stm32cube.ide.mcu.externaltools.gnu-tools-for-stm32.7-2018-q2-update.win32_1.4.0.202007081208/tools/bin/../lib/gcc/arm-none-eabi/7.3.1/../../../../arm-none-eabi/lib/thumb/v7-m\libm.a
END GROUP
START GROUP
LOAD d:/online_emb_diploma/installations/st/stm32cubeide_1.4.0/stm32cubeide/plugins/com.st.stm32cube.ide.mcu.externaltools.gnu-tools-for-stm32.7-2018-q2-update.win32_1.4.0.202007081208/tools/bin/../lib/gcc/arm-none-eabi/7.3.1/thumb/v7-m\libgcc.a
LOAD d:/online_emb_diploma/installations/st/stm32cubeide_1.4.0/stm32cubeide/plugins/com.st.stm32cube.ide.mcu.externaltools.gnu-tools-for-stm32.7-2018-q2-update.win32_1.4.0.202007081208/tools/bin/../lib/gcc/arm-none-eabi/7.3.1/../../../../arm-none-eabi/lib/thumb/v7-m\libc_nano.a
END GROUP
START GROUP
LOAD d:/online_emb_diploma/installations/st/stm32cubeide_1.4.0/stm32cubeide/plugins/com.st.stm32cube.ide.mcu.externaltools.gnu-tools-for-stm32.7-2018-q2-update.win32_1.4.0.202007081208/tools/bin/../lib/gcc/arm-none-eabi/7.3.1/thumb/v7-m\libgcc.a
LOAD d:/online_emb_diploma/installations/st/stm32cubeide_1.4.0/stm32cubeide/plugins/com.st.stm32cube.ide.mcu.externaltools.gnu-tools-for-stm32.7-2018-q2-update.win32_1.4.0.202007081208/tools/bin/../lib/gcc/arm-none-eabi/7.3.1/../../../../arm-none-eabi/lib/thumb/v7-m\libc_nano.a
LOAD d:/online_emb_diploma/installations/st/stm32cubeide_1.4.0/stm32cubeide/plugins/com.st.stm32cube.ide.mcu.externaltools.gnu-tools-for-stm32.7-2018-q2-update.win32_1.4.0.202007081208/tools/bin/../lib/gcc/arm-none-eabi/7.3.1/../../../../arm-none-eabi/lib/thumb/v7-m\libnosys.a
END GROUP
START GROUP
LOAD d:/online_emb_diploma/installations/st/stm32cubeide_1.4.0/stm32cubeide/plugins/com.st.stm32cube.ide.mcu.externaltools.gnu-tools-for-stm32.7-2018-q2-update.win32_1.4.0.202007081208/tools/bin/../lib/gcc/arm-none-eabi/7.3.1/thumb/v7-m\libgcc.a
LOAD d:/online_emb_diploma/installations/st/stm32cubeide_1.4.0/stm32cubeide/plugins/com.st.stm32cube.ide.mcu.externaltools.gnu-tools-for-stm32.7-2018-q2-update.win32_1.4.0.202007081208/tools/bin/../lib/gcc/arm-none-eabi/7.3.1/../../../../arm-none-eabi/lib/thumb/v7-m\libc_nano.a
LOAD d:/online_emb_diploma/installations/st/stm32cubeide_1.4.0/stm32cubeide/plugins/com.st.stm32cube.ide.mcu.externaltools.gnu-tools-for-stm32.7-2018-q2-update.win32_1.4.0.202007081208/tools/bin/../lib/gcc/arm-none-eabi/7.3.1/../../../../arm-none-eabi/lib/thumb/v7-m\libnosys.a
END GROUP
LOAD d:/online_emb_diploma/installations/st/stm32cubeide_1.4.0/stm32cubeide/plugins/com.st.stm32cube.ide.mcu.externaltools.gnu-tools-for-stm32.7-2018-q2-update.win32_1.4.0.202007081208/tools/bin/../lib/gcc/arm-none-eabi/7.3.1/thumb/v7-m/crtend.o
LOAD d:/online_emb_diploma/installations/st/stm32cubeide_1.4.0/stm32cubeide/plugins/com.st.stm32cube.ide.mcu.externaltools.gnu-tools-for-stm32.7-2018-q2-update.win32_1.4.0.202007081208/tools/bin/../lib/gcc/arm-none-eabi/7.3.1/thumb/v7-m/crtn.o
                0x0000000020002800                _estack = (ORIGIN (RAM) + LENGTH (RAM))
                0x0000000000000200                _Min_Heap_Size = 0x200
                0x0000000000000400                _Min_Stack_Size = 0x400

.isr_vector     0x0000000008000000      0x130
                0x0000000008000000                . = ALIGN (0x4)
 *(.isr_vector)
 .isr_vector    0x0000000008000000      0x130 Startup/startup_stm32f103c6tx.o
                0x0000000008000000                g_pfnVectors
                0x0000000008000130                . = ALIGN (0x4)

.text           0x0000000008000130     0x1638
                0x0000000008000130                . = ALIGN (0x4)
 *(.text)
 .text          0x0000000008000130       0x40 d:/online_emb_diploma/installations/st/stm32cubeide_1.4.0/stm32cubeide/plugins/com.st.stm32cube.ide.mcu.externaltools.gnu-tools-for-stm32.7-2018-q2-update.win32_1.4.0.202007081208/tools/bin/../lib/gcc/arm-none-eabi/7.3.1/thumb/v7-m/crtbegin.o
 *(.text*)
 .text.vListInitialise
                0x0000000008000170       0x3e Free_RTOS/list.o
                0x0000000008000170                vListInitialise
 .text.vListInitialiseItem
                0x00000000080001ae       0x18 Free_RTOS/list.o
                0x00000000080001ae                vListInitialiseItem
 .text.vListInsert
                0x00000000080001c6       0x70 Free_RTOS/list.o
                0x00000000080001c6                vListInsert
 .text.uxListRemove
                0x0000000008000236       0x52 Free_RTOS/list.o
                0x0000000008000236                uxListRemove
 .text.xTaskCreate
                0x0000000008000288       0x82 Free_RTOS/tasks.o
                0x0000000008000288                xTaskCreate
 .text.prvInitialiseNewTask
                0x000000000800030a       0xf0 Free_RTOS/tasks.o
 *fill*         0x00000000080003fa        0x2 
 .text.prvAddNewTaskToReadyList
                0x00000000080003fc      0x124 Free_RTOS/tasks.o
 .text.vTaskDelay
                0x0000000008000520       0x48 Free_RTOS/tasks.o
                0x0000000008000520                vTaskDelay
 .text.vTaskStartScheduler
                0x0000000008000568       0x74 Free_RTOS/tasks.o
                0x0000000008000568                vTaskStartScheduler
 .text.vTaskSuspendAll
                0x00000000080005dc       0x1c Free_RTOS/tasks.o
                0x00000000080005dc                vTaskSuspendAll
 .text.xTaskResumeAll
                0x00000000080005f8      0x1d8 Free_RTOS/tasks.o
                0x00000000080005f8                xTaskResumeAll
 .text.xTaskIncrementTick
                0x00000000080007d0      0x20c Free_RTOS/tasks.o
                0x00000000080007d0                xTaskIncrementTick
 .text.vTaskSwitchContext
                0x00000000080009dc       0x8c Free_RTOS/tasks.o
                0x00000000080009dc                vTaskSwitchContext
 .text.prvIdleTask
                0x0000000008000a68       0x30 Free_RTOS/tasks.o
 .text.prvInitialiseTaskLists
                0x0000000008000a98       0x80 Free_RTOS/tasks.o
 .text.prvCheckTasksWaitingTermination
                0x0000000008000b18       0x58 Free_RTOS/tasks.o
 .text.prvDeleteTCB
                0x0000000008000b70       0x20 Free_RTOS/tasks.o
 .text.prvResetNextTaskUnblockTime
                0x0000000008000b90       0x34 Free_RTOS/tasks.o
 .text.prvAddCurrentTaskToDelayedList
                0x0000000008000bc4      0x100 Free_RTOS/tasks.o
 .text.pxPortInitialiseStack
                0x0000000008000cc4       0x58 Free_RTOS/portable/GCC/ARM_CM3/port.o
                0x0000000008000cc4                pxPortInitialiseStack
 .text.prvTaskExitError
                0x0000000008000d1c       0x2e Free_RTOS/portable/GCC/ARM_CM3/port.o
 *fill*         0x0000000008000d4a        0x6 
 .text.SVC_Handler
                0x0000000008000d50       0x28 Free_RTOS/portable/GCC/ARM_CM3/port.o
                0x0000000008000d50                SVC_Handler
 .text.prvPortStartFirstTask
                0x0000000008000d78       0x24 Free_RTOS/portable/GCC/ARM_CM3/port.o
 .text.xPortStartScheduler
                0x0000000008000d9c       0x40 Free_RTOS/portable/GCC/ARM_CM3/port.o
                0x0000000008000d9c                xPortStartScheduler
 .text.vPortEnterCritical
                0x0000000008000ddc       0x30 Free_RTOS/portable/GCC/ARM_CM3/port.o
                0x0000000008000ddc                vPortEnterCritical
 .text.vPortExitCritical
                0x0000000008000e0c       0x30 Free_RTOS/portable/GCC/ARM_CM3/port.o
                0x0000000008000e0c                vPortExitCritical
 *fill*         0x0000000008000e3c        0x4 
 .text.PendSV_Handler
                0x0000000008000e40       0x48 Free_RTOS/portable/GCC/ARM_CM3/port.o
                0x0000000008000e40                PendSV_Handler
 .text.SysTick_Handler
                0x0000000008000e88       0x40 Free_RTOS/portable/GCC/ARM_CM3/port.o
                0x0000000008000e88                SysTick_Handler
 .text.vPortSetupTimerInterrupt
                0x0000000008000ec8       0x34 Free_RTOS/portable/GCC/ARM_CM3/port.o
                0x0000000008000ec8                vPortSetupTimerInterrupt
 .text.pvPortMalloc
                0x0000000008000efc      0x15c Free_RTOS/portable/MemMang/heap_4.o
                0x0000000008000efc                pvPortMalloc
 .text.vPortFree
                0x0000000008001058       0x80 Free_RTOS/portable/MemMang/heap_4.o
                0x0000000008001058                vPortFree
 .text.prvHeapInit
                0x00000000080010d8       0xc4 Free_RTOS/portable/MemMang/heap_4.o
 .text.prvInsertBlockIntoFreeList
                0x000000000800119c       0xb0 Free_RTOS/portable/MemMang/heap_4.o
 .text.GpioPin_Init
                0x000000000800124c       0x24 Src/main.o
                0x000000000800124c                GpioPin_Init
 .text.main     0x0000000008001270       0x40 Src/main.o
                0x0000000008001270                main
 .text.BlinkLed_Handler
                0x00000000080012b0       0x1c Src/main.o
                0x00000000080012b0                BlinkLed_Handler
 .text.Reset_Handler
                0x00000000080012cc       0x50 Startup/startup_stm32f103c6tx.o
                0x00000000080012cc                Reset_Handler
 .text.Default_Handler
                0x000000000800131c        0x2 Startup/startup_stm32f103c6tx.o
                0x000000000800131c                TIM8_TRG_COM_IRQHandler
                0x000000000800131c                TIM8_CC_IRQHandler
                0x000000000800131c                DebugMon_Handler
                0x000000000800131c                TIM1_CC_IRQHandler
                0x000000000800131c                HardFault_Handler
                0x000000000800131c                TIM6_IRQHandler
                0x000000000800131c                PVD_IRQHandler
                0x000000000800131c                SDIO_IRQHandler
                0x000000000800131c                NMI_Handler
                0x000000000800131c                USB_HP_CAN_TX_IRQHandler
                0x000000000800131c                I2C2_EV_IRQHandler
                0x000000000800131c                UsageFault_Handler
                0x000000000800131c                ADC1_2_IRQHandler
                0x000000000800131c                CAN_SCE_IRQHandler
                0x000000000800131c                TAMPER_IRQHandler
                0x000000000800131c                TIM8_UP_IRQHandler
                0x000000000800131c                DMA2_Channel2_IRQHandler
                0x000000000800131c                DMA1_Channel4_IRQHandler
                0x000000000800131c                RTC_IRQHandler
                0x000000000800131c                DMA1_Channel7_IRQHandler
                0x000000000800131c                UART5_IRQHandler
                0x000000000800131c                ADC3_IRQHandler
                0x000000000800131c                TIM4_IRQHandler
                0x000000000800131c                CAN_RX1_IRQHandler
                0x000000000800131c                DMA2_Channel1_IRQHandler
                0x000000000800131c                I2C1_EV_IRQHandler
                0x000000000800131c                DMA1_Channel6_IRQHandler
                0x000000000800131c                UART4_IRQHandler
                0x000000000800131c                TIM3_IRQHandler
                0x000000000800131c                RCC_IRQHandler
                0x000000000800131c                TIM1_TRG_COM_IRQHandler
                0x000000000800131c                DMA1_Channel1_IRQHandler
                0x000000000800131c                Default_Handler
                0x000000000800131c                TIM7_IRQHandler
                0x000000000800131c                TIM5_IRQHandler
                0x000000000800131c                USB_LP_CAN_RX0_IRQHandler
                0x000000000800131c                MemManage_Handler
                0x000000000800131c                DMA1_Channel5_IRQHandler
                0x000000000800131c                DMA1_Channel3_IRQHandler
                0x000000000800131c                FSMC_IRQHandler
                0x000000000800131c                TIM1_UP_IRQHandler
                0x000000000800131c                WWDG_IRQHandler
                0x000000000800131c                TIM2_IRQHandler
                0x000000000800131c                TIM1_BRK_IRQHandler
                0x000000000800131c                RTCAlarm_IRQHandler
                0x000000000800131c                DMA2_Channel4_5_IRQHandler
                0x000000000800131c                I2C2_ER_IRQHandler
                0x000000000800131c                DMA1_Channel2_IRQHandler
                0x000000000800131c                TIM8_BRK_IRQHandler
                0x000000000800131c                FLASH_IRQHandler
                0x000000000800131c                BusFault_Handler
                0x000000000800131c                SPI3_IRQHandler
                0x000000000800131c                I2C1_ER_IRQHandler
                0x000000000800131c                DMA2_Channel3_IRQHandler
 *fill*         0x000000000800131e        0x2 
 .text.EXTI0_IRQHandler
                0x0000000008001320       0x24 Stm32f103c6_Drivers/Stm32_F103C6_EXTI_driver.o
                0x0000000008001320                EXTI0_IRQHandler
 .text.EXTI1_IRQHandler
                0x0000000008001344       0x24 Stm32f103c6_Drivers/Stm32_F103C6_EXTI_driver.o
                0x0000000008001344                EXTI1_IRQHandler
 .text.EXTI2_IRQHandler
                0x0000000008001368       0x24 Stm32f103c6_Drivers/Stm32_F103C6_EXTI_driver.o
                0x0000000008001368                EXTI2_IRQHandler
 .text.EXTI3_IRQHandler
                0x000000000800138c       0x24 Stm32f103c6_Drivers/Stm32_F103C6_EXTI_driver.o
                0x000000000800138c                EXTI3_IRQHandler
 .text.EXTI4_IRQHandler
                0x00000000080013b0       0x24 Stm32f103c6_Drivers/Stm32_F103C6_EXTI_driver.o
                0x00000000080013b0                EXTI4_IRQHandler
 .text.EXTI9_5_IRQHandler
                0x00000000080013d4       0xa8 Stm32f103c6_Drivers/Stm32_F103C6_EXTI_driver.o
                0x00000000080013d4                EXTI9_5_IRQHandler
 .text.EXTI15_10_IRQHandler
                0x000000000800147c       0xc4 Stm32f103c6_Drivers/Stm32_F103C6_EXTI_driver.o
                0x000000000800147c                EXTI15_10_IRQHandler
 .text.SPI1_IRQHandler
                0x0000000008001540       0x58 Stm32f103c6_Drivers/Stm32_F103C6_SPI_driver.o
                0x0000000008001540                SPI1_IRQHandler
 .text.SPI2_IRQHandler
                0x0000000008001598       0x58 Stm32f103c6_Drivers/Stm32_F103C6_SPI_driver.o
                0x0000000008001598                SPI2_IRQHandler
 .text.USART1_IRQHandler
                0x00000000080015f0       0x14 Stm32f103c6_Drivers/Stm32_F103C6_UART_driver.o
                0x00000000080015f0                USART1_IRQHandler
 .text.USART2_IRQHandler
                0x0000000008001604       0x14 Stm32f103c6_Drivers/Stm32_F103C6_UART_driver.o
                0x0000000008001604                USART2_IRQHandler
 .text.USART3_IRQHandler
                0x0000000008001618       0x14 Stm32f103c6_Drivers/Stm32_F103C6_UART_driver.o
                0x0000000008001618                USART3_IRQHandler
 .text.MCAL_GPIO_Init
                0x000000000800162c       0xa4 Stm32f103c6_Drivers/Stm32_F103C6_gpio_driver.o
                0x000000000800162c                MCAL_GPIO_Init
 .text.MCAL_GPIO_TogglePin
                0x00000000080016d0       0x28 Stm32f103c6_Drivers/Stm32_F103C6_gpio_driver.o
                0x00000000080016d0                MCAL_GPIO_TogglePin
 .text.__libc_init_array
                0x00000000080016f8       0x48 d:/online_emb_diploma/installations/st/stm32cubeide_1.4.0/stm32cubeide/plugins/com.st.stm32cube.ide.mcu.externaltools.gnu-tools-for-stm32.7-2018-q2-update.win32_1.4.0.202007081208/tools/bin/../lib/gcc/arm-none-eabi/7.3.1/../../../../arm-none-eabi/lib/thumb/v7-m\libc_nano.a(lib_a-init.o)
                0x00000000080016f8                __libc_init_array
 .text.memset   0x0000000008001740       0x10 d:/online_emb_diploma/installations/st/stm32cubeide_1.4.0/stm32cubeide/plugins/com.st.stm32cube.ide.mcu.externaltools.gnu-tools-for-stm32.7-2018-q2-update.win32_1.4.0.202007081208/tools/bin/../lib/gcc/arm-none-eabi/7.3.1/../../../../arm-none-eabi/lib/thumb/v7-m\libc_nano.a(lib_a-memset.o)
                0x0000000008001740                memset
 *(.glue_7)
 .glue_7        0x0000000008001750        0x0 linker stubs
 *(.glue_7t)
 .glue_7t       0x0000000008001750        0x0 linker stubs
 *(.eh_frame)
 .eh_frame      0x0000000008001750        0x0 d:/online_emb_diploma/installations/st/stm32cubeide_1.4.0/stm32cubeide/plugins/com.st.stm32cube.ide.mcu.externaltools.gnu-tools-for-stm32.7-2018-q2-update.win32_1.4.0.202007081208/tools/bin/../lib/gcc/arm-none-eabi/7.3.1/thumb/v7-m/crtbegin.o
 *(.init)
 .init          0x0000000008001750        0x4 d:/online_emb_diploma/installations/st/stm32cubeide_1.4.0/stm32cubeide/plugins/com.st.stm32cube.ide.mcu.externaltools.gnu-tools-for-stm32.7-2018-q2-update.win32_1.4.0.202007081208/tools/bin/../lib/gcc/arm-none-eabi/7.3.1/thumb/v7-m/crti.o
                0x0000000008001750                _init
 .init          0x0000000008001754        0x8 d:/online_emb_diploma/installations/st/stm32cubeide_1.4.0/stm32cubeide/plugins/com.st.stm32cube.ide.mcu.externaltools.gnu-tools-for-stm32.7-2018-q2-update.win32_1.4.0.202007081208/tools/bin/../lib/gcc/arm-none-eabi/7.3.1/thumb/v7-m/crtn.o
 *(.fini)
 .fini          0x000000000800175c        0x4 d:/online_emb_diploma/installations/st/stm32cubeide_1.4.0/stm32cubeide/plugins/com.st.stm32cube.ide.mcu.externaltools.gnu-tools-for-stm32.7-2018-q2-update.win32_1.4.0.202007081208/tools/bin/../lib/gcc/arm-none-eabi/7.3.1/thumb/v7-m/crti.o
                0x000000000800175c                _fini
 .fini          0x0000000008001760        0x8 d:/online_emb_diploma/installations/st/stm32cubeide_1.4.0/stm32cubeide/plugins/com.st.stm32cube.ide.mcu.externaltools.gnu-tools-for-stm32.7-2018-q2-update.win32_1.4.0.202007081208/tools/bin/../lib/gcc/arm-none-eabi/7.3.1/thumb/v7-m/crtn.o
                0x0000000008001768                . = ALIGN (0x4)
                0x0000000008001768                _etext = .

.vfp11_veneer   0x0000000008001768        0x0
 .vfp11_veneer  0x0000000008001768        0x0 linker stubs

.v4_bx          0x0000000008001768        0x0
 .v4_bx         0x0000000008001768        0x0 linker stubs

.iplt           0x0000000008001768        0x0
 .iplt          0x0000000008001768        0x0 d:/online_emb_diploma/installations/st/stm32cubeide_1.4.0/stm32cubeide/plugins/com.st.stm32cube.ide.mcu.externaltools.gnu-tools-for-stm32.7-2018-q2-update.win32_1.4.0.202007081208/tools/bin/../lib/gcc/arm-none-eabi/7.3.1/thumb/v7-m/crtbegin.o

.rodata         0x0000000008001768       0x1c
                0x0000000008001768                . = ALIGN (0x4)
 *(.rodata)
 .rodata        0x0000000008001768        0x5 Free_RTOS/tasks.o
 *fill*         0x000000000800176d        0x3 
 .rodata        0x0000000008001770       0x13 Src/main.o
 *(.rodata*)
                0x0000000008001784                . = ALIGN (0x4)
 *fill*         0x0000000008001783        0x1 

.rel.dyn        0x0000000008001784        0x0
 .rel.iplt      0x0000000008001784        0x0 d:/online_emb_diploma/installations/st/stm32cubeide_1.4.0/stm32cubeide/plugins/com.st.stm32cube.ide.mcu.externaltools.gnu-tools-for-stm32.7-2018-q2-update.win32_1.4.0.202007081208/tools/bin/../lib/gcc/arm-none-eabi/7.3.1/thumb/v7-m/crtbegin.o

.ARM.extab      0x0000000008001784        0x0
                0x0000000008001784                . = ALIGN (0x4)
 *(.ARM.extab* .gnu.linkonce.armextab.*)
                0x0000000008001784                . = ALIGN (0x4)

.ARM            0x0000000008001784        0x0
                0x0000000008001784                . = ALIGN (0x4)
                0x0000000008001784                __exidx_start = .
 *(.ARM.exidx*)
                0x0000000008001784                __exidx_end = .
                0x0000000008001784                . = ALIGN (0x4)

.preinit_array  0x0000000008001784        0x0
                0x0000000008001784                . = ALIGN (0x4)
                0x0000000008001784                PROVIDE (__preinit_array_start = .)
 *(.preinit_array*)
                0x0000000008001784                PROVIDE (__preinit_array_end = .)
                0x0000000008001784                . = ALIGN (0x4)

.init_array     0x0000000008001784        0x4
                0x0000000008001784                . = ALIGN (0x4)
                0x0000000008001784                PROVIDE (__init_array_start = .)
 *(SORT_BY_NAME(.init_array.*))
 *(.init_array*)
 .init_array    0x0000000008001784        0x4 d:/online_emb_diploma/installations/st/stm32cubeide_1.4.0/stm32cubeide/plugins/com.st.stm32cube.ide.mcu.externaltools.gnu-tools-for-stm32.7-2018-q2-update.win32_1.4.0.202007081208/tools/bin/../lib/gcc/arm-none-eabi/7.3.1/thumb/v7-m/crtbegin.o
                0x0000000008001788                PROVIDE (__init_array_end = .)
                0x0000000008001788                . = ALIGN (0x4)

.fini_array     0x0000000008001788        0x4
                0x0000000008001788                . = ALIGN (0x4)
                [!provide]                        PROVIDE (__fini_array_start = .)
 *(SORT_BY_NAME(.fini_array.*))
 *(.fini_array*)
 .fini_array    0x0000000008001788        0x4 d:/online_emb_diploma/installations/st/stm32cubeide_1.4.0/stm32cubeide/plugins/com.st.stm32cube.ide.mcu.externaltools.gnu-tools-for-stm32.7-2018-q2-update.win32_1.4.0.202007081208/tools/bin/../lib/gcc/arm-none-eabi/7.3.1/thumb/v7-m/crtbegin.o
                [!provide]                        PROVIDE (__fini_array_end = .)
                0x000000000800178c                . = ALIGN (0x4)
                0x000000000800178c                _sidata = LOADADDR (.data)

.data           0x0000000020000000        0x8 load address 0x000000000800178c
                0x0000000020000000                . = ALIGN (0x4)
                0x0000000020000000                _sdata = .
 *(.data)
 *(.data*)
 .data.uxTopUsedPriority
                0x0000000020000000        0x4 Free_RTOS/tasks.o
                0x0000000020000000                uxTopUsedPriority
 .data.uxCriticalNesting
                0x0000000020000004        0x4 Free_RTOS/portable/GCC/ARM_CM3/port.o
                0x0000000020000008                . = ALIGN (0x4)
                0x0000000020000008                _edata = .

.igot.plt       0x0000000020000008        0x0 load address 0x0000000008001794
 .igot.plt      0x0000000020000008        0x0 d:/online_emb_diploma/installations/st/stm32cubeide_1.4.0/stm32cubeide/plugins/com.st.stm32cube.ide.mcu.externaltools.gnu-tools-for-stm32.7-2018-q2-update.win32_1.4.0.202007081208/tools/bin/../lib/gcc/arm-none-eabi/7.3.1/thumb/v7-m/crtbegin.o
                0x0000000020000008                . = ALIGN (0x4)

.bss            0x0000000020000008     0x21d0 load address 0x0000000008001794
                0x0000000020000008                _sbss = .
                0x0000000020000008                __bss_start__ = _sbss
 *(.bss)
 .bss           0x0000000020000008       0x1c d:/online_emb_diploma/installations/st/stm32cubeide_1.4.0/stm32cubeide/plugins/com.st.stm32cube.ide.mcu.externaltools.gnu-tools-for-stm32.7-2018-q2-update.win32_1.4.0.202007081208/tools/bin/../lib/gcc/arm-none-eabi/7.3.1/thumb/v7-m/crtbegin.o
 *(.bss*)
 .bss.pxCurrentTCB
                0x0000000020000024        0x4 Free_RTOS/tasks.o
                0x0000000020000024                pxCurrentTCB
 .bss.pxReadyTasksLists
                0x0000000020000028       0x64 Free_RTOS/tasks.o
 .bss.xDelayedTaskList1
                0x000000002000008c       0x14 Free_RTOS/tasks.o
 .bss.xDelayedTaskList2
                0x00000000200000a0       0x14 Free_RTOS/tasks.o
 .bss.pxDelayedTaskList
                0x00000000200000b4        0x4 Free_RTOS/tasks.o
 .bss.pxOverflowDelayedTaskList
                0x00000000200000b8        0x4 Free_RTOS/tasks.o
 .bss.xPendingReadyList
                0x00000000200000bc       0x14 Free_RTOS/tasks.o
 .bss.xTasksWaitingTermination
                0x00000000200000d0       0x14 Free_RTOS/tasks.o
 .bss.uxDeletedTasksWaitingCleanUp
                0x00000000200000e4        0x4 Free_RTOS/tasks.o
 .bss.xSuspendedTaskList
                0x00000000200000e8       0x14 Free_RTOS/tasks.o
 .bss.uxCurrentNumberOfTasks
                0x00000000200000fc        0x4 Free_RTOS/tasks.o
 .bss.xTickCount
                0x0000000020000100        0x4 Free_RTOS/tasks.o
 .bss.uxTopReadyPriority
                0x0000000020000104        0x4 Free_RTOS/tasks.o
 .bss.xSchedulerRunning
                0x0000000020000108        0x4 Free_RTOS/tasks.o
 .bss.xPendedTicks
                0x000000002000010c        0x4 Free_RTOS/tasks.o
 .bss.xYieldPending
                0x0000000020000110        0x4 Free_RTOS/tasks.o
 .bss.xNumOfOverflows
                0x0000000020000114        0x4 Free_RTOS/tasks.o
 .bss.uxTaskNumber
                0x0000000020000118        0x4 Free_RTOS/tasks.o
 .bss.xNextTaskUnblockTime
                0x000000002000011c        0x4 Free_RTOS/tasks.o
 .bss.xIdleTaskHandle
                0x0000000020000120        0x4 Free_RTOS/tasks.o
 .bss.uxSchedulerSuspended
                0x0000000020000124        0x4 Free_RTOS/tasks.o
 .bss.ucHeap    0x0000000020000128     0x2000 Free_RTOS/portable/MemMang/heap_4.o
 .bss.xStart    0x0000000020002128        0x8 Free_RTOS/portable/MemMang/heap_4.o
 .bss.pxEnd     0x0000000020002130        0x4 Free_RTOS/portable/MemMang/heap_4.o
 .bss.xFreeBytesRemaining
                0x0000000020002134        0x4 Free_RTOS/portable/MemMang/heap_4.o
 .bss.xMinimumEverFreeBytesRemaining
                0x0000000020002138        0x4 Free_RTOS/portable/MemMang/heap_4.o
 .bss.xNumberOfSuccessfulAllocations
                0x000000002000213c        0x4 Free_RTOS/portable/MemMang/heap_4.o
 .bss.xNumberOfSuccessfulFrees
                0x0000000020002140        0x4 Free_RTOS/portable/MemMang/heap_4.o
 .bss.xBlockAllocatedBit
                0x0000000020002144        0x4 Free_RTOS/portable/MemMang/heap_4.o
 .bss.xHandle   0x0000000020002148        0x4 Src/main.o
                0x0000000020002148                xHandle
 .bss.Global_SPI_Config
                0x000000002000214c        0x8 Stm32f103c6_Drivers/Stm32_F103C6_SPI_driver.o
                0x000000002000214c                Global_SPI_Config
 *(COMMON)
 COMMON         0x0000000020002154       0x3c Stm32f103c6_Drivers/Stm32_F103C6_EXTI_driver.o
                0x0000000020002154                GP_CallBack
 COMMON         0x0000000020002190       0x48 Stm32f103c6_Drivers/Stm32_F103C6_UART_driver.o
                0x0000000020002190                Global_UART1_Config
                0x0000000020002194                Global_UART_Config
                0x00000000200021d0                Global_UART2_Config
                0x00000000200021d4                Global_UART3_Config
                0x00000000200021d8                . = ALIGN (0x4)
                0x00000000200021d8                _ebss = .
                0x00000000200021d8                __bss_end__ = _ebss

._user_heap_stack
                0x00000000200021d8      0x600 load address 0x0000000008001794
                0x00000000200021d8                . = ALIGN (0x8)
                [!provide]                        PROVIDE (end = .)
                0x00000000200021d8                PROVIDE (_end = .)
                0x00000000200023d8                . = (. + _Min_Heap_Size)
 *fill*         0x00000000200021d8      0x200 
                0x00000000200027d8                . = (. + _Min_Stack_Size)
 *fill*         0x00000000200023d8      0x400 
                0x00000000200027d8                . = ALIGN (0x8)

/DISCARD/
 libc.a(*)
 libm.a(*)
 libgcc.a(*)

.ARM.attributes
                0x0000000000000000       0x29
 *(.ARM.attributes)
 .ARM.attributes
                0x0000000000000000       0x1d d:/online_emb_diploma/installations/st/stm32cubeide_1.4.0/stm32cubeide/plugins/com.st.stm32cube.ide.mcu.externaltools.gnu-tools-for-stm32.7-2018-q2-update.win32_1.4.0.202007081208/tools/bin/../lib/gcc/arm-none-eabi/7.3.1/thumb/v7-m/crti.o
 .ARM.attributes
                0x000000000000001d       0x2d d:/online_emb_diploma/installations/st/stm32cubeide_1.4.0/stm32cubeide/plugins/com.st.stm32cube.ide.mcu.externaltools.gnu-tools-for-stm32.7-2018-q2-update.win32_1.4.0.202007081208/tools/bin/../lib/gcc/arm-none-eabi/7.3.1/thumb/v7-m/crtbegin.o
 .ARM.attributes
                0x000000000000004a       0x33 Free_RTOS/list.o
 .ARM.attributes
                0x000000000000007d       0x33 Free_RTOS/tasks.o
 .ARM.attributes
                0x00000000000000b0       0x33 Free_RTOS/portable/GCC/ARM_CM3/port.o
 .ARM.attributes
                0x00000000000000e3       0x33 Free_RTOS/portable/MemMang/heap_4.o
 .ARM.attributes
                0x0000000000000116       0x33 Src/main.o
 .ARM.attributes
                0x0000000000000149       0x21 Startup/startup_stm32f103c6tx.o
 .ARM.attributes
                0x000000000000016a       0x33 Stm32f103c6_Drivers/Stm32_F103C6_EXTI_driver.o
 .ARM.attributes
                0x000000000000019d       0x33 Stm32f103c6_Drivers/Stm32_F103C6_SPI_driver.o
 .ARM.attributes
                0x00000000000001d0       0x33 Stm32f103c6_Drivers/Stm32_F103C6_UART_driver.o
 .ARM.attributes
                0x0000000000000203       0x33 Stm32f103c6_Drivers/Stm32_F103C6_gpio_driver.o
 .ARM.attributes
                0x0000000000000236       0x2d d:/online_emb_diploma/installations/st/stm32cubeide_1.4.0/stm32cubeide/plugins/com.st.stm32cube.ide.mcu.externaltools.gnu-tools-for-stm32.7-2018-q2-update.win32_1.4.0.202007081208/tools/bin/../lib/gcc/arm-none-eabi/7.3.1/../../../../arm-none-eabi/lib/thumb/v7-m\libc_nano.a(lib_a-init.o)
 .ARM.attributes
                0x0000000000000263       0x2d d:/online_emb_diploma/installations/st/stm32cubeide_1.4.0/stm32cubeide/plugins/com.st.stm32cube.ide.mcu.externaltools.gnu-tools-for-stm32.7-2018-q2-update.win32_1.4.0.202007081208/tools/bin/../lib/gcc/arm-none-eabi/7.3.1/../../../../arm-none-eabi/lib/thumb/v7-m\libc_nano.a(lib_a-memset.o)
 .ARM.attributes
                0x0000000000000290       0x1d d:/online_emb_diploma/installations/st/stm32cubeide_1.4.0/stm32cubeide/plugins/com.st.stm32cube.ide.mcu.externaltools.gnu-tools-for-stm32.7-2018-q2-update.win32_1.4.0.202007081208/tools/bin/../lib/gcc/arm-none-eabi/7.3.1/thumb/v7-m/crtn.o
OUTPUT(FreeRtos_BlinkingLed.elf elf32-littlearm)

.debug_info     0x0000000000000000     0x76dc
 .debug_info    0x0000000000000000      0xac0 Free_RTOS/list.o
 .debug_info    0x0000000000000ac0     0x201c Free_RTOS/tasks.o
 .debug_info    0x0000000000002adc      0x2df Free_RTOS/portable/GCC/ARM_CM3/port.o
 .debug_info    0x0000000000002dbb      0xc0f Free_RTOS/portable/MemMang/heap_4.o
 .debug_info    0x00000000000039ca      0xa64 Src/main.o
 .debug_info    0x000000000000442e       0x22 Startup/startup_stm32f103c6tx.o
 .debug_info    0x0000000000004450      0xc42 Stm32f103c6_Drivers/Stm32_F103C6_EXTI_driver.o
 .debug_info    0x0000000000005092      0xddb Stm32f103c6_Drivers/Stm32_F103C6_SPI_driver.o
 .debug_info    0x0000000000005e6d      0xd4a Stm32f103c6_Drivers/Stm32_F103C6_UART_driver.o
 .debug_info    0x0000000000006bb7      0xb25 Stm32f103c6_Drivers/Stm32_F103C6_gpio_driver.o

.debug_abbrev   0x0000000000000000     0x139c
 .debug_abbrev  0x0000000000000000      0x1cf Free_RTOS/list.o
 .debug_abbrev  0x00000000000001cf      0x336 Free_RTOS/tasks.o
 .debug_abbrev  0x0000000000000505      0x1cb Free_RTOS/portable/GCC/ARM_CM3/port.o
 .debug_abbrev  0x00000000000006d0      0x23d Free_RTOS/portable/MemMang/heap_4.o
 .debug_abbrev  0x000000000000090d      0x1dc Src/main.o
 .debug_abbrev  0x0000000000000ae9       0x12 Startup/startup_stm32f103c6tx.o
 .debug_abbrev  0x0000000000000afb      0x21d Stm32f103c6_Drivers/Stm32_F103C6_EXTI_driver.o
 .debug_abbrev  0x0000000000000d18      0x285 Stm32f103c6_Drivers/Stm32_F103C6_SPI_driver.o
 .debug_abbrev  0x0000000000000f9d      0x248 Stm32f103c6_Drivers/Stm32_F103C6_UART_driver.o
 .debug_abbrev  0x00000000000011e5      0x1b7 Stm32f103c6_Drivers/Stm32_F103C6_gpio_driver.o

.debug_aranges  0x0000000000000000      0x478
 .debug_aranges
                0x0000000000000000       0x40 Free_RTOS/list.o
 .debug_aranges
                0x0000000000000040      0x188 Free_RTOS/tasks.o
 .debug_aranges
                0x00000000000001c8       0x70 Free_RTOS/portable/GCC/ARM_CM3/port.o
 .debug_aranges
                0x0000000000000238       0x58 Free_RTOS/portable/MemMang/heap_4.o
 .debug_aranges
                0x0000000000000290       0x30 Src/main.o
 .debug_aranges
                0x00000000000002c0       0x28 Startup/startup_stm32f103c6tx.o
 .debug_aranges
                0x00000000000002e8       0x80 Stm32f103c6_Drivers/Stm32_F103C6_EXTI_driver.o
 .debug_aranges
                0x0000000000000368       0x58 Stm32f103c6_Drivers/Stm32_F103C6_SPI_driver.o
 .debug_aranges
                0x00000000000003c0       0x60 Stm32f103c6_Drivers/Stm32_F103C6_UART_driver.o
 .debug_aranges
                0x0000000000000420       0x58 Stm32f103c6_Drivers/Stm32_F103C6_gpio_driver.o

.debug_ranges   0x0000000000000000      0x3e0
 .debug_ranges  0x0000000000000000       0x30 Free_RTOS/list.o
 .debug_ranges  0x0000000000000030      0x178 Free_RTOS/tasks.o
 .debug_ranges  0x00000000000001a8       0x60 Free_RTOS/portable/GCC/ARM_CM3/port.o
 .debug_ranges  0x0000000000000208       0x48 Free_RTOS/portable/MemMang/heap_4.o
 .debug_ranges  0x0000000000000250       0x20 Src/main.o
 .debug_ranges  0x0000000000000270       0x20 Startup/startup_stm32f103c6tx.o
 .debug_ranges  0x0000000000000290       0x70 Stm32f103c6_Drivers/Stm32_F103C6_EXTI_driver.o
 .debug_ranges  0x0000000000000300       0x48 Stm32f103c6_Drivers/Stm32_F103C6_SPI_driver.o
 .debug_ranges  0x0000000000000348       0x50 Stm32f103c6_Drivers/Stm32_F103C6_UART_driver.o
 .debug_ranges  0x0000000000000398       0x48 Stm32f103c6_Drivers/Stm32_F103C6_gpio_driver.o

.debug_macro    0x0000000000000000     0x1a39
 .debug_macro   0x0000000000000000      0x18b Free_RTOS/list.o
 .debug_macro   0x000000000000018b      0x271 Free_RTOS/tasks.o
 .debug_macro   0x00000000000003fc       0x10 Free_RTOS/tasks.o
 .debug_macro   0x000000000000040c      0x177 Free_RTOS/portable/GCC/ARM_CM3/port.o
 .debug_macro   0x0000000000000583      0x1a6 Free_RTOS/portable/MemMang/heap_4.o
 .debug_macro   0x0000000000000729      0x1b2 Src/main.o
 .debug_macro   0x00000000000008db      0x68e Src/main.o
 .debug_macro   0x0000000000000f69       0xd0 Src/main.o
 .debug_macro   0x0000000000001039      0x158 Stm32f103c6_Drivers/Stm32_F103C6_EXTI_driver.o
 .debug_macro   0x0000000000001191       0xd6 Stm32f103c6_Drivers/Stm32_F103C6_EXTI_driver.o
 .debug_macro   0x0000000000001267      0x21a Stm32f103c6_Drivers/Stm32_F103C6_EXTI_driver.o
 .debug_macro   0x0000000000001481      0x16a Stm32f103c6_Drivers/Stm32_F103C6_SPI_driver.o
 .debug_macro   0x00000000000015eb       0xbe Stm32f103c6_Drivers/Stm32_F103C6_SPI_driver.o
 .debug_macro   0x00000000000016a9      0x163 Stm32f103c6_Drivers/Stm32_F103C6_UART_driver.o
 .debug_macro   0x000000000000180c       0xe8 Stm32f103c6_Drivers/Stm32_F103C6_UART_driver.o
 .debug_macro   0x00000000000018f4      0x145 Stm32f103c6_Drivers/Stm32_F103C6_gpio_driver.o

.debug_line     0x0000000000000000     0x4fd1
 .debug_line    0x0000000000000000      0x7d4 Free_RTOS/list.o
 .debug_line    0x00000000000007d4      0xfed Free_RTOS/tasks.o
 .debug_line    0x00000000000017c1      0x72e Free_RTOS/portable/GCC/ARM_CM3/port.o
 .debug_line    0x0000000000001eef      0x896 Free_RTOS/portable/MemMang/heap_4.o
 .debug_line    0x0000000000002785      0x834 Src/main.o
 .debug_line    0x0000000000002fb9       0x84 Startup/startup_stm32f103c6tx.o
 .debug_line    0x000000000000303d      0x865 Stm32f103c6_Drivers/Stm32_F103C6_EXTI_driver.o
 .debug_line    0x00000000000038a2      0x7d4 Stm32f103c6_Drivers/Stm32_F103C6_SPI_driver.o
 .debug_line    0x0000000000004076      0x808 Stm32f103c6_Drivers/Stm32_F103C6_UART_driver.o
 .debug_line    0x000000000000487e      0x753 Stm32f103c6_Drivers/Stm32_F103C6_gpio_driver.o

.debug_str      0x0000000000000000    0x12963
 .debug_str     0x0000000000000000     0xa9e3 Free_RTOS/list.o
                                       0xac62 (size before relaxing)
 .debug_str     0x000000000000a9e3     0x2c66 Free_RTOS/tasks.o
                                       0xd8c2 (size before relaxing)
 .debug_str     0x000000000000d649      0x5fd Free_RTOS/portable/GCC/ARM_CM3/port.o
                                       0x93b8 (size before relaxing)
 .debug_str     0x000000000000dc46      0x30f Free_RTOS/portable/MemMang/heap_4.o
                                       0xc0bd (size before relaxing)
 .debug_str     0x000000000000df55     0x240f Src/main.o
                                       0xe15b (size before relaxing)
 .debug_str     0x0000000000010364       0x31 Startup/startup_stm32f103c6tx.o
                                         0x88 (size before relaxing)
 .debug_str     0x0000000000010395     0x1516 Stm32f103c6_Drivers/Stm32_F103C6_EXTI_driver.o
                                       0xa7fd (size before relaxing)
 .debug_str     0x00000000000118ab      0x759 Stm32f103c6_Drivers/Stm32_F103C6_SPI_driver.o
                                       0x9a80 (size before relaxing)
 .debug_str     0x0000000000012004      0x896 Stm32f103c6_Drivers/Stm32_F103C6_UART_driver.o
                                       0x9be9 (size before relaxing)
 .debug_str     0x000000000001289a       0xc9 Stm32f103c6_Drivers/Stm32_F103C6_gpio_driver.o
                                       0x93d1 (size before relaxing)

.comment        0x0000000000000000       0x7b
 .comment       0x0000000000000000       0x7b Free_RTOS/list.o
                                         0x7c (size before relaxing)
 .comment       0x000000000000007b       0x7c Free_RTOS/tasks.o
 .comment       0x000000000000007b       0x7c Free_RTOS/portable/GCC/ARM_CM3/port.o
 .comment       0x000000000000007b       0x7c Free_RTOS/portable/MemMang/heap_4.o
 .comment       0x000000000000007b       0x7c Src/main.o
 .comment       0x000000000000007b       0x7c Stm32f103c6_Drivers/Stm32_F103C6_EXTI_driver.o
 .comment       0x000000000000007b       0x7c Stm32f103c6_Drivers/Stm32_F103C6_SPI_driver.o
 .comment       0x000000000000007b       0x7c Stm32f103c6_Drivers/Stm32_F103C6_UART_driver.o
 .comment       0x000000000000007b       0x7c Stm32f103c6_Drivers/Stm32_F103C6_gpio_driver.o

.debug_frame    0x0000000000000000     0x1060
 .debug_frame   0x0000000000000000       0xd8 Free_RTOS/list.o
 .debug_frame   0x00000000000000d8      0x6a4 Free_RTOS/tasks.o
 .debug_frame   0x000000000000077c      0x160 Free_RTOS/portable/GCC/ARM_CM3/port.o
 .debug_frame   0x00000000000008dc      0x12c Free_RTOS/portable/MemMang/heap_4.o
 .debug_frame   0x0000000000000a08       0x74 Src/main.o
 .debug_frame   0x0000000000000a7c      0x1b0 Stm32f103c6_Drivers/Stm32_F103C6_EXTI_driver.o
 .debug_frame   0x0000000000000c2c      0x148 Stm32f103c6_Drivers/Stm32_F103C6_SPI_driver.o
 .debug_frame   0x0000000000000d74      0x150 Stm32f103c6_Drivers/Stm32_F103C6_UART_driver.o
 .debug_frame   0x0000000000000ec4      0x150 Stm32f103c6_Drivers/Stm32_F103C6_gpio_driver.o
 .debug_frame   0x0000000000001014       0x2c d:/online_emb_diploma/installations/st/stm32cubeide_1.4.0/stm32cubeide/plugins/com.st.stm32cube.ide.mcu.externaltools.gnu-tools-for-stm32.7-2018-q2-update.win32_1.4.0.202007081208/tools/bin/../lib/gcc/arm-none-eabi/7.3.1/../../../../arm-none-eabi/lib/thumb/v7-m\libc_nano.a(lib_a-init.o)
 .debug_frame   0x0000000000001040       0x20 d:/online_emb_diploma/installations/st/stm32cubeide_1.4.0/stm32cubeide/plugins/com.st.stm32cube.ide.mcu.externaltools.gnu-tools-for-stm32.7-2018-q2-update.win32_1.4.0.202007081208/tools/bin/../lib/gcc/arm-none-eabi/7.3.1/../../../../arm-none-eabi/lib/thumb/v7-m\libc_nano.a(lib_a-memset.o)
