Stm32_F103C6_UART_driver.c:32:6:MCAL_USART_Init	24	static
Stm32_F103C6_UART_driver.c:89:6:MCAL_USART_DeInit	16	static
Stm32_F103C6_UART_driver.c:116:6:MCAL_USART_SetPins	32	static
Stm32_F103C6_UART_driver.c:186:6:MCAL_USART_Send	32	static
Stm32_F103C6_UART_driver.c:222:6:MCAL_USART_Recieve	32	static
Stm32_F103C6_UART_driver.c:266:6:MCAL_USART_Wait_TC	16	static
Stm32_F103C6_UART_driver.c:273:6:USART1_IRQHandler	8	static
Stm32_F103C6_UART_driver.c:278:6:USART2_IRQHandler	8	static
Stm32_F103C6_UART_driver.c:283:6:USART3_IRQHandler	8	static
