22:34:50 **** Build of configuration Debug for project Drivers ****
make -j4 all 
arm-none-eabi-gcc -gdwarf-2 "../Stm32f103c6_Drivers/Stm32_F103C6_gpio_driver.c" -mcpu=cortex-m3 -std=gnu11 -g3 -DSTM32 -DSTM32F1 -DSTM32F103C6Tx -DDEBUG -c -I../Inc -I"D:/Online_Emb_Diploma/GitHub/Online_Embedded_Diploma/Unit7/Lesson4/Drivers/Stm32f103c6_Drivers/inc" -O0 -ffunction-sections -fdata-sections -Wall -fstack-usage -MMD -MP -MF"Stm32f103c6_Drivers/Stm32_F103C6_gpio_driver.d" -MT"Stm32f103c6_Drivers/Stm32_F103C6_gpio_driver.o" --specs=nano.specs -mfloat-abi=soft -mthumb -o "Stm32f103c6_Drivers/Stm32_F103C6_gpio_driver.o"
arm-none-eabi-gcc -gdwarf-2 -mcpu=cortex-m3 -g3 -c -x assembler-with-cpp -MMD -MP -MF"Startup/startup_stm32f103c6tx.d" -MT"Startup/startup_stm32f103c6tx.o" --specs=nano.specs -mfloat-abi=soft -mthumb -o "Startup/startup_stm32f103c6tx.o" "../Startup/startup_stm32f103c6tx.s"
arm-none-eabi-gcc -gdwarf-2 "../Src/main.c" -mcpu=cortex-m3 -std=gnu11 -g3 -DSTM32 -DSTM32F1 -DSTM32F103C6Tx -DDEBUG -c -I../Inc -I"D:/Online_Emb_Diploma/GitHub/Online_Embedded_Diploma/Unit7/Lesson4/Drivers/Stm32f103c6_Drivers/inc" -O0 -ffunction-sections -fdata-sections -Wall -fstack-usage -MMD -MP -MF"Src/main.d" -MT"Src/main.o" --specs=nano.specs -mfloat-abi=soft -mthumb -o "Src/main.o"
arm-none-eabi-gcc -gdwarf-2 "../Src/syscalls.c" -mcpu=cortex-m3 -std=gnu11 -g3 -DSTM32 -DSTM32F1 -DSTM32F103C6Tx -DDEBUG -c -I../Inc -I"D:/Online_Emb_Diploma/GitHub/Online_Embedded_Diploma/Unit7/Lesson4/Drivers/Stm32f103c6_Drivers/inc" -O0 -ffunction-sections -fdata-sections -Wall -fstack-usage -MMD -MP -MF"Src/syscalls.d" -MT"Src/syscalls.o" --specs=nano.specs -mfloat-abi=soft -mthumb -o "Src/syscalls.o"
arm-none-eabi-gcc -gdwarf-2 "../Src/sysmem.c" -mcpu=cortex-m3 -std=gnu11 -g3 -DSTM32 -DSTM32F1 -DSTM32F103C6Tx -DDEBUG -c -I../Inc -I"D:/Online_Emb_Diploma/GitHub/Online_Embedded_Diploma/Unit7/Lesson4/Drivers/Stm32f103c6_Drivers/inc" -O0 -ffunction-sections -fdata-sections -Wall -fstack-usage -MMD -MP -MF"Src/sysmem.d" -MT"Src/sysmem.o" --specs=nano.specs -mfloat-abi=soft -mthumb -o "Src/sysmem.o"
arm-none-eabi-gcc -gdwarf-2 -o "Drivers.elf" @"objects.list"   -mcpu=cortex-m3 -T"D:\Online_Emb_Diploma\GitHub\Online_Embedded_Diploma\Unit7\Lesson4\Drivers\STM32F103C6TX_FLASH.ld" --specs=nosys.specs -Wl,-Map="Drivers.map" -Wl,--gc-sections -static --specs=nano.specs -mfloat-abi=soft -mthumb -Wl,--start-group -lc -lm -Wl,--end-group
Finished building target: Drivers.elf
 
arm-none-eabi-size   Drivers.elf 
arm-none-eabi-objdump -h -S  Drivers.elf  > "Drivers.list"
arm-none-eabi-objcopy  -O binary  Drivers.elf  "Drivers.bin"
   text	   data	    bss	    dec	    hex	filename
    556	      8	   1568	   2132	    854	Drivers.elf
Finished building: default.size.stdout
 
Finished building: Drivers.bin
Finished building: Drivers.list
 
 
23:00:48 **** Incremental Build of configuration Debug for project Drivers ****
make -j4 all 
arm-none-eabi-size   Drivers.elf 
   text	   data	    bss	    dec	    hex	filename
    556	      8	   1568	   2132	    854	Drivers.elf
Finished building: default.size.stdout
 
16:20:12 **** Incremental Build of configuration Debug for project Drivers ****
make -j4 all 
arm-none-eabi-gcc -gdwarf-2 "../Stm32f103c6_Drivers/Stm32_F103C6_gpio_driver.c" -mcpu=cortex-m3 -std=gnu11 -g3 -DSTM32 -DSTM32F1 -DSTM32F103C6Tx -DDEBUG -c -I../Inc -I"D:/Online_Emb_Diploma/GitHub/Online_Embedded_Diploma/Unit7/Lesson4/Drivers/Stm32f103c6_Drivers/inc" -O0 -ffunction-sections -fdata-sections -Wall -fstack-usage -MMD -MP -MF"Stm32f103c6_Drivers/Stm32_F103C6_gpio_driver.d" -MT"Stm32f103c6_Drivers/Stm32_F103C6_gpio_driver.o" --specs=nano.specs -mfloat-abi=soft -mthumb -o "Stm32f103c6_Drivers/Stm32_F103C6_gpio_driver.o"
arm-none-eabi-gcc -gdwarf-2 -o "Drivers.elf" @"objects.list"   -mcpu=cortex-m3 -T"D:\Online_Emb_Diploma\GitHub\Online_Embedded_Diploma\Unit7\Lesson4\Drivers\STM32F103C6TX_FLASH.ld" --specs=nosys.specs -Wl,-Map="Drivers.map" -Wl,--gc-sections -static --specs=nano.specs -mfloat-abi=soft -mthumb -Wl,--start-group -lc -lm -Wl,--end-group
Finished building target: Drivers.elf
 
arm-none-eabi-objdump -h -S  Drivers.elf  > "Drivers.list"
arm-none-eabi-objcopy  -O binary  Drivers.elf  "Drivers.bin"
arm-none-eabi-size   Drivers.elf 
   text	   data	    bss	    dec	    hex	filename
    556	      8	   1568	   2132	    854	Drivers.elf
Finished building: default.size.stdout
 
Finished building: Drivers.bin
Finished building: Drivers.list
 
 
20:16:41 **** Incremental Build of configuration Debug for project Drivers ****
make -j4 all 
arm-none-eabi-gcc -gdwarf-2 "../Stm32f103c6_Drivers/Stm32_F103C6_gpio_driver.c" -mcpu=cortex-m3 -std=gnu11 -g3 -DSTM32 -DSTM32F1 -DSTM32F103C6Tx -DDEBUG -c -I../Inc -I"D:/Online_Emb_Diploma/GitHub/Online_Embedded_Diploma/Unit7/Lesson4/Drivers/Stm32f103c6_Drivers/inc" -O0 -ffunction-sections -fdata-sections -Wall -fstack-usage -MMD -MP -MF"Stm32f103c6_Drivers/Stm32_F103C6_gpio_driver.d" -MT"Stm32f103c6_Drivers/Stm32_F103C6_gpio_driver.o" --specs=nano.specs -mfloat-abi=soft -mthumb -o "Stm32f103c6_Drivers/Stm32_F103C6_gpio_driver.o"
arm-none-eabi-gcc -gdwarf-2 "../Src/main.c" -mcpu=cortex-m3 -std=gnu11 -g3 -DSTM32 -DSTM32F1 -DSTM32F103C6Tx -DDEBUG -c -I../Inc -I"D:/Online_Emb_Diploma/GitHub/Online_Embedded_Diploma/Unit7/Lesson4/Drivers/Stm32f103c6_Drivers/inc" -O0 -ffunction-sections -fdata-sections -Wall -fstack-usage -MMD -MP -MF"Src/main.d" -MT"Src/main.o" --specs=nano.specs -mfloat-abi=soft -mthumb -o "Src/main.o"
../Stm32f103c6_Drivers/Stm32_F103C6_gpio_driver.c: In function 'MCAL_GPIO_ReadPIN':
../Stm32f103c6_Drivers/Stm32_F103C6_gpio_driver.c:27:16: error: called object is not a function or function pointer
  uint8_t value=GPIOx->IDR(1>>Pin_Number);
                ^~~~~
make: *** [Stm32f103c6_Drivers/subdir.mk:18: Stm32f103c6_Drivers/Stm32_F103C6_gpio_driver.o] Error 1
make: *** Waiting for unfinished jobs....
../Src/main.c: In function 'GPIO_init':
../Src/main.c:18:24: error: incompatible type for argument 2 of 'MCAL_GPIO_Init'
  MCAL_GPIO_Init(GPIOA, GPIOA13);
                        ^~~~~~~
In file included from ../Src/main.c:8:0:
D:/Online_Emb_Diploma/GitHub/Online_Embedded_Diploma/Unit7/Lesson4/Drivers/Stm32f103c6_Drivers/inc/Stm32_F103C6_gpio_driver.h:32:6: note: expected 'GPIO_PinConfig_t * {aka struct <anonymous> *}' but argument is of type 'GPIO_PinConfig_t {aka struct <anonymous>}'
 void MCAL_GPIO_Init(GPIO_t *GPIOx, GPIO_PinConfig_t* pinconfig);
      ^~~~~~~~~~~~~~
../Src/main.c:21:24: error: incompatible type for argument 2 of 'MCAL_GPIO_Init'
  MCAL_GPIO_Init(GPIOA, GPIOA1);
                        ^~~~~~
In file included from ../Src/main.c:8:0:
D:/Online_Emb_Diploma/GitHub/Online_Embedded_Diploma/Unit7/Lesson4/Drivers/Stm32f103c6_Drivers/inc/Stm32_F103C6_gpio_driver.h:32:6: note: expected 'GPIO_PinConfig_t * {aka struct <anonymous> *}' but argument is of type 'GPIO_PinConfig_t {aka struct <anonymous>}'
 void MCAL_GPIO_Init(GPIO_t *GPIOx, GPIO_PinConfig_t* pinconfig);
      ^~~~~~~~~~~~~~
../Src/main.c:23:24: error: incompatible type for argument 2 of 'MCAL_GPIO_Init'
  MCAL_GPIO_Init(GPIOB, GPIOB13);
                        ^~~~~~~
In file included from ../Src/main.c:8:0:
D:/Online_Emb_Diploma/GitHub/Online_Embedded_Diploma/Unit7/Lesson4/Drivers/Stm32f103c6_Drivers/inc/Stm32_F103C6_gpio_driver.h:32:6: note: expected 'GPIO_PinConfig_t * {aka struct <anonymous> *}' but argument is of type 'GPIO_PinConfig_t {aka struct <anonymous>}'
 void MCAL_GPIO_Init(GPIO_t *GPIOx, GPIO_PinConfig_t* pinconfig);
      ^~~~~~~~~~~~~~
../Src/main.c:25:24: error: incompatible type for argument 2 of 'MCAL_GPIO_Init'
  MCAL_GPIO_Init(GPIOB, GPIOB1);
                        ^~~~~~
In file included from ../Src/main.c:8:0:
D:/Online_Emb_Diploma/GitHub/Online_Embedded_Diploma/Unit7/Lesson4/Drivers/Stm32f103c6_Drivers/inc/Stm32_F103C6_gpio_driver.h:32:6: note: expected 'GPIO_PinConfig_t * {aka struct <anonymous> *}' but argument is of type 'GPIO_PinConfig_t {aka struct <anonymous>}'
 void MCAL_GPIO_Init(GPIO_t *GPIOx, GPIO_PinConfig_t* pinconfig);
      ^~~~~~~~~~~~~~
make: *** [Src/subdir.mk:24: Src/main.o] Error 1
"make -j4 all" terminated with exit code 2. Build might be incomplete.
20:21:39 **** Incremental Build of configuration Debug for project Drivers ****
make -j4 all 
arm-none-eabi-gcc -gdwarf-2 "../Stm32f103c6_Drivers/Stm32_F103C6_gpio_driver.c" -mcpu=cortex-m3 -std=gnu11 -g3 -DSTM32 -DSTM32F1 -DSTM32F103C6Tx -DDEBUG -c -I../Inc -I"D:/Online_Emb_Diploma/GitHub/Online_Embedded_Diploma/Unit7/Lesson4/Drivers/Stm32f103c6_Drivers/inc" -O0 -ffunction-sections -fdata-sections -Wall -fstack-usage -MMD -MP -MF"Stm32f103c6_Drivers/Stm32_F103C6_gpio_driver.d" -MT"Stm32f103c6_Drivers/Stm32_F103C6_gpio_driver.o" --specs=nano.specs -mfloat-abi=soft -mthumb -o "Stm32f103c6_Drivers/Stm32_F103C6_gpio_driver.o"
arm-none-eabi-gcc -gdwarf-2 "../Src/main.c" -mcpu=cortex-m3 -std=gnu11 -g3 -DSTM32 -DSTM32F1 -DSTM32F103C6Tx -DDEBUG -c -I../Inc -I"D:/Online_Emb_Diploma/GitHub/Online_Embedded_Diploma/Unit7/Lesson4/Drivers/Stm32f103c6_Drivers/inc" -O0 -ffunction-sections -fdata-sections -Wall -fstack-usage -MMD -MP -MF"Src/main.d" -MT"Src/main.o" --specs=nano.specs -mfloat-abi=soft -mthumb -o "Src/main.o"
../Stm32f103c6_Drivers/Stm32_F103C6_gpio_driver.c: In function 'MCAL_GPIO_ReadPIN':
../Stm32f103c6_Drivers/Stm32_F103C6_gpio_driver.c:27:16: error: called object is not a function or function pointer
  uint8_t value=GPIOx->IDR(1>>Pin_Number);
                ^~~~~
make: *** [Stm32f103c6_Drivers/subdir.mk:18: Stm32f103c6_Drivers/Stm32_F103C6_gpio_driver.o] Error 1
make: *** Waiting for unfinished jobs....
"make -j4 all" terminated with exit code 2. Build might be incomplete.
20:22:43 **** Incremental Build of configuration Debug for project Drivers ****
make -j4 all 
arm-none-eabi-gcc -gdwarf-2 "../Stm32f103c6_Drivers/Stm32_F103C6_gpio_driver.c" -mcpu=cortex-m3 -std=gnu11 -g3 -DSTM32 -DSTM32F1 -DSTM32F103C6Tx -DDEBUG -c -I../Inc -I"D:/Online_Emb_Diploma/GitHub/Online_Embedded_Diploma/Unit7/Lesson4/Drivers/Stm32f103c6_Drivers/inc" -O0 -ffunction-sections -fdata-sections -Wall -fstack-usage -MMD -MP -MF"Stm32f103c6_Drivers/Stm32_F103C6_gpio_driver.d" -MT"Stm32f103c6_Drivers/Stm32_F103C6_gpio_driver.o" --specs=nano.specs -mfloat-abi=soft -mthumb -o "Stm32f103c6_Drivers/Stm32_F103C6_gpio_driver.o"
arm-none-eabi-gcc -gdwarf-2 -o "Drivers.elf" @"objects.list"   -mcpu=cortex-m3 -T"D:\Online_Emb_Diploma\GitHub\Online_Embedded_Diploma\Unit7\Lesson4\Drivers\STM32F103C6TX_FLASH.ld" --specs=nosys.specs -Wl,-Map="Drivers.map" -Wl,--gc-sections -static --specs=nano.specs -mfloat-abi=soft -mthumb -Wl,--start-group -lc -lm -Wl,--end-group
Finished building target: Drivers.elf
 
arm-none-eabi-objdump -h -S  Drivers.elf  > "Drivers.list"
arm-none-eabi-objcopy  -O binary  Drivers.elf  "Drivers.bin"
arm-none-eabi-size   Drivers.elf 
   text	   data	    bss	    dec	    hex	filename
    876	     24	   1568	   2468	    9a4	Drivers.elf
Finished building: default.size.stdout
 
Finished building: Drivers.bin
Finished building: Drivers.list
 
 
20:33:02 **** Incremental Build of configuration Debug for project Drivers ****
make -j4 all 
arm-none-eabi-gcc -gdwarf-2 "../Stm32f103c6_Drivers/Stm32_F103C6_gpio_driver.c" -mcpu=cortex-m3 -std=gnu11 -g3 -DSTM32 -DSTM32F1 -DSTM32F103C6Tx -DDEBUG -c -I../Inc -I"D:/Online_Emb_Diploma/GitHub/Online_Embedded_Diploma/Unit7/Lesson4/Drivers/Stm32f103c6_Drivers/inc" -O0 -ffunction-sections -fdata-sections -Wall -fstack-usage -MMD -MP -MF"Stm32f103c6_Drivers/Stm32_F103C6_gpio_driver.d" -MT"Stm32f103c6_Drivers/Stm32_F103C6_gpio_driver.o" --specs=nano.specs -mfloat-abi=soft -mthumb -o "Stm32f103c6_Drivers/Stm32_F103C6_gpio_driver.o"
../Stm32f103c6_Drivers/Stm32_F103C6_gpio_driver.c: In function 'MCAL_GPIO_Init':
../Stm32f103c6_Drivers/Stm32_F103C6_gpio_driver.c:10:20: error: expected expression before 'uint64_t'
  uint64_t Config = uint64_t(pinconfig->GPIO_Mode<<((pinconfig->GPIO_Pin_Number)*4));
                    ^~~~~~~~
make: *** [Stm32f103c6_Drivers/subdir.mk:18: Stm32f103c6_Drivers/Stm32_F103C6_gpio_driver.o] Error 1
"make -j4 all" terminated with exit code 2. Build might be incomplete.
20:33:51 **** Incremental Build of configuration Debug for project Drivers ****
make -j4 all 
arm-none-eabi-gcc -gdwarf-2 "../Stm32f103c6_Drivers/Stm32_F103C6_gpio_driver.c" -mcpu=cortex-m3 -std=gnu11 -g3 -DSTM32 -DSTM32F1 -DSTM32F103C6Tx -DDEBUG -c -I../Inc -I"D:/Online_Emb_Diploma/GitHub/Online_Embedded_Diploma/Unit7/Lesson4/Drivers/Stm32f103c6_Drivers/inc" -O0 -ffunction-sections -fdata-sections -Wall -fstack-usage -MMD -MP -MF"Stm32f103c6_Drivers/Stm32_F103C6_gpio_driver.d" -MT"Stm32f103c6_Drivers/Stm32_F103C6_gpio_driver.o" --specs=nano.specs -mfloat-abi=soft -mthumb -o "Stm32f103c6_Drivers/Stm32_F103C6_gpio_driver.o"
arm-none-eabi-gcc -gdwarf-2 -o "Drivers.elf" @"objects.list"   -mcpu=cortex-m3 -T"D:\Online_Emb_Diploma\GitHub\Online_Embedded_Diploma\Unit7\Lesson4\Drivers\STM32F103C6TX_FLASH.ld" --specs=nosys.specs -Wl,-Map="Drivers.map" -Wl,--gc-sections -static --specs=nano.specs -mfloat-abi=soft -mthumb -Wl,--start-group -lc -lm -Wl,--end-group
Finished building target: Drivers.elf
 
arm-none-eabi-objdump -h -S  Drivers.elf  > "Drivers.list"
arm-none-eabi-objcopy  -O binary  Drivers.elf  "Drivers.bin"
arm-none-eabi-size   Drivers.elf 
   text	   data	    bss	    dec	    hex	filename
    876	     24	   1568	   2468	    9a4	Drivers.elf
Finished building: default.size.stdout
 
Finished building: Drivers.list
Finished building: Drivers.bin
 
 
20:40:31 **** Incremental Build of configuration Debug for project Drivers ****
make -j4 all 
arm-none-eabi-gcc -gdwarf-2 "../Src/main.c" -mcpu=cortex-m3 -std=gnu11 -g3 -DSTM32 -DSTM32F1 -DSTM32F103C6Tx -DDEBUG -c -I../Inc -I"D:/Online_Emb_Diploma/GitHub/Online_Embedded_Diploma/Unit7/Lesson4/Drivers/Stm32f103c6_Drivers/inc" -O0 -ffunction-sections -fdata-sections -Wall -fstack-usage -MMD -MP -MF"Src/main.d" -MT"Src/main.o" --specs=nano.specs -mfloat-abi=soft -mthumb -o "Src/main.o"
arm-none-eabi-gcc -gdwarf-2 -o "Drivers.elf" @"objects.list"   -mcpu=cortex-m3 -T"D:\Online_Emb_Diploma\GitHub\Online_Embedded_Diploma\Unit7\Lesson4\Drivers\STM32F103C6TX_FLASH.ld" --specs=nosys.specs -Wl,-Map="Drivers.map" -Wl,--gc-sections -static --specs=nano.specs -mfloat-abi=soft -mthumb -Wl,--start-group -lc -lm -Wl,--end-group
Finished building target: Drivers.elf
 
arm-none-eabi-objdump -h -S  Drivers.elf  > "Drivers.list"
arm-none-eabi-objcopy  -O binary  Drivers.elf  "Drivers.bin"
arm-none-eabi-size   Drivers.elf 
   text	   data	    bss	    dec	    hex	filename
    948	     24	   1568	   2540	    9ec	Drivers.elf
Finished building: default.size.stdout
 
Finished building: Drivers.bin
Finished building: Drivers.list
 
 
21:05:12 **** Incremental Build of configuration Debug for project Drivers ****
make -j4 all 
arm-none-eabi-gcc -gdwarf-2 "../Stm32f103c6_Drivers/Stm32_F103C6_gpio_driver.c" -mcpu=cortex-m3 -std=gnu11 -g3 -DSTM32 -DSTM32F1 -DSTM32F103C6Tx -DDEBUG -c -I../Inc -I"D:/Online_Emb_Diploma/GitHub/Online_Embedded_Diploma/Unit7/Lesson4/Drivers/Stm32f103c6_Drivers/inc" -O0 -ffunction-sections -fdata-sections -Wall -fstack-usage -MMD -MP -MF"Stm32f103c6_Drivers/Stm32_F103C6_gpio_driver.d" -MT"Stm32f103c6_Drivers/Stm32_F103C6_gpio_driver.o" --specs=nano.specs -mfloat-abi=soft -mthumb -o "Stm32f103c6_Drivers/Stm32_F103C6_gpio_driver.o"
arm-none-eabi-gcc -gdwarf-2 "../Src/main.c" -mcpu=cortex-m3 -std=gnu11 -g3 -DSTM32 -DSTM32F1 -DSTM32F103C6Tx -DDEBUG -c -I../Inc -I"D:/Online_Emb_Diploma/GitHub/Online_Embedded_Diploma/Unit7/Lesson4/Drivers/Stm32f103c6_Drivers/inc" -O0 -ffunction-sections -fdata-sections -Wall -fstack-usage -MMD -MP -MF"Src/main.d" -MT"Src/main.o" --specs=nano.specs -mfloat-abi=soft -mthumb -o "Src/main.o"
arm-none-eabi-gcc -gdwarf-2 -o "Drivers.elf" @"objects.list"   -mcpu=cortex-m3 -T"D:\Online_Emb_Diploma\GitHub\Online_Embedded_Diploma\Unit7\Lesson4\Drivers\STM32F103C6TX_FLASH.ld" --specs=nosys.specs -Wl,-Map="Drivers.map" -Wl,--gc-sections -static --specs=nano.specs -mfloat-abi=soft -mthumb -Wl,--start-group -lc -lm -Wl,--end-group
Finished building target: Drivers.elf
 
arm-none-eabi-objdump -h -S  Drivers.elf  > "Drivers.list"
arm-none-eabi-objcopy  -O binary  Drivers.elf  "Drivers.bin"
arm-none-eabi-size   Drivers.elf 
   text	   data	    bss	    dec	    hex	filename
    948	     24	   1568	   2540	    9ec	Drivers.elf
Finished building: default.size.stdout
Finished building: Drivers.list
 
 
Finished building: Drivers.bin
 
21:35:04 **** Incremental Build of configuration Debug for project Drivers ****
make -j4 all 
arm-none-eabi-gcc -gdwarf-2 "../Stm32f103c6_Drivers/Stm32_F103C6_gpio_driver.c" -mcpu=cortex-m3 -std=gnu11 -g3 -DSTM32 -DSTM32F1 -DSTM32F103C6Tx -DDEBUG -c -I../Inc -I"D:/Online_Emb_Diploma/GitHub/Online_Embedded_Diploma/Unit7/Lesson4/Drivers/Stm32f103c6_Drivers/inc" -O0 -ffunction-sections -fdata-sections -Wall -fstack-usage -MMD -MP -MF"Stm32f103c6_Drivers/Stm32_F103C6_gpio_driver.d" -MT"Stm32f103c6_Drivers/Stm32_F103C6_gpio_driver.o" --specs=nano.specs -mfloat-abi=soft -mthumb -o "Stm32f103c6_Drivers/Stm32_F103C6_gpio_driver.o"
../Stm32f103c6_Drivers/Stm32_F103C6_gpio_driver.c: In function 'MCAL_GPIO_Init':
../Stm32f103c6_Drivers/Stm32_F103C6_gpio_driver.c:11:17: error: 'F' undeclared (first use in this function)
  GPIOx->CRL &=~(F<<((pinconfig->GPIO_Pin_Number)*4));
                 ^
../Stm32f103c6_Drivers/Stm32_F103C6_gpio_driver.c:11:17: note: each undeclared identifier is reported only once for each function it appears in
make: *** [Stm32f103c6_Drivers/subdir.mk:18: Stm32f103c6_Drivers/Stm32_F103C6_gpio_driver.o] Error 1
"make -j4 all" terminated with exit code 2. Build might be incomplete.
21:35:30 **** Incremental Build of configuration Debug for project Drivers ****
make -j4 all 
arm-none-eabi-gcc -gdwarf-2 "../Stm32f103c6_Drivers/Stm32_F103C6_gpio_driver.c" -mcpu=cortex-m3 -std=gnu11 -g3 -DSTM32 -DSTM32F1 -DSTM32F103C6Tx -DDEBUG -c -I../Inc -I"D:/Online_Emb_Diploma/GitHub/Online_Embedded_Diploma/Unit7/Lesson4/Drivers/Stm32f103c6_Drivers/inc" -O0 -ffunction-sections -fdata-sections -Wall -fstack-usage -MMD -MP -MF"Stm32f103c6_Drivers/Stm32_F103C6_gpio_driver.d" -MT"Stm32f103c6_Drivers/Stm32_F103C6_gpio_driver.o" --specs=nano.specs -mfloat-abi=soft -mthumb -o "Stm32f103c6_Drivers/Stm32_F103C6_gpio_driver.o"
arm-none-eabi-gcc -gdwarf-2 -o "Drivers.elf" @"objects.list"   -mcpu=cortex-m3 -T"D:\Online_Emb_Diploma\GitHub\Online_Embedded_Diploma\Unit7\Lesson4\Drivers\STM32F103C6TX_FLASH.ld" --specs=nosys.specs -Wl,-Map="Drivers.map" -Wl,--gc-sections -static --specs=nano.specs -mfloat-abi=soft -mthumb -Wl,--start-group -lc -lm -Wl,--end-group
Finished building target: Drivers.elf
 
arm-none-eabi-objdump -h -S  Drivers.elf  > "Drivers.list"
arm-none-eabi-objcopy  -O binary  Drivers.elf  "Drivers.bin"
arm-none-eabi-size   Drivers.elf 
   text	   data	    bss	    dec	    hex	filename
   1008	     24	   1568	   2600	    a28	Drivers.elf
Finished building: default.size.stdout
 
Finished building: Drivers.list
Finished building: Drivers.bin
 
 
22:12:12 **** Incremental Build of configuration Debug for project Drivers ****
make -j4 all 
arm-none-eabi-gcc -gdwarf-2 "../Stm32f103c6_Drivers/Stm32_F103C6_gpio_driver.c" -mcpu=cortex-m3 -std=gnu11 -g3 -DSTM32 -DSTM32F1 -DSTM32F103C6Tx -DDEBUG -c -I../Inc -I"D:/Online_Emb_Diploma/GitHub/Online_Embedded_Diploma/Unit7/Lesson4/Drivers/Stm32f103c6_Drivers/inc" -O0 -ffunction-sections -fdata-sections -Wall -fstack-usage -MMD -MP -MF"Stm32f103c6_Drivers/Stm32_F103C6_gpio_driver.d" -MT"Stm32f103c6_Drivers/Stm32_F103C6_gpio_driver.o" --specs=nano.specs -mfloat-abi=soft -mthumb -o "Stm32f103c6_Drivers/Stm32_F103C6_gpio_driver.o"
arm-none-eabi-gcc -gdwarf-2 -o "Drivers.elf" @"objects.list"   -mcpu=cortex-m3 -T"D:\Online_Emb_Diploma\GitHub\Online_Embedded_Diploma\Unit7\Lesson4\Drivers\STM32F103C6TX_FLASH.ld" --specs=nosys.specs -Wl,-Map="Drivers.map" -Wl,--gc-sections -static --specs=nano.specs -mfloat-abi=soft -mthumb -Wl,--start-group -lc -lm -Wl,--end-group
Finished building target: Drivers.elf
 
arm-none-eabi-objdump -h -S  Drivers.elf  > "Drivers.list"
arm-none-eabi-objcopy  -O binary  Drivers.elf  "Drivers.bin"
arm-none-eabi-size   Drivers.elf 
   text	   data	    bss	    dec	    hex	filename
   1020	     24	   1568	   2612	    a34	Drivers.elf
Finished building: default.size.stdout
 
Finished building: Drivers.bin
Finished building: Drivers.list
 
 
22:21:41 **** Incremental Build of configuration Debug for project Drivers ****
make -j4 all 
arm-none-eabi-gcc -gdwarf-2 "../Stm32f103c6_Drivers/Stm32_F103C6_gpio_driver.c" -mcpu=cortex-m3 -std=gnu11 -g3 -DSTM32 -DSTM32F1 -DSTM32F103C6Tx -DDEBUG -c -I../Inc -I"D:/Online_Emb_Diploma/GitHub/Online_Embedded_Diploma/Unit7/Lesson4/Drivers/Stm32f103c6_Drivers/inc" -O0 -ffunction-sections -fdata-sections -Wall -fstack-usage -MMD -MP -MF"Stm32f103c6_Drivers/Stm32_F103C6_gpio_driver.d" -MT"Stm32f103c6_Drivers/Stm32_F103C6_gpio_driver.o" --specs=nano.specs -mfloat-abi=soft -mthumb -o "Stm32f103c6_Drivers/Stm32_F103C6_gpio_driver.o"
arm-none-eabi-gcc -gdwarf-2 -o "Drivers.elf" @"objects.list"   -mcpu=cortex-m3 -T"D:\Online_Emb_Diploma\GitHub\Online_Embedded_Diploma\Unit7\Lesson4\Drivers\STM32F103C6TX_FLASH.ld" --specs=nosys.specs -Wl,-Map="Drivers.map" -Wl,--gc-sections -static --specs=nano.specs -mfloat-abi=soft -mthumb -Wl,--start-group -lc -lm -Wl,--end-group
Finished building target: Drivers.elf
 
arm-none-eabi-objdump -h -S  Drivers.elf  > "Drivers.list"
arm-none-eabi-objcopy  -O binary  Drivers.elf  "Drivers.bin"
arm-none-eabi-size   Drivers.elf 
   text	   data	    bss	    dec	    hex	filename
   1012	     24	   1568	   2604	    a2c	Drivers.elf
Finished building: default.size.stdout
 
Finished building: Drivers.list
Finished building: Drivers.bin
 
 
22:23:01 **** Incremental Build of configuration Debug for project Drivers ****
make -j4 all 
arm-none-eabi-gcc -gdwarf-2 "../Src/main.c" -mcpu=cortex-m3 -std=gnu11 -g3 -DSTM32 -DSTM32F1 -DSTM32F103C6Tx -DDEBUG -c -I../Inc -I"D:/Online_Emb_Diploma/GitHub/Online_Embedded_Diploma/Unit7/Lesson4/Drivers/Stm32f103c6_Drivers/inc" -O0 -ffunction-sections -fdata-sections -Wall -fstack-usage -MMD -MP -MF"Src/main.d" -MT"Src/main.o" --specs=nano.specs -mfloat-abi=soft -mthumb -o "Src/main.o"
arm-none-eabi-gcc -gdwarf-2 -o "Drivers.elf" @"objects.list"   -mcpu=cortex-m3 -T"D:\Online_Emb_Diploma\GitHub\Online_Embedded_Diploma\Unit7\Lesson4\Drivers\STM32F103C6TX_FLASH.ld" --specs=nosys.specs -Wl,-Map="Drivers.map" -Wl,--gc-sections -static --specs=nano.specs -mfloat-abi=soft -mthumb -Wl,--start-group -lc -lm -Wl,--end-group
Finished building target: Drivers.elf
 
arm-none-eabi-objdump -h -S  Drivers.elf  > "Drivers.list"
arm-none-eabi-objcopy  -O binary  Drivers.elf  "Drivers.bin"
arm-none-eabi-size   Drivers.elf 
   text	   data	    bss	    dec	    hex	filename
   1012	     24	   1568	   2604	    a2c	Drivers.elf
Finished building: default.size.stdout
 
Finished building: Drivers.bin
Finished building: Drivers.list
 
 
23:16:05 **** Incremental Build of configuration Debug for project Drivers ****
make -j4 all 
arm-none-eabi-gcc -gdwarf-2 "../Stm32f103c6_Drivers/Stm32_F103C6_gpio_driver.c" -mcpu=cortex-m3 -std=gnu11 -g3 -DSTM32 -DSTM32F1 -DSTM32F103C6Tx -DDEBUG -c -I../Inc -I"D:/Online_Emb_Diploma/GitHub/Online_Embedded_Diploma/Unit7/Lesson4/Drivers/Stm32f103c6_Drivers/inc" -O0 -ffunction-sections -fdata-sections -Wall -fstack-usage -MMD -MP -MF"Stm32f103c6_Drivers/Stm32_F103C6_gpio_driver.d" -MT"Stm32f103c6_Drivers/Stm32_F103C6_gpio_driver.o" --specs=nano.specs -mfloat-abi=soft -mthumb -o "Stm32f103c6_Drivers/Stm32_F103C6_gpio_driver.o"
../Stm32f103c6_Drivers/Stm32_F103C6_gpio_driver.c:114:9: error: conflicting types for 'MCAL_GPIO_LockPin'
 uint8_t MCAL_GPIO_LockPin(GPIO_t *GPIOx, uint8_t Pin_Number){
         ^~~~~~~~~~~~~~~~~
In file included from ../Stm32f103c6_Drivers/Stm32_F103C6_gpio_driver.c:7:0:
D:/Online_Emb_Diploma/GitHub/Online_Embedded_Diploma/Unit7/Lesson4/Drivers/Stm32f103c6_Drivers/inc/Stm32_F103C6_gpio_driver.h:39:6: note: previous declaration of 'MCAL_GPIO_LockPin' was here
 void MCAL_GPIO_LockPin(GPIO_t *GPIOx, uint8_t Pin_Number);
      ^~~~~~~~~~~~~~~~~
make: *** [Stm32f103c6_Drivers/subdir.mk:18: Stm32f103c6_Drivers/Stm32_F103C6_gpio_driver.o] Error 1
"make -j4 all" terminated with exit code 2. Build might be incomplete.
23:16:31 **** Incremental Build of configuration Debug for project Drivers ****
make -j4 all 
arm-none-eabi-gcc -gdwarf-2 "../Stm32f103c6_Drivers/Stm32_F103C6_gpio_driver.c" -mcpu=cortex-m3 -std=gnu11 -g3 -DSTM32 -DSTM32F1 -DSTM32F103C6Tx -DDEBUG -c -I../Inc -I"D:/Online_Emb_Diploma/GitHub/Online_Embedded_Diploma/Unit7/Lesson4/Drivers/Stm32f103c6_Drivers/inc" -O0 -ffunction-sections -fdata-sections -Wall -fstack-usage -MMD -MP -MF"Stm32f103c6_Drivers/Stm32_F103C6_gpio_driver.d" -MT"Stm32f103c6_Drivers/Stm32_F103C6_gpio_driver.o" --specs=nano.specs -mfloat-abi=soft -mthumb -o "Stm32f103c6_Drivers/Stm32_F103C6_gpio_driver.o"
arm-none-eabi-gcc -gdwarf-2 "../Src/main.c" -mcpu=cortex-m3 -std=gnu11 -g3 -DSTM32 -DSTM32F1 -DSTM32F103C6Tx -DDEBUG -c -I../Inc -I"D:/Online_Emb_Diploma/GitHub/Online_Embedded_Diploma/Unit7/Lesson4/Drivers/Stm32f103c6_Drivers/inc" -O0 -ffunction-sections -fdata-sections -Wall -fstack-usage -MMD -MP -MF"Src/main.d" -MT"Src/main.o" --specs=nano.specs -mfloat-abi=soft -mthumb -o "Src/main.o"
arm-none-eabi-gcc -gdwarf-2 -o "Drivers.elf" @"objects.list"   -mcpu=cortex-m3 -T"D:\Online_Emb_Diploma\GitHub\Online_Embedded_Diploma\Unit7\Lesson4\Drivers\STM32F103C6TX_FLASH.ld" --specs=nosys.specs -Wl,-Map="Drivers.map" -Wl,--gc-sections -static --specs=nano.specs -mfloat-abi=soft -mthumb -Wl,--start-group -lc -lm -Wl,--end-group
Finished building target: Drivers.elf
 
arm-none-eabi-objdump -h -S  Drivers.elf  > "Drivers.list"
arm-none-eabi-objcopy  -O binary  Drivers.elf  "Drivers.bin"
arm-none-eabi-size   Drivers.elf 
   text	   data	    bss	    dec	    hex	filename
   1012	     24	   1568	   2604	    a2c	Drivers.elf
Finished building: default.size.stdout
 
Finished building: Drivers.list
Finished building: Drivers.bin
 
 
23:21:58 **** Build of configuration Debug for project Drivers ****
make -j4 all 
arm-none-eabi-size   Drivers.elf 
   text	   data	    bss	    dec	    hex	filename
   1012	     24	   1568	   2604	    a2c	Drivers.elf
Finished building: default.size.stdout
 
