Archive member included to satisfy reference by file (symbol)

d:/online_emb_diploma/installations/st/stm32cubeide_1.4.0/stm32cubeide/plugins/com.st.stm32cube.ide.mcu.externaltools.gnu-tools-for-stm32.7-2018-q2-update.win32_1.4.0.202007081208/tools/bin/../lib/gcc/arm-none-eabi/7.3.1/../../../../arm-none-eabi/lib/thumb/v7-m\libc_nano.a(lib_a-errno.o)
                              Src/syscalls.o (__errno)
d:/online_emb_diploma/installations/st/stm32cubeide_1.4.0/stm32cubeide/plugins/com.st.stm32cube.ide.mcu.externaltools.gnu-tools-for-stm32.7-2018-q2-update.win32_1.4.0.202007081208/tools/bin/../lib/gcc/arm-none-eabi/7.3.1/../../../../arm-none-eabi/lib/thumb/v7-m\libc_nano.a(lib_a-exit.o)
                              d:/online_emb_diploma/installations/st/stm32cubeide_1.4.0/stm32cubeide/plugins/com.st.stm32cube.ide.mcu.externaltools.gnu-tools-for-stm32.7-2018-q2-update.win32_1.4.0.202007081208/tools/bin/../lib/gcc/arm-none-eabi/7.3.1/../../../../arm-none-eabi/lib/thumb/v7-m/crt0.o (exit)
d:/online_emb_diploma/installations/st/stm32cubeide_1.4.0/stm32cubeide/plugins/com.st.stm32cube.ide.mcu.externaltools.gnu-tools-for-stm32.7-2018-q2-update.win32_1.4.0.202007081208/tools/bin/../lib/gcc/arm-none-eabi/7.3.1/../../../../arm-none-eabi/lib/thumb/v7-m\libc_nano.a(lib_a-impure.o)
                              d:/online_emb_diploma/installations/st/stm32cubeide_1.4.0/stm32cubeide/plugins/com.st.stm32cube.ide.mcu.externaltools.gnu-tools-for-stm32.7-2018-q2-update.win32_1.4.0.202007081208/tools/bin/../lib/gcc/arm-none-eabi/7.3.1/../../../../arm-none-eabi/lib/thumb/v7-m\libc_nano.a(lib_a-exit.o) (_global_impure_ptr)
d:/online_emb_diploma/installations/st/stm32cubeide_1.4.0/stm32cubeide/plugins/com.st.stm32cube.ide.mcu.externaltools.gnu-tools-for-stm32.7-2018-q2-update.win32_1.4.0.202007081208/tools/bin/../lib/gcc/arm-none-eabi/7.3.1/../../../../arm-none-eabi/lib/thumb/v7-m\libc_nano.a(lib_a-init.o)
                              d:/online_emb_diploma/installations/st/stm32cubeide_1.4.0/stm32cubeide/plugins/com.st.stm32cube.ide.mcu.externaltools.gnu-tools-for-stm32.7-2018-q2-update.win32_1.4.0.202007081208/tools/bin/../lib/gcc/arm-none-eabi/7.3.1/../../../../arm-none-eabi/lib/thumb/v7-m/crt0.o (__libc_init_array)
d:/online_emb_diploma/installations/st/stm32cubeide_1.4.0/stm32cubeide/plugins/com.st.stm32cube.ide.mcu.externaltools.gnu-tools-for-stm32.7-2018-q2-update.win32_1.4.0.202007081208/tools/bin/../lib/gcc/arm-none-eabi/7.3.1/../../../../arm-none-eabi/lib/thumb/v7-m\libc_nano.a(lib_a-memset.o)
                              d:/online_emb_diploma/installations/st/stm32cubeide_1.4.0/stm32cubeide/plugins/com.st.stm32cube.ide.mcu.externaltools.gnu-tools-for-stm32.7-2018-q2-update.win32_1.4.0.202007081208/tools/bin/../lib/gcc/arm-none-eabi/7.3.1/../../../../arm-none-eabi/lib/thumb/v7-m/crt0.o (memset)

Allocating common symbols
Common symbol       size              file

Global_UART1_Config
                    0x4               Stm32f103c6_Drivers/Stm32_F103C6_UART_driver.o
Global_UART2_Config
                    0x4               Stm32f103c6_Drivers/Stm32_F103C6_UART_driver.o
PinCfg              0x2               HAL/lcd.o
GP_CallBack         0x3c              Stm32f103c6_Drivers/Stm32_F103C6_EXTI_driver.o
Global_UART3_Config
                    0x4               Stm32f103c6_Drivers/Stm32_F103C6_UART_driver.o
ch                  0x2               Src/main.o

Discarded input sections

 .text          0x0000000000000000        0x0 d:/online_emb_diploma/installations/st/stm32cubeide_1.4.0/stm32cubeide/plugins/com.st.stm32cube.ide.mcu.externaltools.gnu-tools-for-stm32.7-2018-q2-update.win32_1.4.0.202007081208/tools/bin/../lib/gcc/arm-none-eabi/7.3.1/thumb/v7-m/crti.o
 .data          0x0000000000000000        0x0 d:/online_emb_diploma/installations/st/stm32cubeide_1.4.0/stm32cubeide/plugins/com.st.stm32cube.ide.mcu.externaltools.gnu-tools-for-stm32.7-2018-q2-update.win32_1.4.0.202007081208/tools/bin/../lib/gcc/arm-none-eabi/7.3.1/thumb/v7-m/crti.o
 .bss           0x0000000000000000        0x0 d:/online_emb_diploma/installations/st/stm32cubeide_1.4.0/stm32cubeide/plugins/com.st.stm32cube.ide.mcu.externaltools.gnu-tools-for-stm32.7-2018-q2-update.win32_1.4.0.202007081208/tools/bin/../lib/gcc/arm-none-eabi/7.3.1/thumb/v7-m/crti.o
 .data          0x0000000000000000        0x4 d:/online_emb_diploma/installations/st/stm32cubeide_1.4.0/stm32cubeide/plugins/com.st.stm32cube.ide.mcu.externaltools.gnu-tools-for-stm32.7-2018-q2-update.win32_1.4.0.202007081208/tools/bin/../lib/gcc/arm-none-eabi/7.3.1/thumb/v7-m/crtbegin.o
 .text          0x0000000000000000       0x74 d:/online_emb_diploma/installations/st/stm32cubeide_1.4.0/stm32cubeide/plugins/com.st.stm32cube.ide.mcu.externaltools.gnu-tools-for-stm32.7-2018-q2-update.win32_1.4.0.202007081208/tools/bin/../lib/gcc/arm-none-eabi/7.3.1/../../../../arm-none-eabi/lib/thumb/v7-m/crt0.o
[...]
Memory Configuration

Name             Origin             Length             Attributes
RAM              0x0000000020000000 0x0000000000002800 xrw
ROM              0x0000000008000000 0x0000000000008000 xr
*default*        0x0000000000000000 0xffffffffffffffff

Linker script and memory map

LOAD d:/online_emb_diploma/installations/st/stm32cubeide_1.4.0/stm32cubeide/plugins/com.st.stm32cube.ide.mcu.externaltools.gnu-tools-for-stm32.7-2018-q2-update.win32_1.4.0.202007081208/tools/bin/../lib/gcc/arm-none-eabi/7.3.1/thumb/v7-m/crti.o
LOAD d:/online_emb_diploma/installations/st/stm32cubeide_1.4.0/stm32cubeide/plugins/com.st.stm32cube.ide.mcu.externaltools.gnu-tools-for-stm32.7-2018-q2-update.win32_1.4.0.202007081208/tools/bin/../lib/gcc/arm-none-eabi/7.3.1/thumb/v7-m/crtbegin.o
LOAD d:/online_emb_diploma/installations/st/stm32cubeide_1.4.0/stm32cubeide/plugins/com.st.stm32cube.ide.mcu.externaltools.gnu-tools-for-stm32.7-2018-q2-update.win32_1.4.0.202007081208/tools/bin/../lib/gcc/arm-none-eabi/7.3.1/../../../../arm-none-eabi/lib/thumb/v7-m/crt0.o
LOAD HAL/keypad.o
LOAD HAL/lcd.o
LOAD Src/main.o
LOAD Src/syscalls.o
LOAD Src/sysmem.o
LOAD Startup/startup_stm32f103c6tx.o
LOAD Stm32f103c6_Drivers/Stm32_F103C6_EXTI_driver.o
LOAD Stm32f103c6_Drivers/Stm32_F103C6_RCC_driver.o
LOAD Stm32f103c6_Drivers/Stm32_F103C6_SPI_driver.o
LOAD Stm32f103c6_Drivers/Stm32_F103C6_UART_driver.o
LOAD Stm32f103c6_Drivers/Stm32_F103C6_gpio_driver.o
START GROUP
LOAD d:/online_emb_diploma/installations/st/stm32cubeide_1.4.0/stm32cubeide/plugins/com.st.stm32cube.ide.mcu.externaltools.gnu-tools-for-stm32.7-2018-q2-update.win32_1.4.0.202007081208/tools/bin/../lib/gcc/arm-none-eabi/7.3.1/../../../../arm-none-eabi/lib/thumb/v7-m\libc_nano.a
LOAD d:/online_emb_diploma/installations/st/stm32cubeide_1.4.0/stm32cubeide/plugins/com.st.stm32cube.ide.mcu.externaltools.gnu-tools-for-stm32.7-2018-q2-update.win32_1.4.0.202007081208/tools/bin/../lib/gcc/arm-none-eabi/7.3.1/../../../../arm-none-eabi/lib/thumb/v7-m\libm.a
END GROUP
START GROUP
LOAD d:/online_emb_diploma/installations/st/stm32cubeide_1.4.0/stm32cubeide/plugins/com.st.stm32cube.ide.mcu.externaltools.gnu-tools-for-stm32.7-2018-q2-update.win32_1.4.0.202007081208/tools/bin/../lib/gcc/arm-none-eabi/7.3.1/thumb/v7-m\libgcc.a
LOAD d:/online_emb_diploma/installations/st/stm32cubeide_1.4.0/stm32cubeide/plugins/com.st.stm32cube.ide.mcu.externaltools.gnu-tools-for-stm32.7-2018-q2-update.win32_1.4.0.202007081208/tools/bin/../lib/gcc/arm-none-eabi/7.3.1/../../../../arm-none-eabi/lib/thumb/v7-m\libg_nano.a
LOAD d:/online_emb_diploma/installations/st/stm32cubeide_1.4.0/stm32cubeide/plugins/com.st.stm32cube.ide.mcu.externaltools.gnu-tools-for-stm32.7-2018-q2-update.win32_1.4.0.202007081208/tools/bin/../lib/gcc/arm-none-eabi/7.3.1/../../../../arm-none-eabi/lib/thumb/v7-m\libc_nano.a
END GROUP
START GROUP
LOAD d:/online_emb_diploma/installations/st/stm32cubeide_1.4.0/stm32cubeide/plugins/com.st.stm32cube.ide.mcu.externaltools.gnu-tools-for-stm32.7-2018-q2-update.win32_1.4.0.202007081208/tools/bin/../lib/gcc/arm-none-eabi/7.3.1/thumb/v7-m\libgcc.a
LOAD d:/online_emb_diploma/installations/st/stm32cubeide_1.4.0/stm32cubeide/plugins/com.st.stm32cube.ide.mcu.externaltools.gnu-tools-for-stm32.7-2018-q2-update.win32_1.4.0.202007081208/tools/bin/../lib/gcc/arm-none-eabi/7.3.1/../../../../arm-none-eabi/lib/thumb/v7-m\libc_nano.a
LOAD d:/online_emb_diploma/installations/st/stm32cubeide_1.4.0/stm32cubeide/plugins/com.st.stm32cube.ide.mcu.externaltools.gnu-tools-for-stm32.7-2018-q2-update.win32_1.4.0.202007081208/tools/bin/../lib/gcc/arm-none-eabi/7.3.1/../../../../arm-none-eabi/lib/thumb/v7-m\libnosys.a
END GROUP
START GROUP
LOAD d:/online_emb_diploma/installations/st/stm32cubeide_1.4.0/stm32cubeide/plugins/com.st.stm32cube.ide.mcu.externaltools.gnu-tools-for-stm32.7-2018-q2-update.win32_1.4.0.202007081208/tools/bin/../lib/gcc/arm-none-eabi/7.3.1/thumb/v7-m\libgcc.a
LOAD d:/online_emb_diploma/installations/st/stm32cubeide_1.4.0/stm32cubeide/plugins/com.st.stm32cube.ide.mcu.externaltools.gnu-tools-for-stm32.7-2018-q2-update.win32_1.4.0.202007081208/tools/bin/../lib/gcc/arm-none-eabi/7.3.1/../../../../arm-none-eabi/lib/thumb/v7-m\libc_nano.a
LOAD d:/online_emb_diploma/installations/st/stm32cubeide_1.4.0/stm32cubeide/plugins/com.st.stm32cube.ide.mcu.externaltools.gnu-tools-for-stm32.7-2018-q2-update.win32_1.4.0.202007081208/tools/bin/../lib/gcc/arm-none-eabi/7.3.1/../../../../arm-none-eabi/lib/thumb/v7-m\libnosys.a
END GROUP
LOAD d:/online_emb_diploma/installations/st/stm32cubeide_1.4.0/stm32cubeide/plugins/com.st.stm32cube.ide.mcu.externaltools.gnu-tools-for-stm32.7-2018-q2-update.win32_1.4.0.202007081208/tools/bin/../lib/gcc/arm-none-eabi/7.3.1/thumb/v7-m/crtend.o
LOAD d:/online_emb_diploma/installations/st/stm32cubeide_1.4.0/stm32cubeide/plugins/com.st.stm32cube.ide.mcu.externaltools.gnu-tools-for-stm32.7-2018-q2-update.win32_1.4.0.202007081208/tools/bin/../lib/gcc/arm-none-eabi/7.3.1/thumb/v7-m/crtn.o
                0x0000000020002800                _estack = (ORIGIN (RAM) + LENGTH (RAM))
                0x0000000000000200                _Min_Heap_Size = 0x200
                0x0000000000000400                _Min_Stack_Size = 0x400

.isr_vector     0x0000000008000000      0x130
                0x0000000008000000                . = ALIGN (0x4)
 *(.isr_vector)
 .isr_vector    0x0000000008000000      0x130 Startup/startup_stm32f103c6tx.o
                0x0000000008000000                g_pfnVectors
                0x0000000008000130                . = ALIGN (0x4)

.text           0x0000000008000130      0xcbc
                0x0000000008000130                . = ALIGN (0x4)
 *(.text)
 .text          0x0000000008000130       0x40 d:/online_emb_diploma/installations/st/stm32cubeide_1.4.0/stm32cubeide/plugins/com.st.stm32cube.ide.mcu.externaltools.gnu-tools-for-stm32.7-2018-q2-update.win32_1.4.0.202007081208/tools/bin/../lib/gcc/arm-none-eabi/7.3.1/thumb/v7-m/crtbegin.o
 *(.text*)
 .text.clock_init
                0x0000000008000170       0x34 Src/main.o
                0x0000000008000170                clock_init
 .text.SPI_Interrupt_Call_Back
                0x00000000080001a4       0x44 Src/main.o
                0x00000000080001a4                SPI_Interrupt_Call_Back
 .text.Uart_CallBack
                0x00000000080001e8        0xc Src/main.o
                0x00000000080001e8                Uart_CallBack
 .text.main     0x00000000080001f4       0x94 Src/main.o
                0x00000000080001f4                main
 .text.Reset_Handler
                0x0000000008000288       0x50 Startup/startup_stm32f103c6tx.o
                0x0000000008000288                Reset_Handler
 .text.Default_Handler
                0x00000000080002d8        0x2 Startup/startup_stm32f103c6tx.o
                0x00000000080002d8                TIM8_TRG_COM_IRQHandler
                0x00000000080002d8                TIM8_CC_IRQHandler
                0x00000000080002d8                DebugMon_Handler
                0x00000000080002d8                TIM1_CC_IRQHandler
                0x00000000080002d8                HardFault_Handler
                0x00000000080002d8                TIM6_IRQHandler
                0x00000000080002d8                SysTick_Handler
                0x00000000080002d8                PVD_IRQHandler
                0x00000000080002d8                SDIO_IRQHandler
                0x00000000080002d8                PendSV_Handler
                0x00000000080002d8                NMI_Handler
                0x00000000080002d8                USB_HP_CAN_TX_IRQHandler
                0x00000000080002d8                I2C2_EV_IRQHandler
                0x00000000080002d8                UsageFault_Handler
                0x00000000080002d8                ADC1_2_IRQHandler
                0x00000000080002d8                CAN_SCE_IRQHandler
                0x00000000080002d8                TAMPER_IRQHandler
                0x00000000080002d8                TIM8_UP_IRQHandler
                0x00000000080002d8                DMA2_Channel2_IRQHandler
                0x00000000080002d8                DMA1_Channel4_IRQHandler
                0x00000000080002d8                RTC_IRQHandler
                0x00000000080002d8                DMA1_Channel7_IRQHandler
                0x00000000080002d8                UART5_IRQHandler
                0x00000000080002d8                ADC3_IRQHandler
                0x00000000080002d8                TIM4_IRQHandler
                0x00000000080002d8                CAN_RX1_IRQHandler
                0x00000000080002d8                DMA2_Channel1_IRQHandler
                0x00000000080002d8                I2C1_EV_IRQHandler
                0x00000000080002d8                DMA1_Channel6_IRQHandler
                0x00000000080002d8                UART4_IRQHandler
                0x00000000080002d8                TIM3_IRQHandler
                0x00000000080002d8                RCC_IRQHandler
                0x00000000080002d8                TIM1_TRG_COM_IRQHandler
                0x00000000080002d8                DMA1_Channel1_IRQHandler
                0x00000000080002d8                Default_Handler
                0x00000000080002d8                TIM7_IRQHandler
                0x00000000080002d8                TIM5_IRQHandler
                0x00000000080002d8                USB_LP_CAN_RX0_IRQHandler
                0x00000000080002d8                MemManage_Handler
                0x00000000080002d8                SVC_Handler
                0x00000000080002d8                DMA1_Channel5_IRQHandler
                0x00000000080002d8                DMA1_Channel3_IRQHandler
                0x00000000080002d8                FSMC_IRQHandler
                0x00000000080002d8                TIM1_UP_IRQHandler
                0x00000000080002d8                WWDG_IRQHandler
                0x00000000080002d8                TIM2_IRQHandler
                0x00000000080002d8                TIM1_BRK_IRQHandler
                0x00000000080002d8                RTCAlarm_IRQHandler
                0x00000000080002d8                DMA2_Channel4_5_IRQHandler
                0x00000000080002d8                I2C2_ER_IRQHandler
                0x00000000080002d8                DMA1_Channel2_IRQHandler
                0x00000000080002d8                TIM8_BRK_IRQHandler
                0x00000000080002d8                FLASH_IRQHandler
                0x00000000080002d8                BusFault_Handler
                0x00000000080002d8                SPI3_IRQHandler
                0x00000000080002d8                I2C1_ER_IRQHandler
                0x00000000080002d8                DMA2_Channel3_IRQHandler
 *fill*         0x00000000080002da        0x2 
 .text.EXTI0_IRQHandler
                0x00000000080002dc       0x24 Stm32f103c6_Drivers/Stm32_F103C6_EXTI_driver.o
                0x00000000080002dc                EXTI0_IRQHandler
 .text.EXTI1_IRQHandler
                0x0000000008000300       0x24 Stm32f103c6_Drivers/Stm32_F103C6_EXTI_driver.o
                0x0000000008000300                EXTI1_IRQHandler
 .text.EXTI2_IRQHandler
                0x0000000008000324       0x24 Stm32f103c6_Drivers/Stm32_F103C6_EXTI_driver.o
                0x0000000008000324                EXTI2_IRQHandler
 .text.EXTI3_IRQHandler
                0x0000000008000348       0x24 Stm32f103c6_Drivers/Stm32_F103C6_EXTI_driver.o
                0x0000000008000348                EXTI3_IRQHandler
 .text.EXTI4_IRQHandler
                0x000000000800036c       0x24 Stm32f103c6_Drivers/Stm32_F103C6_EXTI_driver.o
                0x000000000800036c                EXTI4_IRQHandler
 .text.EXTI9_5_IRQHandler
                0x0000000008000390       0xa8 Stm32f103c6_Drivers/Stm32_F103C6_EXTI_driver.o
                0x0000000008000390                EXTI9_5_IRQHandler
 .text.EXTI15_10_IRQHandler
                0x0000000008000438       0xc4 Stm32f103c6_Drivers/Stm32_F103C6_EXTI_driver.o
                0x0000000008000438                EXTI15_10_IRQHandler
 .text.MCAL_RCC_GetSYS_CLK
                0x00000000080004fc      0x114 Stm32f103c6_Drivers/Stm32_F103C6_RCC_driver.o
                0x00000000080004fc                MCAL_RCC_GetSYS_CLK
 .text.MCAL_RCC_GetHCLK
                0x0000000008000610       0x34 Stm32f103c6_Drivers/Stm32_F103C6_RCC_driver.o
                0x0000000008000610                MCAL_RCC_GetHCLK
 .text.MCAL_RCC_GetPCLK1
                0x0000000008000644       0x28 Stm32f103c6_Drivers/Stm32_F103C6_RCC_driver.o
                0x0000000008000644                MCAL_RCC_GetPCLK1
 .text.MCAL_RCC_GetPCLK2
                0x000000000800066c       0x28 Stm32f103c6_Drivers/Stm32_F103C6_RCC_driver.o
                0x000000000800066c                MCAL_RCC_GetPCLK2
 .text.MCAL_SPI_Init
                0x0000000008000694      0x10c Stm32f103c6_Drivers/Stm32_F103C6_SPI_driver.o
                0x0000000008000694                MCAL_SPI_Init
 .text.MCAL_SPI_GPIO_Set_Pins
                0x00000000080007a0      0x134 Stm32f103c6_Drivers/Stm32_F103C6_SPI_driver.o
                0x00000000080007a0                MCAL_SPI_GPIO_Set_Pins
 .text.MCAL_SPI_Tx_Rx
                0x00000000080008d4       0x54 Stm32f103c6_Drivers/Stm32_F103C6_SPI_driver.o
                0x00000000080008d4                MCAL_SPI_Tx_Rx
 .text.SPI1_IRQHandler
                0x0000000008000928       0x58 Stm32f103c6_Drivers/Stm32_F103C6_SPI_driver.o
                0x0000000008000928                SPI1_IRQHandler
 .text.SPI2_IRQHandler
                0x0000000008000980       0x58 Stm32f103c6_Drivers/Stm32_F103C6_SPI_driver.o
                0x0000000008000980                SPI2_IRQHandler
 .text.MCAL_USART_Init
                0x00000000080009d8      0x194 Stm32f103c6_Drivers/Stm32_F103C6_UART_driver.o
                0x00000000080009d8                MCAL_USART_Init
 .text.MCAL_USART_SetPins
                0x0000000008000b6c       0xc4 Stm32f103c6_Drivers/Stm32_F103C6_UART_driver.o
                0x0000000008000b6c                MCAL_USART_SetPins
 .text.MCAL_USART_Send
                0x0000000008000c30       0x7c Stm32f103c6_Drivers/Stm32_F103C6_UART_driver.o
                0x0000000008000c30                MCAL_USART_Send
 .text.USART1_IRQHandler
                0x0000000008000cac       0x14 Stm32f103c6_Drivers/Stm32_F103C6_UART_driver.o
                0x0000000008000cac                USART1_IRQHandler
 .text.USART2_IRQHandler
                0x0000000008000cc0       0x14 Stm32f103c6_Drivers/Stm32_F103C6_UART_driver.o
                0x0000000008000cc0                USART2_IRQHandler
 .text.USART3_IRQHandler
                0x0000000008000cd4       0x14 Stm32f103c6_Drivers/Stm32_F103C6_UART_driver.o
                0x0000000008000cd4                USART3_IRQHandler
 .text.MCAL_GPIO_Init
                0x0000000008000ce8       0xa4 Stm32f103c6_Drivers/Stm32_F103C6_gpio_driver.o
                0x0000000008000ce8                MCAL_GPIO_Init
 .text.__libc_init_array
                0x0000000008000d8c       0x48 d:/online_emb_diploma/installations/st/stm32cubeide_1.4.0/stm32cubeide/plugins/com.st.stm32cube.ide.mcu.externaltools.gnu-tools-for-stm32.7-2018-q2-update.win32_1.4.0.202007081208/tools/bin/../lib/gcc/arm-none-eabi/7.3.1/../../../../arm-none-eabi/lib/thumb/v7-m\libc_nano.a(lib_a-init.o)
                0x0000000008000d8c                __libc_init_array
 *(.glue_7)
 .glue_7        0x0000000008000dd4        0x0 linker stubs
 *(.glue_7t)
 .glue_7t       0x0000000008000dd4        0x0 linker stubs
 *(.eh_frame)
 .eh_frame      0x0000000008000dd4        0x0 d:/online_emb_diploma/installations/st/stm32cubeide_1.4.0/stm32cubeide/plugins/com.st.stm32cube.ide.mcu.externaltools.gnu-tools-for-stm32.7-2018-q2-update.win32_1.4.0.202007081208/tools/bin/../lib/gcc/arm-none-eabi/7.3.1/thumb/v7-m/crtbegin.o
 *(.init)
 .init          0x0000000008000dd4        0x4 d:/online_emb_diploma/installations/st/stm32cubeide_1.4.0/stm32cubeide/plugins/com.st.stm32cube.ide.mcu.externaltools.gnu-tools-for-stm32.7-2018-q2-update.win32_1.4.0.202007081208/tools/bin/../lib/gcc/arm-none-eabi/7.3.1/thumb/v7-m/crti.o
                0x0000000008000dd4                _init
 .init          0x0000000008000dd8        0x8 d:/online_emb_diploma/installations/st/stm32cubeide_1.4.0/stm32cubeide/plugins/com.st.stm32cube.ide.mcu.externaltools.gnu-tools-for-stm32.7-2018-q2-update.win32_1.4.0.202007081208/tools/bin/../lib/gcc/arm-none-eabi/7.3.1/thumb/v7-m/crtn.o
 *(.fini)
 .fini          0x0000000008000de0        0x4 d:/online_emb_diploma/installations/st/stm32cubeide_1.4.0/stm32cubeide/plugins/com.st.stm32cube.ide.mcu.externaltools.gnu-tools-for-stm32.7-2018-q2-update.win32_1.4.0.202007081208/tools/bin/../lib/gcc/arm-none-eabi/7.3.1/thumb/v7-m/crti.o
                0x0000000008000de0                _fini
 .fini          0x0000000008000de4        0x8 d:/online_emb_diploma/installations/st/stm32cubeide_1.4.0/stm32cubeide/plugins/com.st.stm32cube.ide.mcu.externaltools.gnu-tools-for-stm32.7-2018-q2-update.win32_1.4.0.202007081208/tools/bin/../lib/gcc/arm-none-eabi/7.3.1/thumb/v7-m/crtn.o
                0x0000000008000dec                . = ALIGN (0x4)
                0x0000000008000dec                _etext = .

.vfp11_veneer   0x0000000008000dec        0x0
 .vfp11_veneer  0x0000000008000dec        0x0 linker stubs

.v4_bx          0x0000000008000dec        0x0
 .v4_bx         0x0000000008000dec        0x0 linker stubs

.iplt           0x0000000008000dec        0x0
 .iplt          0x0000000008000dec        0x0 d:/online_emb_diploma/installations/st/stm32cubeide_1.4.0/stm32cubeide/plugins/com.st.stm32cube.ide.mcu.externaltools.gnu-tools-for-stm32.7-2018-q2-update.win32_1.4.0.202007081208/tools/bin/../lib/gcc/arm-none-eabi/7.3.1/thumb/v7-m/crtbegin.o

.rodata         0x0000000008000dec       0x18
                0x0000000008000dec                . = ALIGN (0x4)
 *(.rodata)
 *(.rodata*)
 .rodata.APBprescTable
                0x0000000008000dec        0x8 Stm32f103c6_Drivers/Stm32_F103C6_RCC_driver.o
                0x0000000008000dec                APBprescTable
 .rodata.AHBprescTable
                0x0000000008000df4       0x10 Stm32f103c6_Drivers/Stm32_F103C6_RCC_driver.o
                0x0000000008000df4                AHBprescTable
                0x0000000008000e04                . = ALIGN (0x4)

.rel.dyn        0x0000000008000e04        0x0
 .rel.iplt      0x0000000008000e04        0x0 d:/online_emb_diploma/installations/st/stm32cubeide_1.4.0/stm32cubeide/plugins/com.st.stm32cube.ide.mcu.externaltools.gnu-tools-for-stm32.7-2018-q2-update.win32_1.4.0.202007081208/tools/bin/../lib/gcc/arm-none-eabi/7.3.1/thumb/v7-m/crtbegin.o

.ARM.extab      0x0000000008000e04        0x0
                0x0000000008000e04                . = ALIGN (0x4)
 *(.ARM.extab* .gnu.linkonce.armextab.*)
                0x0000000008000e04                . = ALIGN (0x4)

.ARM            0x0000000008000e04        0x0
                0x0000000008000e04                . = ALIGN (0x4)
                0x0000000008000e04                __exidx_start = .
 *(.ARM.exidx*)
                0x0000000008000e04                __exidx_end = .
                0x0000000008000e04                . = ALIGN (0x4)

.preinit_array  0x0000000008000e04        0x0
                0x0000000008000e04                . = ALIGN (0x4)
                0x0000000008000e04                PROVIDE (__preinit_array_start = .)
 *(.preinit_array*)
                0x0000000008000e04                PROVIDE (__preinit_array_end = .)
                0x0000000008000e04                . = ALIGN (0x4)

.init_array     0x0000000008000e04        0x4
                0x0000000008000e04                . = ALIGN (0x4)
                0x0000000008000e04                PROVIDE (__init_array_start = .)
 *(SORT_BY_NAME(.init_array.*))
 *(.init_array*)
 .init_array    0x0000000008000e04        0x4 d:/online_emb_diploma/installations/st/stm32cubeide_1.4.0/stm32cubeide/plugins/com.st.stm32cube.ide.mcu.externaltools.gnu-tools-for-stm32.7-2018-q2-update.win32_1.4.0.202007081208/tools/bin/../lib/gcc/arm-none-eabi/7.3.1/thumb/v7-m/crtbegin.o
                0x0000000008000e08                PROVIDE (__init_array_end = .)
                0x0000000008000e08                . = ALIGN (0x4)

.fini_array     0x0000000008000e08        0x4
                0x0000000008000e08                . = ALIGN (0x4)
                [!provide]                        PROVIDE (__fini_array_start = .)
 *(SORT_BY_NAME(.fini_array.*))
 *(.fini_array*)
 .fini_array    0x0000000008000e08        0x4 d:/online_emb_diploma/installations/st/stm32cubeide_1.4.0/stm32cubeide/plugins/com.st.stm32cube.ide.mcu.externaltools.gnu-tools-for-stm32.7-2018-q2-update.win32_1.4.0.202007081208/tools/bin/../lib/gcc/arm-none-eabi/7.3.1/thumb/v7-m/crtbegin.o
                [!provide]                        PROVIDE (__fini_array_end = .)
                0x0000000008000e0c                . = ALIGN (0x4)
                0x0000000008000e0c                _sidata = LOADADDR (.data)

.data           0x0000000020000000        0x0 load address 0x0000000008000e0c
                0x0000000020000000                . = ALIGN (0x4)
                0x0000000020000000                _sdata = .
 *(.data)
 *(.data*)
                0x0000000020000000                . = ALIGN (0x4)
                0x0000000020000000                _edata = .

.igot.plt       0x0000000020000000        0x0 load address 0x0000000008000e0c
 .igot.plt      0x0000000020000000        0x0 d:/online_emb_diploma/installations/st/stm32cubeide_1.4.0/stm32cubeide/plugins/com.st.stm32cube.ide.mcu.externaltools.gnu-tools-for-stm32.7-2018-q2-update.win32_1.4.0.202007081208/tools/bin/../lib/gcc/arm-none-eabi/7.3.1/thumb/v7-m/crtbegin.o
                0x0000000020000000                . = ALIGN (0x4)

.bss            0x0000000020000000       0x70 load address 0x0000000008000e0c
                0x0000000020000000                _sbss = .
                0x0000000020000000                __bss_start__ = _sbss
 *(.bss)
 .bss           0x0000000020000000       0x1c d:/online_emb_diploma/installations/st/stm32cubeide_1.4.0/stm32cubeide/plugins/com.st.stm32cube.ide.mcu.externaltools.gnu-tools-for-stm32.7-2018-q2-update.win32_1.4.0.202007081208/tools/bin/../lib/gcc/arm-none-eabi/7.3.1/thumb/v7-m/crtbegin.o
 *(.bss*)
 .bss.Global_SPI_Config
                0x000000002000001c        0x8 Stm32f103c6_Drivers/Stm32_F103C6_SPI_driver.o
                0x000000002000001c                Global_SPI_Config
 *(COMMON)
 COMMON         0x0000000020000024        0x2 Src/main.o
                0x0000000020000024                ch
 *fill*         0x0000000020000026        0x2 
 COMMON         0x0000000020000028       0x3c Stm32f103c6_Drivers/Stm32_F103C6_EXTI_driver.o
                0x0000000020000028                GP_CallBack
 COMMON         0x0000000020000064        0xc Stm32f103c6_Drivers/Stm32_F103C6_UART_driver.o
                0x0000000020000064                Global_UART1_Config
                0x0000000020000068                Global_UART2_Config
                0x000000002000006c                Global_UART3_Config
                0x0000000020000070                . = ALIGN (0x4)
                0x0000000020000070                _ebss = .
                0x0000000020000070                __bss_end__ = _ebss

._user_heap_stack
                0x0000000020000070      0x600 load address 0x0000000008000e0c
                0x0000000020000070                . = ALIGN (0x8)
                [!provide]                        PROVIDE (end = .)
                0x0000000020000070                PROVIDE (_end = .)
                0x0000000020000270                . = (. + _Min_Heap_Size)
 *fill*         0x0000000020000070      0x200 
                0x0000000020000670                . = (. + _Min_Stack_Size)
 *fill*         0x0000000020000270      0x400 
                0x0000000020000670                . = ALIGN (0x8)

/DISCARD/
 libc.a(*)
 libm.a(*)
 libgcc.a(*)

.ARM.attributes
                0x0000000000000000       0x29
 *(.ARM.attributes)
 .ARM.attributes
                0x0000000000000000       0x1d d:/online_emb_diploma/installations/st/stm32cubeide_1.4.0/stm32cubeide/plugins/com.st.stm32cube.ide.mcu.externaltools.gnu-tools-for-stm32.7-2018-q2-update.win32_1.4.0.202007081208/tools/bin/../lib/gcc/arm-none-eabi/7.3.1/thumb/v7-m/crti.o
 .ARM.attributes
                0x000000000000001d       0x2d d:/online_emb_diploma/installations/st/stm32cubeide_1.4.0/stm32cubeide/plugins/com.st.stm32cube.ide.mcu.externaltools.gnu-tools-for-stm32.7-2018-q2-update.win32_1.4.0.202007081208/tools/bin/../lib/gcc/arm-none-eabi/7.3.1/thumb/v7-m/crtbegin.o
 .ARM.attributes
                0x000000000000004a       0x33 Src/main.o
 .ARM.attributes
                0x000000000000007d       0x21 Startup/startup_stm32f103c6tx.o
 .ARM.attributes
                0x000000000000009e       0x33 Stm32f103c6_Drivers/Stm32_F103C6_EXTI_driver.o
 .ARM.attributes
                0x00000000000000d1       0x33 Stm32f103c6_Drivers/Stm32_F103C6_RCC_driver.o
 .ARM.attributes
                0x0000000000000104       0x33 Stm32f103c6_Drivers/Stm32_F103C6_SPI_driver.o
 .ARM.attributes
                0x0000000000000137       0x33 Stm32f103c6_Drivers/Stm32_F103C6_UART_driver.o
 .ARM.attributes
                0x000000000000016a       0x33 Stm32f103c6_Drivers/Stm32_F103C6_gpio_driver.o
 .ARM.attributes
                0x000000000000019d       0x2d d:/online_emb_diploma/installations/st/stm32cubeide_1.4.0/stm32cubeide/plugins/com.st.stm32cube.ide.mcu.externaltools.gnu-tools-for-stm32.7-2018-q2-update.win32_1.4.0.202007081208/tools/bin/../lib/gcc/arm-none-eabi/7.3.1/../../../../arm-none-eabi/lib/thumb/v7-m\libc_nano.a(lib_a-init.o)
 .ARM.attributes
                0x00000000000001ca       0x1d d:/online_emb_diploma/installations/st/stm32cubeide_1.4.0/stm32cubeide/plugins/com.st.stm32cube.ide.mcu.externaltools.gnu-tools-for-stm32.7-2018-q2-update.win32_1.4.0.202007081208/tools/bin/../lib/gcc/arm-none-eabi/7.3.1/thumb/v7-m/crtn.o
OUTPUT(Drivers_AddedSpi.elf elf32-littlearm)

.debug_info     0x0000000000000000     0x50df
 .debug_info    0x0000000000000000      0xe0d Src/main.o
 .debug_info    0x0000000000000e0d       0x22 Startup/startup_stm32f103c6tx.o
 .debug_info    0x0000000000000e2f      0xda6 Stm32f103c6_Drivers/Stm32_F103C6_EXTI_driver.o
 .debug_info    0x0000000000001bd5      0xb1c Stm32f103c6_Drivers/Stm32_F103C6_RCC_driver.o
 .debug_info    0x00000000000026f1      0xf21 Stm32f103c6_Drivers/Stm32_F103C6_SPI_driver.o
 .debug_info    0x0000000000003612      0xe84 Stm32f103c6_Drivers/Stm32_F103C6_UART_driver.o
 .debug_info    0x0000000000004496      0xc49 Stm32f103c6_Drivers/Stm32_F103C6_gpio_driver.o

.debug_abbrev   0x0000000000000000      0xc94
 .debug_abbrev  0x0000000000000000      0x24f Src/main.o
 .debug_abbrev  0x000000000000024f       0x12 Startup/startup_stm32f103c6tx.o
 .debug_abbrev  0x0000000000000261      0x210 Stm32f103c6_Drivers/Stm32_F103C6_EXTI_driver.o
 .debug_abbrev  0x0000000000000471      0x1c6 Stm32f103c6_Drivers/Stm32_F103C6_RCC_driver.o
 .debug_abbrev  0x0000000000000637      0x278 Stm32f103c6_Drivers/Stm32_F103C6_SPI_driver.o
 .debug_abbrev  0x00000000000008af      0x23b Stm32f103c6_Drivers/Stm32_F103C6_UART_driver.o
 .debug_abbrev  0x0000000000000aea      0x1aa Stm32f103c6_Drivers/Stm32_F103C6_gpio_driver.o

.debug_loc      0x0000000000000000      0xd4c
 .debug_loc     0x0000000000000000      0x110 Src/main.o
 .debug_loc     0x0000000000000110      0x320 Stm32f103c6_Drivers/Stm32_F103C6_EXTI_driver.o
 .debug_loc     0x0000000000000430       0xec Stm32f103c6_Drivers/Stm32_F103C6_RCC_driver.o
 .debug_loc     0x000000000000051c      0x2bc Stm32f103c6_Drivers/Stm32_F103C6_SPI_driver.o
 .debug_loc     0x00000000000007d8      0x294 Stm32f103c6_Drivers/Stm32_F103C6_UART_driver.o
 .debug_loc     0x0000000000000a6c      0x2e0 Stm32f103c6_Drivers/Stm32_F103C6_gpio_driver.o

.debug_aranges  0x0000000000000000      0x228
 .debug_aranges
                0x0000000000000000       0x38 Src/main.o
 .debug_aranges
                0x0000000000000038       0x28 Startup/startup_stm32f103c6tx.o
 .debug_aranges
                0x0000000000000060       0x80 Stm32f103c6_Drivers/Stm32_F103C6_EXTI_driver.o
 .debug_aranges
                0x00000000000000e0       0x38 Stm32f103c6_Drivers/Stm32_F103C6_RCC_driver.o
 .debug_aranges
                0x0000000000000118       0x58 Stm32f103c6_Drivers/Stm32_F103C6_SPI_driver.o
 .debug_aranges
                0x0000000000000170       0x60 Stm32f103c6_Drivers/Stm32_F103C6_UART_driver.o
 .debug_aranges
                0x00000000000001d0       0x58 Stm32f103c6_Drivers/Stm32_F103C6_gpio_driver.o

.debug_ranges   0x0000000000000000      0x1c0
 .debug_ranges  0x0000000000000000       0x28 Src/main.o
 .debug_ranges  0x0000000000000028       0x20 Startup/startup_stm32f103c6tx.o
 .debug_ranges  0x0000000000000048       0x70 Stm32f103c6_Drivers/Stm32_F103C6_EXTI_driver.o
 .debug_ranges  0x00000000000000b8       0x28 Stm32f103c6_Drivers/Stm32_F103C6_RCC_driver.o
 .debug_ranges  0x00000000000000e0       0x48 Stm32f103c6_Drivers/Stm32_F103C6_SPI_driver.o
 .debug_ranges  0x0000000000000128       0x50 Stm32f103c6_Drivers/Stm32_F103C6_UART_driver.o
 .debug_ranges  0x0000000000000178       0x48 Stm32f103c6_Drivers/Stm32_F103C6_gpio_driver.o

.debug_macro    0x0000000000000000     0x15e0
 .debug_macro   0x0000000000000000      0x24b Src/main.o
 .debug_macro   0x000000000000024b       0xd0 Src/main.o
 .debug_macro   0x000000000000031b       0x16 Src/main.o
 .debug_macro   0x0000000000000331       0xe8 Src/main.o
 .debug_macro   0x0000000000000419       0xc4 Src/main.o
 .debug_macro   0x00000000000004dd       0x1c Src/main.o
 .debug_macro   0x00000000000004f9       0x35 Src/main.o
 .debug_macro   0x000000000000052e       0x10 Src/main.o
 .debug_macro   0x000000000000053e       0x10 Src/main.o
 .debug_macro   0x000000000000054e       0x1c Src/main.o
 .debug_macro   0x000000000000056a       0x52 Src/main.o
 .debug_macro   0x00000000000005bc       0x40 Src/main.o
 .debug_macro   0x00000000000005fc       0x10 Src/main.o
 .debug_macro   0x000000000000060c       0x40 Src/main.o
 .debug_macro   0x000000000000064c       0xd7 Src/main.o
 .debug_macro   0x0000000000000723       0x1c Src/main.o
 .debug_macro   0x000000000000073f       0x3d Src/main.o
 .debug_macro   0x000000000000077c       0x16 Src/main.o
 .debug_macro   0x0000000000000792      0x145 Src/main.o
 .debug_macro   0x00000000000008d7       0xa0 Src/main.o
 .debug_macro   0x0000000000000977       0x40 Src/main.o
 .debug_macro   0x00000000000009b7      0x158 Stm32f103c6_Drivers/Stm32_F103C6_EXTI_driver.o
 .debug_macro   0x0000000000000b0f      0x21a Stm32f103c6_Drivers/Stm32_F103C6_EXTI_driver.o
 .debug_macro   0x0000000000000d29      0x149 Stm32f103c6_Drivers/Stm32_F103C6_RCC_driver.o
 .debug_macro   0x0000000000000e72      0x292 Stm32f103c6_Drivers/Stm32_F103C6_RCC_driver.o
 .debug_macro   0x0000000000001104       0x10 Stm32f103c6_Drivers/Stm32_F103C6_RCC_driver.o
 .debug_macro   0x0000000000001114      0x16a Stm32f103c6_Drivers/Stm32_F103C6_SPI_driver.o
 .debug_macro   0x000000000000127e       0xbe Stm32f103c6_Drivers/Stm32_F103C6_SPI_driver.o
 .debug_macro   0x000000000000133c      0x15f Stm32f103c6_Drivers/Stm32_F103C6_UART_driver.o
 .debug_macro   0x000000000000149b      0x145 Stm32f103c6_Drivers/Stm32_F103C6_gpio_driver.o

.debug_line     0x0000000000000000     0x2fbe
 .debug_line    0x0000000000000000      0x874 Src/main.o
 .debug_line    0x0000000000000874       0x84 Startup/startup_stm32f103c6tx.o
 .debug_line    0x00000000000008f8      0x86b Stm32f103c6_Drivers/Stm32_F103C6_EXTI_driver.o
 .debug_line    0x0000000000001163      0x71e Stm32f103c6_Drivers/Stm32_F103C6_RCC_driver.o
 .debug_line    0x0000000000001881      0x7d9 Stm32f103c6_Drivers/Stm32_F103C6_SPI_driver.o
 .debug_line    0x000000000000205a      0x80b Stm32f103c6_Drivers/Stm32_F103C6_UART_driver.o
 .debug_line    0x0000000000002865      0x759 Stm32f103c6_Drivers/Stm32_F103C6_gpio_driver.o

.debug_str      0x0000000000000000     0xb8ad
 .debug_str     0x0000000000000000     0x9eed Src/main.o
                                       0xa15a (size before relaxing)
 .debug_str     0x0000000000009eed       0x31 Startup/startup_stm32f103c6tx.o
                                         0x8e (size before relaxing)
 .debug_str     0x0000000000009f1e     0x1527 Stm32f103c6_Drivers/Stm32_F103C6_EXTI_driver.o
                                       0x945c (size before relaxing)
 .debug_str     0x000000000000b445       0x9b Stm32f103c6_Drivers/Stm32_F103C6_RCC_driver.o
                                       0x7d1d (size before relaxing)
 .debug_str     0x000000000000b4e0      0x18d Stm32f103c6_Drivers/Stm32_F103C6_SPI_driver.o
                                       0x86b9 (size before relaxing)
 .debug_str     0x000000000000b66d      0x16d Stm32f103c6_Drivers/Stm32_F103C6_UART_driver.o
                                       0x8835 (size before relaxing)
 .debug_str     0x000000000000b7da       0xd3 Stm32f103c6_Drivers/Stm32_F103C6_gpio_driver.o
                                       0x8030 (size before relaxing)

.comment        0x0000000000000000       0x7b
 .comment       0x0000000000000000       0x7b Src/main.o
                                         0x7c (size before relaxing)
 .comment       0x000000000000007b       0x7c Stm32f103c6_Drivers/Stm32_F103C6_EXTI_driver.o
 .comment       0x000000000000007b       0x7c Stm32f103c6_Drivers/Stm32_F103C6_RCC_driver.o
 .comment       0x000000000000007b       0x7c Stm32f103c6_Drivers/Stm32_F103C6_SPI_driver.o
 .comment       0x000000000000007b       0x7c Stm32f103c6_Drivers/Stm32_F103C6_UART_driver.o
 .comment       0x000000000000007b       0x7c Stm32f103c6_Drivers/Stm32_F103C6_gpio_driver.o

.debug_frame    0x0000000000000000      0x6dc
 .debug_frame   0x0000000000000000       0x94 Src/main.o
 .debug_frame   0x0000000000000094      0x1b0 Stm32f103c6_Drivers/Stm32_F103C6_EXTI_driver.o
 .debug_frame   0x0000000000000244       0x8c Stm32f103c6_Drivers/Stm32_F103C6_RCC_driver.o
 .debug_frame   0x00000000000002d0      0x144 Stm32f103c6_Drivers/Stm32_F103C6_SPI_driver.o
 .debug_frame   0x0000000000000414      0x14c Stm32f103c6_Drivers/Stm32_F103C6_UART_driver.o
 .debug_frame   0x0000000000000560      0x150 Stm32f103c6_Drivers/Stm32_F103C6_gpio_driver.o
 .debug_frame   0x00000000000006b0       0x2c d:/online_emb_diploma/installations/st/stm32cubeide_1.4.0/stm32cubeide/plugins/com.st.stm32cube.ide.mcu.externaltools.gnu-tools-for-stm32.7-2018-q2-update.win32_1.4.0.202007081208/tools/bin/../lib/gcc/arm-none-eabi/7.3.1/../../../../arm-none-eabi/lib/thumb/v7-m\libc_nano.a(lib_a-init.o)
