04:33:42 **** Incremental Build of configuration Debug for project Drivers_AddedI2C ****
make -j16 all 
arm-none-eabi-gcc -gdwarf-2 "../Src/main.c" -mcpu=cortex-m3 -std=gnu11 -g3 -DSTM32 -DSTM32F1 -DSTM32F103C6Tx -DDEBUG -c -I../Inc -I"D:/Online_Emb_Diploma/GitHub/Online_Embedded_Diploma/Unit8/Lesson7_I2C_Controller/Drivers_AddedI2C/HAL/INC" -I"D:/Online_Emb_Diploma/GitHub/Online_Embedded_Diploma/Unit8/Lesson7_I2C_Controller/Drivers_AddedI2C/Stm32f103c6_Drivers/inc" -O0 -ffunction-sections -fdata-sections -Wall -fstack-usage -MMD -MP -MF"Src/main.d" -MT"Src/main.o" --specs=nano.specs -mfloat-abi=soft -mthumb -o "Src/main.o"
arm-none-eabi-gcc -gdwarf-2 -o "Drivers_AddedI2C.elf" @"objects.list"   -mcpu=cortex-m3 -T"D:\Online_Emb_Diploma\GitHub\Online_Embedded_Diploma\Unit8\Lesson7_I2C_Controller\Drivers_AddedI2C\STM32F103C6TX_FLASH.ld" --specs=nosys.specs -Wl,-Map="Drivers_AddedI2C.map" -Wl,--gc-sections -static --specs=nano.specs -mfloat-abi=soft -mthumb -Wl,--start-group -lc -lm -Wl,--end-group
Finished building target: Drivers_AddedI2C.elf
 
arm-none-eabi-objdump -h -S  Drivers_AddedI2C.elf  > "Drivers_AddedI2C.list"
arm-none-eabi-objcopy  -O binary  Drivers_AddedI2C.elf  "Drivers_AddedI2C.bin"
arm-none-eabi-size   Drivers_AddedI2C.elf 
   text	   data	    bss	    dec	    hex	filename
    556	      8	   1568	   2132	    854	Drivers_AddedI2C.elf
Finished building: default.size.stdout
Finished building: Drivers_AddedI2C.list
 
 
Finished building: Drivers_AddedI2C.bin
 

04:33:43 Build Finished. 0 errors, 0 warnings. (took 1s.110ms)

