14:35:30 **** Build of configuration Debug for project LAB1_Toggle_Blueblill_Stm32f103c ****
make -j4 all 
arm-none-eabi-gcc "../Drivers/STM32F1xx_HAL_Driver/Src/stm32f1xx_hal.c" -mcpu=cortex-m3 -std=gnu11 -g3 -DUSE_HAL_DRIVER -DSTM32F103x6 -DDEBUG -c -I../Core/Inc -I../Drivers/STM32F1xx_HAL_Driver/Inc -I../Drivers/STM32F1xx_HAL_Driver/Inc/Legacy -I../Drivers/CMSIS/Device/ST/STM32F1xx/Include -I../Drivers/CMSIS/Include -O0 -ffunction-sections -fdata-sections -Wall -fstack-usage -MMD -MP -MF"Drivers/STM32F1xx_HAL_Driver/Src/stm32f1xx_hal.d" -MT"Drivers/STM32F1xx_HAL_Driver/Src/stm32f1xx_hal.o" --specs=nano.specs -mfloat-abi=soft -mthumb -o "Drivers/STM32F1xx_HAL_Driver/Src/stm32f1xx_hal.o"
arm-none-eabi-gcc "../Drivers/STM32F1xx_HAL_Driver/Src/stm32f1xx_hal_cortex.c" -mcpu=cortex-m3 -std=gnu11 -g3 -DUSE_HAL_DRIVER -DSTM32F103x6 -DDEBUG -c -I../Core/Inc -I../Drivers/STM32F1xx_HAL_Driver/Inc -I../Drivers/STM32F1xx_HAL_Driver/Inc/Legacy -I../Drivers/CMSIS/Device/ST/STM32F1xx/Include -I../Drivers/CMSIS/Include -O0 -ffunction-sections -fdata-sections -Wall -fstack-usage -MMD -MP -MF"Drivers/STM32F1xx_HAL_Driver/Src/stm32f1xx_hal_cortex.d" -MT"Drivers/STM32F1xx_HAL_Driver/Src/stm32f1xx_hal_cortex.o" --specs=nano.specs -mfloat-abi=soft -mthumb -o "Drivers/STM32F1xx_HAL_Driver/Src/stm32f1xx_hal_cortex.o"
arm-none-eabi-gcc "../Drivers/STM32F1xx_HAL_Driver/Src/stm32f1xx_hal_dma.c" -mcpu=cortex-m3 -std=gnu11 -g3 -DUSE_HAL_DRIVER -DSTM32F103x6 -DDEBUG -c -I../Core/Inc -I../Drivers/STM32F1xx_HAL_Driver/Inc -I../Drivers/STM32F1xx_HAL_Driver/Inc/Legacy -I../Drivers/CMSIS/Device/ST/STM32F1xx/Include -I../Drivers/CMSIS/Include -O0 -ffunction-sections -fdata-sections -Wall -fstack-usage -MMD -MP -MF"Drivers/STM32F1xx_HAL_Driver/Src/stm32f1xx_hal_dma.d" -MT"Drivers/STM32F1xx_HAL_Driver/Src/stm32f1xx_hal_dma.o" --specs=nano.specs -mfloat-abi=soft -mthumb -o "Drivers/STM32F1xx_HAL_Driver/Src/stm32f1xx_hal_dma.o"
arm-none-eabi-gcc "../Drivers/STM32F1xx_HAL_Driver/Src/stm32f1xx_hal_exti.c" -mcpu=cortex-m3 -std=gnu11 -g3 -DUSE_HAL_DRIVER -DSTM32F103x6 -DDEBUG -c -I../Core/Inc -I../Drivers/STM32F1xx_HAL_Driver/Inc -I../Drivers/STM32F1xx_HAL_Driver/Inc/Legacy -I../Drivers/CMSIS/Device/ST/STM32F1xx/Include -I../Drivers/CMSIS/Include -O0 -ffunction-sections -fdata-sections -Wall -fstack-usage -MMD -MP -MF"Drivers/STM32F1xx_HAL_Driver/Src/stm32f1xx_hal_exti.d" -MT"Drivers/STM32F1xx_HAL_Driver/Src/stm32f1xx_hal_exti.o" --specs=nano.specs -mfloat-abi=soft -mthumb -o "Drivers/STM32F1xx_HAL_Driver/Src/stm32f1xx_hal_exti.o"
arm-none-eabi-gcc "../Drivers/STM32F1xx_HAL_Driver/Src/stm32f1xx_hal_flash.c" -mcpu=cortex-m3 -std=gnu11 -g3 -DUSE_HAL_DRIVER -DSTM32F103x6 -DDEBUG -c -I../Core/Inc -I../Drivers/STM32F1xx_HAL_Driver/Inc -I../Drivers/STM32F1xx_HAL_Driver/Inc/Legacy -I../Drivers/CMSIS/Device/ST/STM32F1xx/Include -I../Drivers/CMSIS/Include -O0 -ffunction-sections -fdata-sections -Wall -fstack-usage -MMD -MP -MF"Drivers/STM32F1xx_HAL_Driver/Src/stm32f1xx_hal_flash.d" -MT"Drivers/STM32F1xx_HAL_Driver/Src/stm32f1xx_hal_flash.o" --specs=nano.specs -mfloat-abi=soft -mthumb -o "Drivers/STM32F1xx_HAL_Driver/Src/stm32f1xx_hal_flash.o"
arm-none-eabi-gcc "../Drivers/STM32F1xx_HAL_Driver/Src/stm32f1xx_hal_flash_ex.c" -mcpu=cortex-m3 -std=gnu11 -g3 -DUSE_HAL_DRIVER -DSTM32F103x6 -DDEBUG -c -I../Core/Inc -I../Drivers/STM32F1xx_HAL_Driver/Inc -I../Drivers/STM32F1xx_HAL_Driver/Inc/Legacy -I../Drivers/CMSIS/Device/ST/STM32F1xx/Include -I../Drivers/CMSIS/Include -O0 -ffunction-sections -fdata-sections -Wall -fstack-usage -MMD -MP -MF"Drivers/STM32F1xx_HAL_Driver/Src/stm32f1xx_hal_flash_ex.d" -MT"Drivers/STM32F1xx_HAL_Driver/Src/stm32f1xx_hal_flash_ex.o" --specs=nano.specs -mfloat-abi=soft -mthumb -o "Drivers/STM32F1xx_HAL_Driver/Src/stm32f1xx_hal_flash_ex.o"
arm-none-eabi-gcc "../Drivers/STM32F1xx_HAL_Driver/Src/stm32f1xx_hal_gpio.c" -mcpu=cortex-m3 -std=gnu11 -g3 -DUSE_HAL_DRIVER -DSTM32F103x6 -DDEBUG -c -I../Core/Inc -I../Drivers/STM32F1xx_HAL_Driver/Inc -I../Drivers/STM32F1xx_HAL_Driver/Inc/Legacy -I../Drivers/CMSIS/Device/ST/STM32F1xx/Include -I../Drivers/CMSIS/Include -O0 -ffunction-sections -fdata-sections -Wall -fstack-usage -MMD -MP -MF"Drivers/STM32F1xx_HAL_Driver/Src/stm32f1xx_hal_gpio.d" -MT"Drivers/STM32F1xx_HAL_Driver/Src/stm32f1xx_hal_gpio.o" --specs=nano.specs -mfloat-abi=soft -mthumb -o "Drivers/STM32F1xx_HAL_Driver/Src/stm32f1xx_hal_gpio.o"
arm-none-eabi-gcc "../Drivers/STM32F1xx_HAL_Driver/Src/stm32f1xx_hal_gpio_ex.c" -mcpu=cortex-m3 -std=gnu11 -g3 -DUSE_HAL_DRIVER -DSTM32F103x6 -DDEBUG -c -I../Core/Inc -I../Drivers/STM32F1xx_HAL_Driver/Inc -I../Drivers/STM32F1xx_HAL_Driver/Inc/Legacy -I../Drivers/CMSIS/Device/ST/STM32F1xx/Include -I../Drivers/CMSIS/Include -O0 -ffunction-sections -fdata-sections -Wall -fstack-usage -MMD -MP -MF"Drivers/STM32F1xx_HAL_Driver/Src/stm32f1xx_hal_gpio_ex.d" -MT"Drivers/STM32F1xx_HAL_Driver/Src/stm32f1xx_hal_gpio_ex.o" --specs=nano.specs -mfloat-abi=soft -mthumb -o "Drivers/STM32F1xx_HAL_Driver/Src/stm32f1xx_hal_gpio_ex.o"
arm-none-eabi-gcc "../Drivers/STM32F1xx_HAL_Driver/Src/stm32f1xx_hal_pwr.c" -mcpu=cortex-m3 -std=gnu11 -g3 -DUSE_HAL_DRIVER -DSTM32F103x6 -DDEBUG -c -I../Core/Inc -I../Drivers/STM32F1xx_HAL_Driver/Inc -I../Drivers/STM32F1xx_HAL_Driver/Inc/Legacy -I../Drivers/CMSIS/Device/ST/STM32F1xx/Include -I../Drivers/CMSIS/Include -O0 -ffunction-sections -fdata-sections -Wall -fstack-usage -MMD -MP -MF"Drivers/STM32F1xx_HAL_Driver/Src/stm32f1xx_hal_pwr.d" -MT"Drivers/STM32F1xx_HAL_Driver/Src/stm32f1xx_hal_pwr.o" --specs=nano.specs -mfloat-abi=soft -mthumb -o "Drivers/STM32F1xx_HAL_Driver/Src/stm32f1xx_hal_pwr.o"
arm-none-eabi-gcc "../Drivers/STM32F1xx_HAL_Driver/Src/stm32f1xx_hal_rcc.c" -mcpu=cortex-m3 -std=gnu11 -g3 -DUSE_HAL_DRIVER -DSTM32F103x6 -DDEBUG -c -I../Core/Inc -I../Drivers/STM32F1xx_HAL_Driver/Inc -I../Drivers/STM32F1xx_HAL_Driver/Inc/Legacy -I../Drivers/CMSIS/Device/ST/STM32F1xx/Include -I../Drivers/CMSIS/Include -O0 -ffunction-sections -fdata-sections -Wall -fstack-usage -MMD -MP -MF"Drivers/STM32F1xx_HAL_Driver/Src/stm32f1xx_hal_rcc.d" -MT"Drivers/STM32F1xx_HAL_Driver/Src/stm32f1xx_hal_rcc.o" --specs=nano.specs -mfloat-abi=soft -mthumb -o "Drivers/STM32F1xx_HAL_Driver/Src/stm32f1xx_hal_rcc.o"
arm-none-eabi-gcc "../Drivers/STM32F1xx_HAL_Driver/Src/stm32f1xx_hal_rcc_ex.c" -mcpu=cortex-m3 -std=gnu11 -g3 -DUSE_HAL_DRIVER -DSTM32F103x6 -DDEBUG -c -I../Core/Inc -I../Drivers/STM32F1xx_HAL_Driver/Inc -I../Drivers/STM32F1xx_HAL_Driver/Inc/Legacy -I../Drivers/CMSIS/Device/ST/STM32F1xx/Include -I../Drivers/CMSIS/Include -O0 -ffunction-sections -fdata-sections -Wall -fstack-usage -MMD -MP -MF"Drivers/STM32F1xx_HAL_Driver/Src/stm32f1xx_hal_rcc_ex.d" -MT"Drivers/STM32F1xx_HAL_Driver/Src/stm32f1xx_hal_rcc_ex.o" --specs=nano.specs -mfloat-abi=soft -mthumb -o "Drivers/STM32F1xx_HAL_Driver/Src/stm32f1xx_hal_rcc_ex.o"
arm-none-eabi-gcc "../Drivers/STM32F1xx_HAL_Driver/Src/stm32f1xx_hal_tim.c" -mcpu=cortex-m3 -std=gnu11 -g3 -DUSE_HAL_DRIVER -DSTM32F103x6 -DDEBUG -c -I../Core/Inc -I../Drivers/STM32F1xx_HAL_Driver/Inc -I../Drivers/STM32F1xx_HAL_Driver/Inc/Legacy -I../Drivers/CMSIS/Device/ST/STM32F1xx/Include -I../Drivers/CMSIS/Include -O0 -ffunction-sections -fdata-sections -Wall -fstack-usage -MMD -MP -MF"Drivers/STM32F1xx_HAL_Driver/Src/stm32f1xx_hal_tim.d" -MT"Drivers/STM32F1xx_HAL_Driver/Src/stm32f1xx_hal_tim.o" --specs=nano.specs -mfloat-abi=soft -mthumb -o "Drivers/STM32F1xx_HAL_Driver/Src/stm32f1xx_hal_tim.o"
arm-none-eabi-gcc "../Drivers/STM32F1xx_HAL_Driver/Src/stm32f1xx_hal_tim_ex.c" -mcpu=cortex-m3 -std=gnu11 -g3 -DUSE_HAL_DRIVER -DSTM32F103x6 -DDEBUG -c -I../Core/Inc -I../Drivers/STM32F1xx_HAL_Driver/Inc -I../Drivers/STM32F1xx_HAL_Driver/Inc/Legacy -I../Drivers/CMSIS/Device/ST/STM32F1xx/Include -I../Drivers/CMSIS/Include -O0 -ffunction-sections -fdata-sections -Wall -fstack-usage -MMD -MP -MF"Drivers/STM32F1xx_HAL_Driver/Src/stm32f1xx_hal_tim_ex.d" -MT"Drivers/STM32F1xx_HAL_Driver/Src/stm32f1xx_hal_tim_ex.o" --specs=nano.specs -mfloat-abi=soft -mthumb -o "Drivers/STM32F1xx_HAL_Driver/Src/stm32f1xx_hal_tim_ex.o"
arm-none-eabi-gcc -mcpu=cortex-m3 -g3 -c -x assembler-with-cpp -MMD -MP -MF"Core/Startup/startup_stm32f103c6tx.d" -MT"Core/Startup/startup_stm32f103c6tx.o" --specs=nano.specs -mfloat-abi=soft -mthumb -o "Core/Startup/startup_stm32f103c6tx.o" "../Core/Startup/startup_stm32f103c6tx.s"
arm-none-eabi-gcc "../Core/Src/main.c" -mcpu=cortex-m3 -std=gnu11 -g3 -DUSE_HAL_DRIVER -DSTM32F103x6 -DDEBUG -c -I../Core/Inc -I../Drivers/STM32F1xx_HAL_Driver/Inc -I../Drivers/STM32F1xx_HAL_Driver/Inc/Legacy -I../Drivers/CMSIS/Device/ST/STM32F1xx/Include -I../Drivers/CMSIS/Include -O0 -ffunction-sections -fdata-sections -Wall -fstack-usage -MMD -MP -MF"Core/Src/main.d" -MT"Core/Src/main.o" --specs=nano.specs -mfloat-abi=soft -mthumb -o "Core/Src/main.o"
arm-none-eabi-gcc "../Core/Src/stm32f1xx_hal_msp.c" -mcpu=cortex-m3 -std=gnu11 -g3 -DUSE_HAL_DRIVER -DSTM32F103x6 -DDEBUG -c -I../Core/Inc -I../Drivers/STM32F1xx_HAL_Driver/Inc -I../Drivers/STM32F1xx_HAL_Driver/Inc/Legacy -I../Drivers/CMSIS/Device/ST/STM32F1xx/Include -I../Drivers/CMSIS/Include -O0 -ffunction-sections -fdata-sections -Wall -fstack-usage -MMD -MP -MF"Core/Src/stm32f1xx_hal_msp.d" -MT"Core/Src/stm32f1xx_hal_msp.o" --specs=nano.specs -mfloat-abi=soft -mthumb -o "Core/Src/stm32f1xx_hal_msp.o"
arm-none-eabi-gcc "../Core/Src/stm32f1xx_it.c" -mcpu=cortex-m3 -std=gnu11 -g3 -DUSE_HAL_DRIVER -DSTM32F103x6 -DDEBUG -c -I../Core/Inc -I../Drivers/STM32F1xx_HAL_Driver/Inc -I../Drivers/STM32F1xx_HAL_Driver/Inc/Legacy -I../Drivers/CMSIS/Device/ST/STM32F1xx/Include -I../Drivers/CMSIS/Include -O0 -ffunction-sections -fdata-sections -Wall -fstack-usage -MMD -MP -MF"Core/Src/stm32f1xx_it.d" -MT"Core/Src/stm32f1xx_it.o" --specs=nano.specs -mfloat-abi=soft -mthumb -o "Core/Src/stm32f1xx_it.o"
arm-none-eabi-gcc "../Core/Src/syscalls.c" -mcpu=cortex-m3 -std=gnu11 -g3 -DUSE_HAL_DRIVER -DSTM32F103x6 -DDEBUG -c -I../Core/Inc -I../Drivers/STM32F1xx_HAL_Driver/Inc -I../Drivers/STM32F1xx_HAL_Driver/Inc/Legacy -I../Drivers/CMSIS/Device/ST/STM32F1xx/Include -I../Drivers/CMSIS/Include -O0 -ffunction-sections -fdata-sections -Wall -fstack-usage -MMD -MP -MF"Core/Src/syscalls.d" -MT"Core/Src/syscalls.o" --specs=nano.specs -mfloat-abi=soft -mthumb -o "Core/Src/syscalls.o"
arm-none-eabi-gcc "../Core/Src/sysmem.c" -mcpu=cortex-m3 -std=gnu11 -g3 -DUSE_HAL_DRIVER -DSTM32F103x6 -DDEBUG -c -I../Core/Inc -I../Drivers/STM32F1xx_HAL_Driver/Inc -I../Drivers/STM32F1xx_HAL_Driver/Inc/Legacy -I../Drivers/CMSIS/Device/ST/STM32F1xx/Include -I../Drivers/CMSIS/Include -O0 -ffunction-sections -fdata-sections -Wall -fstack-usage -MMD -MP -MF"Core/Src/sysmem.d" -MT"Core/Src/sysmem.o" --specs=nano.specs -mfloat-abi=soft -mthumb -o "Core/Src/sysmem.o"
arm-none-eabi-gcc "../Core/Src/system_stm32f1xx.c" -mcpu=cortex-m3 -std=gnu11 -g3 -DUSE_HAL_DRIVER -DSTM32F103x6 -DDEBUG -c -I../Core/Inc -I../Drivers/STM32F1xx_HAL_Driver/Inc -I../Drivers/STM32F1xx_HAL_Driver/Inc/Legacy -I../Drivers/CMSIS/Device/ST/STM32F1xx/Include -I../Drivers/CMSIS/Include -O0 -ffunction-sections -fdata-sections -Wall -fstack-usage -MMD -MP -MF"Core/Src/system_stm32f1xx.d" -MT"Core/Src/system_stm32f1xx.o" --specs=nano.specs -mfloat-abi=soft -mthumb -o "Core/Src/system_stm32f1xx.o"
arm-none-eabi-gcc "../Core/main.c" -mcpu=cortex-m3 -std=gnu11 -g3 -DUSE_HAL_DRIVER -DSTM32F103x6 -DDEBUG -c -I../Core/Inc -I../Drivers/STM32F1xx_HAL_Driver/Inc -I../Drivers/STM32F1xx_HAL_Driver/Inc/Legacy -I../Drivers/CMSIS/Device/ST/STM32F1xx/Include -I../Drivers/CMSIS/Include -O0 -ffunction-sections -fdata-sections -Wall -fstack-usage -MMD -MP -MF"Core/main.d" -MT"Core/main.o" --specs=nano.specs -mfloat-abi=soft -mthumb -o "Core/main.o"
../Core/main.c: In function 'main':
../Core/main.c:50:2: warning: implicit declaration of function 'GPIOA_init'; did you mean 'GPIO_init'? [-Wimplicit-function-declaration]
  GPIOA_init();
  ^~~~~~~~~~
  GPIO_init
arm-none-eabi-gcc -o "LAB1_Toggle_Blueblill_Stm32f103c.elf" @"objects.list"   -mcpu=cortex-m3 -T"D:\Online_Emb_Diploma\GitHub\Online_Embedded_Diploma\Unit7\Lesson1\LAB1_Toggle_Blueblill_Stm32f103c\STM32F103C6TX_FLASH.ld" --specs=nosys.specs -Wl,-Map="LAB1_Toggle_Blueblill_Stm32f103c.map" -Wl,--gc-sections -static --specs=nano.specs -mfloat-abi=soft -mthumb -Wl,--start-group -lc -lm -Wl,--end-group
Core/main.o: In function `main':
D:/Online_Emb_Diploma/GitHub/Online_Embedded_Diploma/Unit7/Lesson1/LAB1_Toggle_Blueblill_Stm32f103c/Debug/../Core/main.c:48: multiple definition of `main'
Core/Src/main.o:D:/Online_Emb_Diploma/GitHub/Online_Embedded_Diploma/Unit7/Lesson1/LAB1_Toggle_Blueblill_Stm32f103c/Debug/../Core/Src/main.c:64: first defined here
collect2.exe: error: ld returned 1 exit status
make: *** [makefile:51: LAB1_Toggle_Blueblill_Stm32f103c.elf] Error 1
"make -j4 all" terminated with exit code 2. Build might be incomplete.
14:36:14 **** Incremental Build of configuration Debug for project LAB1_Toggle_Blueblill_Stm32f103c ****
make -j4 all 
arm-none-eabi-gcc "../Core/main.c" -mcpu=cortex-m3 -std=gnu11 -g3 -DUSE_HAL_DRIVER -DSTM32F103x6 -DDEBUG -c -I../Core/Inc -I../Drivers/STM32F1xx_HAL_Driver/Inc -I../Drivers/STM32F1xx_HAL_Driver/Inc/Legacy -I../Drivers/CMSIS/Device/ST/STM32F1xx/Include -I../Drivers/CMSIS/Include -O0 -ffunction-sections -fdata-sections -Wall -fstack-usage -MMD -MP -MF"Core/main.d" -MT"Core/main.o" --specs=nano.specs -mfloat-abi=soft -mthumb -o "Core/main.o"
arm-none-eabi-gcc -o "LAB1_Toggle_Blueblill_Stm32f103c.elf" @"objects.list"   -mcpu=cortex-m3 -T"D:\Online_Emb_Diploma\GitHub\Online_Embedded_Diploma\Unit7\Lesson1\LAB1_Toggle_Blueblill_Stm32f103c\STM32F103C6TX_FLASH.ld" --specs=nosys.specs -Wl,-Map="LAB1_Toggle_Blueblill_Stm32f103c.map" -Wl,--gc-sections -static --specs=nano.specs -mfloat-abi=soft -mthumb -Wl,--start-group -lc -lm -Wl,--end-group
Core/main.o: In function `main':
D:/Online_Emb_Diploma/GitHub/Online_Embedded_Diploma/Unit7/Lesson1/LAB1_Toggle_Blueblill_Stm32f103c/Debug/../Core/main.c:48: multiple definition of `main'
Core/Src/main.o:D:/Online_Emb_Diploma/GitHub/Online_Embedded_Diploma/Unit7/Lesson1/LAB1_Toggle_Blueblill_Stm32f103c/Debug/../Core/Src/main.c:64: first defined here
collect2.exe: error: ld returned 1 exit status
make: *** [makefile:51: LAB1_Toggle_Blueblill_Stm32f103c.elf] Error 1
"make -j4 all" terminated with exit code 2. Build might be incomplete.
14:42:00 **** Incremental Build of configuration Debug for project LAB1_Toggle_Blueblill_Stm32f103c ****
make -j4 all 
arm-none-eabi-gcc -o "LAB1_Toggle_Blueblill_Stm32f103c.elf" @"objects.list"   -mcpu=cortex-m3 -T"D:\Online_Emb_Diploma\GitHub\Online_Embedded_Diploma\Unit7\Lesson1\LAB1_Toggle_Blueblill_Stm32f103c\STM32F103C6TX_FLASH.ld" --specs=nosys.specs -Wl,-Map="LAB1_Toggle_Blueblill_Stm32f103c.map" -Wl,--gc-sections -static --specs=nano.specs -mfloat-abi=soft -mthumb -Wl,--start-group -lc -lm -Wl,--end-group
Core/main.o: In function `main':
D:/Online_Emb_Diploma/GitHub/Online_Embedded_Diploma/Unit7/Lesson1/LAB1_Toggle_Blueblill_Stm32f103c/Debug/../Core/main.c:48: multiple definition of `main'
Core/Src/main.o:D:/Online_Emb_Diploma/GitHub/Online_Embedded_Diploma/Unit7/Lesson1/LAB1_Toggle_Blueblill_Stm32f103c/Debug/../Core/Src/main.c:64: first defined here
collect2.exe: error: ld returned 1 exit status
make: *** [makefile:51: LAB1_Toggle_Blueblill_Stm32f103c.elf] Error 1
"make -j4 all" terminated with exit code 2. Build might be incomplete.
14:42:03 **** Build of configuration Debug for project Lab1_Toggle_Bluebill_STM32 ****
make -j4 all 
arm-none-eabi-gcc -mcpu=cortex-m3 -g3 -c -x assembler-with-cpp -MMD -MP -MF"Core/Startup/startup_stm32f103c6tx.d" -MT"Core/Startup/startup_stm32f103c6tx.o" --specs=nano.specs -mfloat-abi=soft -mthumb -o "Core/Startup/startup_stm32f103c6tx.o" "../Core/Startup/startup_stm32f103c6tx.s"
arm-none-eabi-gcc "../Core/Src/main.c" -mcpu=cortex-m3 -std=gnu11 -g3 -DSTM32 -DSTM32F1 -DSTM32F103C6Tx -DDEBUG -c -I../Core/Inc -O0 -ffunction-sections -fdata-sections -Wall -fstack-usage -MMD -MP -MF"Core/Src/main.d" -MT"Core/Src/main.o" --specs=nano.specs -mfloat-abi=soft -mthumb -o "Core/Src/main.o"
arm-none-eabi-gcc "../Core/Src/stm32f1xx_hal_msp.c" -mcpu=cortex-m3 -std=gnu11 -g3 -DSTM32 -DSTM32F1 -DSTM32F103C6Tx -DDEBUG -c -I../Core/Inc -O0 -ffunction-sections -fdata-sections -Wall -fstack-usage -MMD -MP -MF"Core/Src/stm32f1xx_hal_msp.d" -MT"Core/Src/stm32f1xx_hal_msp.o" --specs=nano.specs -mfloat-abi=soft -mthumb -o "Core/Src/stm32f1xx_hal_msp.o"
arm-none-eabi-gcc "../Core/Src/stm32f1xx_it.c" -mcpu=cortex-m3 -std=gnu11 -g3 -DSTM32 -DSTM32F1 -DSTM32F103C6Tx -DDEBUG -c -I../Core/Inc -O0 -ffunction-sections -fdata-sections -Wall -fstack-usage -MMD -MP -MF"Core/Src/stm32f1xx_it.d" -MT"Core/Src/stm32f1xx_it.o" --specs=nano.specs -mfloat-abi=soft -mthumb -o "Core/Src/stm32f1xx_it.o"
In file included from ../Core/Src/stm32f1xx_hal_msp.c:23:0:
../Core/Inc/main.h:31:10: fatal error: stm32f1xx_hal.h: No such file or directory
 #include "stm32f1xx_hal.h"
          ^~~~~~~~~~~~~~~~~
compilation terminated.
In file included from ../Core/Src/main.c:21:0:
../Core/Inc/main.h:31:10: fatal error: stm32f1xx_hal.h: No such file or directory
 #include "stm32f1xx_hal.h"
          ^~~~~~~~~~~~~~~~~
compilation terminated.
make: *** [Core/Src/subdir.mk:35: Core/Src/stm32f1xx_hal_msp.o] Error 1
make: *** Waiting for unfinished jobs....
make: *** [Core/Src/subdir.mk:33: Core/Src/main.o] Error 1
In file included from ../Core/Src/stm32f1xx_it.c:22:0:
../Core/Inc/main.h:31:10: fatal error: stm32f1xx_hal.h: No such file or directory
 #include "stm32f1xx_hal.h"
          ^~~~~~~~~~~~~~~~~
compilation terminated.
make: *** [Core/Src/subdir.mk:37: Core/Src/stm32f1xx_it.o] Error 1
"make -j4 all" terminated with exit code 2. Build might be incomplete.
14:43:26 **** Incremental Build of configuration Debug for project LAB1_Toggle_Blueblill_Stm32f103c ****
make -j4 all 
arm-none-eabi-gcc -o "LAB1_Toggle_Blueblill_Stm32f103c.elf" @"objects.list"   -mcpu=cortex-m3 -T"D:\Online_Emb_Diploma\GitHub\Online_Embedded_Diploma\Unit7\Lesson1\LAB1_Toggle_Blueblill_Stm32f103c\STM32F103C6TX_FLASH.ld" --specs=nosys.specs -Wl,-Map="LAB1_Toggle_Blueblill_Stm32f103c.map" -Wl,--gc-sections -static --specs=nano.specs -mfloat-abi=soft -mthumb -Wl,--start-group -lc -lm -Wl,--end-group
Core/main.o: In function `main':
D:/Online_Emb_Diploma/GitHub/Online_Embedded_Diploma/Unit7/Lesson1/LAB1_Toggle_Blueblill_Stm32f103c/Debug/../Core/main.c:48: multiple definition of `main'
Core/Src/main.o:D:/Online_Emb_Diploma/GitHub/Online_Embedded_Diploma/Unit7/Lesson1/LAB1_Toggle_Blueblill_Stm32f103c/Debug/../Core/Src/main.c:64: first defined here
collect2.exe: error: ld returned 1 exit status
make: *** [makefile:51: LAB1_Toggle_Blueblill_Stm32f103c.elf] Error 1
"make -j4 all" terminated with exit code 2. Build might be incomplete.
14:43:29 **** Incremental Build of configuration Debug for project Lab1_Toggle_Bluebill_STM32 ****
make -j4 all 
arm-none-eabi-gcc "../Core/Src/main.c" -mcpu=cortex-m3 -std=gnu11 -g3 -DSTM32 -DSTM32F1 -DSTM32F103C6Tx -DDEBUG -c -I../Core/Inc -O0 -ffunction-sections -fdata-sections -Wall -fstack-usage -MMD -MP -MF"Core/Src/main.d" -MT"Core/Src/main.o" --specs=nano.specs -mfloat-abi=soft -mthumb -o "Core/Src/main.o"
arm-none-eabi-gcc "../Core/Src/stm32f1xx_hal_msp.c" -mcpu=cortex-m3 -std=gnu11 -g3 -DSTM32 -DSTM32F1 -DSTM32F103C6Tx -DDEBUG -c -I../Core/Inc -O0 -ffunction-sections -fdata-sections -Wall -fstack-usage -MMD -MP -MF"Core/Src/stm32f1xx_hal_msp.d" -MT"Core/Src/stm32f1xx_hal_msp.o" --specs=nano.specs -mfloat-abi=soft -mthumb -o "Core/Src/stm32f1xx_hal_msp.o"
arm-none-eabi-gcc "../Core/Src/stm32f1xx_it.c" -mcpu=cortex-m3 -std=gnu11 -g3 -DSTM32 -DSTM32F1 -DSTM32F103C6Tx -DDEBUG -c -I../Core/Inc -O0 -ffunction-sections -fdata-sections -Wall -fstack-usage -MMD -MP -MF"Core/Src/stm32f1xx_it.d" -MT"Core/Src/stm32f1xx_it.o" --specs=nano.specs -mfloat-abi=soft -mthumb -o "Core/Src/stm32f1xx_it.o"
arm-none-eabi-gcc "../Core/Src/syscalls.c" -mcpu=cortex-m3 -std=gnu11 -g3 -DSTM32 -DSTM32F1 -DSTM32F103C6Tx -DDEBUG -c -I../Core/Inc -O0 -ffunction-sections -fdata-sections -Wall -fstack-usage -MMD -MP -MF"Core/Src/syscalls.d" -MT"Core/Src/syscalls.o" --specs=nano.specs -mfloat-abi=soft -mthumb -o "Core/Src/syscalls.o"
In file included from ../Core/Src/stm32f1xx_it.c:22:0:
../Core/Inc/main.h:31:10: fatal error: stm32f1xx_hal.h: No such file or directory
 #include "stm32f1xx_hal.h"
          ^~~~~~~~~~~~~~~~~
compilation terminated.
In file included from ../Core/Src/stm32f1xx_hal_msp.c:23:0:
../Core/Inc/main.h:31:10: fatal error: stm32f1xx_hal.h: No such file or directory
 #include "stm32f1xx_hal.h"
          ^~~~~~~~~~~~~~~~~
compilation terminated.
make: *** [Core/Src/subdir.mk:37: Core/Src/stm32f1xx_it.o] Error 1
make: *** Waiting for unfinished jobs....
make: *** [Core/Src/subdir.mk:35: Core/Src/stm32f1xx_hal_msp.o] Error 1
"make -j4 all" terminated with exit code 2. Build might be incomplete.
14:45:27 **** Incremental Build of configuration Debug for project Lab1_Toggle_Bluebill_STM32 ****
make -j4 all 
arm-none-eabi-gcc "../Core/Src/stm32f1xx_hal_msp.c" -mcpu=cortex-m3 -std=gnu11 -g3 -DSTM32 -DSTM32F1 -DSTM32F103C6Tx -DDEBUG -c -I../Core/Inc -O0 -ffunction-sections -fdata-sections -Wall -fstack-usage -MMD -MP -MF"Core/Src/stm32f1xx_hal_msp.d" -MT"Core/Src/stm32f1xx_hal_msp.o" --specs=nano.specs -mfloat-abi=soft -mthumb -o "Core/Src/stm32f1xx_hal_msp.o"
arm-none-eabi-gcc "../Core/Src/stm32f1xx_it.c" -mcpu=cortex-m3 -std=gnu11 -g3 -DSTM32 -DSTM32F1 -DSTM32F103C6Tx -DDEBUG -c -I../Core/Inc -O0 -ffunction-sections -fdata-sections -Wall -fstack-usage -MMD -MP -MF"Core/Src/stm32f1xx_it.d" -MT"Core/Src/stm32f1xx_it.o" --specs=nano.specs -mfloat-abi=soft -mthumb -o "Core/Src/stm32f1xx_it.o"
arm-none-eabi-gcc "../Core/Src/sysmem.c" -mcpu=cortex-m3 -std=gnu11 -g3 -DSTM32 -DSTM32F1 -DSTM32F103C6Tx -DDEBUG -c -I../Core/Inc -O0 -ffunction-sections -fdata-sections -Wall -fstack-usage -MMD -MP -MF"Core/Src/sysmem.d" -MT"Core/Src/sysmem.o" --specs=nano.specs -mfloat-abi=soft -mthumb -o "Core/Src/sysmem.o"
arm-none-eabi-gcc "../Core/Src/system_stm32f1xx.c" -mcpu=cortex-m3 -std=gnu11 -g3 -DSTM32 -DSTM32F1 -DSTM32F103C6Tx -DDEBUG -c -I../Core/Inc -O0 -ffunction-sections -fdata-sections -Wall -fstack-usage -MMD -MP -MF"Core/Src/system_stm32f1xx.d" -MT"Core/Src/system_stm32f1xx.o" --specs=nano.specs -mfloat-abi=soft -mthumb -o "Core/Src/system_stm32f1xx.o"
In file included from ../Core/Src/stm32f1xx_hal_msp.c:23:0:
../Core/Inc/main.h:31:10: fatal error: stm32f1xx_hal.h: No such file or directory
 #include "stm32f1xx_hal.h"
          ^~~~~~~~~~~~~~~~~
compilation terminated.
In file included from ../Core/Src/stm32f1xx_it.c:22:0:
../Core/Inc/main.h:31:10: fatal error: stm32f1xx_hal.h: No such file or directory
 #include "stm32f1xx_hal.h"
          ^~~~~~~~~~~~~~~~~
compilation terminated.
make: *** [Core/Src/subdir.mk:35: Core/Src/stm32f1xx_hal_msp.o] Error 1
make: *** Waiting for unfinished jobs....
make: *** [Core/Src/subdir.mk:37: Core/Src/stm32f1xx_it.o] Error 1
../Core/Src/system_stm32f1xx.c:59:10: fatal error: stm32f1xx.h: No such file or directory
 #include "stm32f1xx.h"
          ^~~~~~~~~~~~~
compilation terminated.
make: *** [Core/Src/subdir.mk:43: Core/Src/system_stm32f1xx.o] Error 1
"make -j4 all" terminated with exit code 2. Build might be incomplete.
14:47:27 **** Incremental Build of configuration Debug for project Lab1_Toggle_Bluebill_STM32 ****
make -j4 all 
arm-none-eabi-gcc "../Core/Src/stm32f1xx_hal_msp.c" -mcpu=cortex-m3 -std=gnu11 -g3 -DSTM32 -DSTM32F1 -DSTM32F103C6Tx -DDEBUG -c -I../Core/Inc -O0 -ffunction-sections -fdata-sections -Wall -fstack-usage -MMD -MP -MF"Core/Src/stm32f1xx_hal_msp.d" -MT"Core/Src/stm32f1xx_hal_msp.o" --specs=nano.specs -mfloat-abi=soft -mthumb -o "Core/Src/stm32f1xx_hal_msp.o"
arm-none-eabi-gcc "../Core/Src/stm32f1xx_it.c" -mcpu=cortex-m3 -std=gnu11 -g3 -DSTM32 -DSTM32F1 -DSTM32F103C6Tx -DDEBUG -c -I../Core/Inc -O0 -ffunction-sections -fdata-sections -Wall -fstack-usage -MMD -MP -MF"Core/Src/stm32f1xx_it.d" -MT"Core/Src/stm32f1xx_it.o" --specs=nano.specs -mfloat-abi=soft -mthumb -o "Core/Src/stm32f1xx_it.o"
arm-none-eabi-gcc "../Core/Src/system_stm32f1xx.c" -mcpu=cortex-m3 -std=gnu11 -g3 -DSTM32 -DSTM32F1 -DSTM32F103C6Tx -DDEBUG -c -I../Core/Inc -O0 -ffunction-sections -fdata-sections -Wall -fstack-usage -MMD -MP -MF"Core/Src/system_stm32f1xx.d" -MT"Core/Src/system_stm32f1xx.o" --specs=nano.specs -mfloat-abi=soft -mthumb -o "Core/Src/system_stm32f1xx.o"
../Core/Src/stm32f1xx_it.c:22:10: fatal error: main.h: No such file or directory
 #include "main.h"
          ^~~~~~~~
compilation terminated.
../Core/Src/stm32f1xx_hal_msp.c:23:10: fatal error: main.h: No such file or directory
 #include "main.h"
          ^~~~~~~~
compilation terminated.
../Core/Src/system_stm32f1xx.c:59:10: fatal error: stm32f1xx.h: No such file or directory
 #include "stm32f1xx.h"
          ^~~~~~~~~~~~~
compilation terminated.
make: *** [Core/Src/subdir.mk:35: Core/Src/stm32f1xx_hal_msp.o] Error 1
make: *** Waiting for unfinished jobs....
make: *** [Core/Src/subdir.mk:37: Core/Src/stm32f1xx_it.o] Error 1
make: *** [Core/Src/subdir.mk:43: Core/Src/system_stm32f1xx.o] Error 1
"make -j4 all" terminated with exit code 2. Build might be incomplete.
14:50:56 **** Build of configuration Debug for project LAB1_TOGGLE_BLUEBILL_STM32F103 ****
make -j4 all 
arm-none-eabi-gcc -mcpu=cortex-m3 -g3 -c -x assembler-with-cpp -MMD -MP -MF"Startup/startup_stm32f103c6tx.d" -MT"Startup/startup_stm32f103c6tx.o" --specs=nano.specs -mfloat-abi=soft -mthumb -o "Startup/startup_stm32f103c6tx.o" "../Startup/startup_stm32f103c6tx.s"
arm-none-eabi-gcc "../Src/main.c" -mcpu=cortex-m3 -std=gnu11 -g3 -DSTM32 -DSTM32F1 -DSTM32F103C6Tx -DDEBUG -c -I../Inc -O0 -ffunction-sections -fdata-sections -Wall -fstack-usage -MMD -MP -MF"Src/main.d" -MT"Src/main.o" --specs=nano.specs -mfloat-abi=soft -mthumb -o "Src/main.o"
arm-none-eabi-gcc "../Src/syscalls.c" -mcpu=cortex-m3 -std=gnu11 -g3 -DSTM32 -DSTM32F1 -DSTM32F103C6Tx -DDEBUG -c -I../Inc -O0 -ffunction-sections -fdata-sections -Wall -fstack-usage -MMD -MP -MF"Src/syscalls.d" -MT"Src/syscalls.o" --specs=nano.specs -mfloat-abi=soft -mthumb -o "Src/syscalls.o"
arm-none-eabi-gcc "../Src/sysmem.c" -mcpu=cortex-m3 -std=gnu11 -g3 -DSTM32 -DSTM32F1 -DSTM32F103C6Tx -DDEBUG -c -I../Inc -O0 -ffunction-sections -fdata-sections -Wall -fstack-usage -MMD -MP -MF"Src/sysmem.d" -MT"Src/sysmem.o" --specs=nano.specs -mfloat-abi=soft -mthumb -o "Src/sysmem.o"
arm-none-eabi-gcc -o "LAB1_TOGGLE_BLUEBILL_STM32F103.elf" @"objects.list"   -mcpu=cortex-m3 -T"D:\Online_Emb_Diploma\GitHub\Online_Embedded_Diploma\Unit7\Lesson1\LAB1_TOGGLE_BLUEBILL_STM32F103\STM32F103C6TX_FLASH.ld" --specs=nosys.specs -Wl,-Map="LAB1_TOGGLE_BLUEBILL_STM32F103.map" -Wl,--gc-sections -static --specs=nano.specs -mfloat-abi=soft -mthumb -Wl,--start-group -lc -lm -Wl,--end-group
Finished building target: LAB1_TOGGLE_BLUEBILL_STM32F103.elf
 
arm-none-eabi-size   LAB1_TOGGLE_BLUEBILL_STM32F103.elf 
arm-none-eabi-objdump -h -S  LAB1_TOGGLE_BLUEBILL_STM32F103.elf  > "LAB1_TOGGLE_BLUEBILL_STM32F103.list"
arm-none-eabi-objcopy  -O binary  LAB1_TOGGLE_BLUEBILL_STM32F103.elf  "LAB1_TOGGLE_BLUEBILL_STM32F103.bin"
   text	   data	    bss	    dec	    hex	filename
    796	      8	   1568	   2372	    944	LAB1_TOGGLE_BLUEBILL_STM32F103.elf
Finished building: default.size.stdout
 
Finished building: LAB1_TOGGLE_BLUEBILL_STM32F103.bin
Finished building: LAB1_TOGGLE_BLUEBILL_STM32F103.list
 
 
14:51:01 **** Incremental Build of configuration Debug for project Lab1_Toggle_Bluebill_STM32 ****
make -j4 all 
arm-none-eabi-gcc "../Core/Src/stm32f1xx_hal_msp.c" -mcpu=cortex-m3 -std=gnu11 -g3 -DSTM32 -DSTM32F1 -DSTM32F103C6Tx -DDEBUG -c -I../Core/Inc -O0 -ffunction-sections -fdata-sections -Wall -fstack-usage -MMD -MP -MF"Core/Src/stm32f1xx_hal_msp.d" -MT"Core/Src/stm32f1xx_hal_msp.o" --specs=nano.specs -mfloat-abi=soft -mthumb -o "Core/Src/stm32f1xx_hal_msp.o"
arm-none-eabi-gcc "../Core/Src/stm32f1xx_it.c" -mcpu=cortex-m3 -std=gnu11 -g3 -DSTM32 -DSTM32F1 -DSTM32F103C6Tx -DDEBUG -c -I../Core/Inc -O0 -ffunction-sections -fdata-sections -Wall -fstack-usage -MMD -MP -MF"Core/Src/stm32f1xx_it.d" -MT"Core/Src/stm32f1xx_it.o" --specs=nano.specs -mfloat-abi=soft -mthumb -o "Core/Src/stm32f1xx_it.o"
arm-none-eabi-gcc "../Core/Src/system_stm32f1xx.c" -mcpu=cortex-m3 -std=gnu11 -g3 -DSTM32 -DSTM32F1 -DSTM32F103C6Tx -DDEBUG -c -I../Core/Inc -O0 -ffunction-sections -fdata-sections -Wall -fstack-usage -MMD -MP -MF"Core/Src/system_stm32f1xx.d" -MT"Core/Src/system_stm32f1xx.o" --specs=nano.specs -mfloat-abi=soft -mthumb -o "Core/Src/system_stm32f1xx.o"
In file included from ../Core/Src/stm32f1xx_hal_msp.c:23:0:
../Core/Inc/main.h:31:10: fatal error: stm32f1xx_hal.h: No such file or directory
 #include "stm32f1xx_hal.h"
          ^~~~~~~~~~~~~~~~~
compilation terminated.
In file included from ../Core/Src/stm32f1xx_it.c:22:0:
../Core/Inc/main.h:31:10: fatal error: stm32f1xx_hal.h: No such file or directory
 #include "stm32f1xx_hal.h"
          ^~~~~~~~~~~~~~~~~
compilation terminated.
make: *** [Core/Src/subdir.mk:35: Core/Src/stm32f1xx_hal_msp.o] Error 1
make: *** Waiting for unfinished jobs....
../Core/Src/system_stm32f1xx.c:59:10: fatal error: stm32f1xx.h: No such file or directory
 #include "stm32f1xx.h"
          ^~~~~~~~~~~~~
compilation terminated.
make: *** [Core/Src/subdir.mk:37: Core/Src/stm32f1xx_it.o] Error 1
make: *** [Core/Src/subdir.mk:43: Core/Src/system_stm32f1xx.o] Error 1
"make -j4 all" terminated with exit code 2. Build might be incomplete.
14:51:41 **** Incremental Build of configuration Debug for project LAB1_TOGGLE_BLUEBILL_STM32F103 ****
make -j4 all 
arm-none-eabi-size   LAB1_TOGGLE_BLUEBILL_STM32F103.elf 
   text	   data	    bss	    dec	    hex	filename
    796	      8	   1568	   2372	    944	LAB1_TOGGLE_BLUEBILL_STM32F103.elf
Finished building: default.size.stdout
 
14:56:36 **** Incremental Build of configuration Debug for project LAB1_TOGGLE_BLUEBILL_STM32F103 ****
make -j4 all 
arm-none-eabi-size   LAB1_TOGGLE_BLUEBILL_STM32F103.elf 
   text	   data	    bss	    dec	    hex	filename
    796	      8	   1568	   2372	    944	LAB1_TOGGLE_BLUEBILL_STM32F103.elf
Finished building: default.size.stdout
 
14:57:14 **** Incremental Build of configuration Debug for project LAB1_TOGGLE_BLUEBILL_STM32F103 ****
make -j4 all 
arm-none-eabi-gcc "../Src/main.c" -mcpu=cortex-m3 -std=gnu11 -g3 -DSTM32 -DSTM32F1 -DSTM32F103C6Tx -DDEBUG -c -I../Inc -O0 -ffunction-sections -fdata-sections -Wall -fstack-usage -MMD -MP -MF"Src/main.d" -MT"Src/main.o" --specs=nano.specs -mfloat-abi=soft -mthumb -o "Src/main.o"
../Src/main.c:8:1: warning: "/*" within comment [-Wcomment]
 /*
  
arm-none-eabi-gcc -o "LAB1_TOGGLE_BLUEBILL_STM32F103.elf" @"objects.list"   -mcpu=cortex-m3 -T"D:\Online_Emb_Diploma\GitHub\Online_Embedded_Diploma\Unit7\Lesson1\LAB1_TOGGLE_BLUEBILL_STM32F103\STM32F103C6TX_FLASH.ld" --specs=nosys.specs -Wl,-Map="LAB1_TOGGLE_BLUEBILL_STM32F103.map" -Wl,--gc-sections -static --specs=nano.specs -mfloat-abi=soft -mthumb -Wl,--start-group -lc -lm -Wl,--end-group
Finished building target: LAB1_TOGGLE_BLUEBILL_STM32F103.elf
 
arm-none-eabi-objdump -h -S  LAB1_TOGGLE_BLUEBILL_STM32F103.elf  > "LAB1_TOGGLE_BLUEBILL_STM32F103.list"
arm-none-eabi-objcopy  -O binary  LAB1_TOGGLE_BLUEBILL_STM32F103.elf  "LAB1_TOGGLE_BLUEBILL_STM32F103.bin"
arm-none-eabi-size   LAB1_TOGGLE_BLUEBILL_STM32F103.elf 
   text	   data	    bss	    dec	    hex	filename
    796	      8	   1568	   2372	    944	LAB1_TOGGLE_BLUEBILL_STM32F103.elf
Finished building: default.size.stdout
 
Finished building: LAB1_TOGGLE_BLUEBILL_STM32F103.list
Finished building: LAB1_TOGGLE_BLUEBILL_STM32F103.bin
 
 
14:57:51 **** Incremental Build of configuration Debug for project LAB1_TOGGLE_BLUEBILL_STM32F103 ****
make -j4 all 
arm-none-eabi-gcc "../Src/main.c" -mcpu=cortex-m3 -std=gnu11 -g3 -DSTM32 -DSTM32F1 -DSTM32F103C6Tx -DDEBUG -c -I../Inc -O0 -ffunction-sections -fdata-sections -Wall -fstack-usage -MMD -MP -MF"Src/main.d" -MT"Src/main.o" --specs=nano.specs -mfloat-abi=soft -mthumb -o "Src/main.o"
arm-none-eabi-gcc -o "LAB1_TOGGLE_BLUEBILL_STM32F103.elf" @"objects.list"   -mcpu=cortex-m3 -T"D:\Online_Emb_Diploma\GitHub\Online_Embedded_Diploma\Unit7\Lesson1\LAB1_TOGGLE_BLUEBILL_STM32F103\STM32F103C6TX_FLASH.ld" --specs=nosys.specs -Wl,-Map="LAB1_TOGGLE_BLUEBILL_STM32F103.map" -Wl,--gc-sections -static --specs=nano.specs -mfloat-abi=soft -mthumb -Wl,--start-group -lc -lm -Wl,--end-group
Finished building target: LAB1_TOGGLE_BLUEBILL_STM32F103.elf
 
arm-none-eabi-objdump -h -S  LAB1_TOGGLE_BLUEBILL_STM32F103.elf  > "LAB1_TOGGLE_BLUEBILL_STM32F103.list"
arm-none-eabi-objcopy  -O binary  LAB1_TOGGLE_BLUEBILL_STM32F103.elf  "LAB1_TOGGLE_BLUEBILL_STM32F103.bin"
arm-none-eabi-size   LAB1_TOGGLE_BLUEBILL_STM32F103.elf 
   text	   data	    bss	    dec	    hex	filename
    796	      8	   1568	   2372	    944	LAB1_TOGGLE_BLUEBILL_STM32F103.elf
Finished building: default.size.stdout
 
Finished building: LAB1_TOGGLE_BLUEBILL_STM32F103.list
Finished building: LAB1_TOGGLE_BLUEBILL_STM32F103.bin
 
 
15:07:29 **** Incremental Build of configuration Debug for project LAB1_TOGGLE_BLUEBILL_STM32F103 ****
make -j4 all 
arm-none-eabi-gcc -gdwarf-2 -mcpu=cortex-m3 -g3 -c -x assembler-with-cpp -MMD -MP -MF"Startup/startup_stm32f103c6tx.d" -MT"Startup/startup_stm32f103c6tx.o" --specs=nano.specs -mfloat-abi=soft -mthumb -o "Startup/startup_stm32f103c6tx.o" "../Startup/startup_stm32f103c6tx.s"
arm-none-eabi-gcc -gdwar-2 "../Src/main.c" -mcpu=cortex-m3 -std=gnu11 -g3 -DSTM32 -DSTM32F1 -DSTM32F103C6Tx -DDEBUG -c -I../Inc -O0 -ffunction-sections -fdata-sections -Wall -fstack-usage -MMD -MP -MF"Src/main.d" -MT"Src/main.o" --specs=nano.specs -mfloat-abi=soft -mthumb -o "Src/main.o"
arm-none-eabi-gcc -gdwar-2 "../Src/syscalls.c" -mcpu=cortex-m3 -std=gnu11 -g3 -DSTM32 -DSTM32F1 -DSTM32F103C6Tx -DDEBUG -c -I../Inc -O0 -ffunction-sections -fdata-sections -Wall -fstack-usage -MMD -MP -MF"Src/syscalls.d" -MT"Src/syscalls.o" --specs=nano.specs -mfloat-abi=soft -mthumb -o "Src/syscalls.o"
arm-none-eabi-gcc -gdwar-2 "../Src/sysmem.c" -mcpu=cortex-m3 -std=gnu11 -g3 -DSTM32 -DSTM32F1 -DSTM32F103C6Tx -DDEBUG -c -I../Inc -O0 -ffunction-sections -fdata-sections -Wall -fstack-usage -MMD -MP -MF"Src/sysmem.d" -MT"Src/sysmem.o" --specs=nano.specs -mfloat-abi=soft -mthumb -o "Src/sysmem.o"
arm-none-eabi-gcc: error: unrecognized debug output level 'dwar-2'
arm-none-eabi-gcc: error: unrecognized debug output level 'dwar-2'
arm-none-eabi-gcc: error: unrecognized debug output level 'dwar-2'
make: *** [Src/subdir.mk:26: Src/syscalls.o] Error 1
make: *** Waiting for unfinished jobs....
make: *** [Src/subdir.mk:24: Src/main.o] Error 1
make: *** [Src/subdir.mk:28: Src/sysmem.o] Error 1
"make -j4 all" terminated with exit code 2. Build might be incomplete.
15:08:18 **** Incremental Build of configuration Debug for project LAB1_TOGGLE_BLUEBILL_STM32F103 ****
make -j4 all 
arm-none-eabi-gcc -gdwarf-2 "../Src/main.c" -mcpu=cortex-m3 -std=gnu11 -g3 -DSTM32 -DSTM32F1 -DSTM32F103C6Tx -DDEBUG -c -I../Inc -O0 -ffunction-sections -fdata-sections -Wall -fstack-usage -MMD -MP -MF"Src/main.d" -MT"Src/main.o" --specs=nano.specs -mfloat-abi=soft -mthumb -o "Src/main.o"
arm-none-eabi-gcc -gdwarf-2 "../Src/syscalls.c" -mcpu=cortex-m3 -std=gnu11 -g3 -DSTM32 -DSTM32F1 -DSTM32F103C6Tx -DDEBUG -c -I../Inc -O0 -ffunction-sections -fdata-sections -Wall -fstack-usage -MMD -MP -MF"Src/syscalls.d" -MT"Src/syscalls.o" --specs=nano.specs -mfloat-abi=soft -mthumb -o "Src/syscalls.o"
arm-none-eabi-gcc -gdwarf-2 "../Src/sysmem.c" -mcpu=cortex-m3 -std=gnu11 -g3 -DSTM32 -DSTM32F1 -DSTM32F103C6Tx -DDEBUG -c -I../Inc -O0 -ffunction-sections -fdata-sections -Wall -fstack-usage -MMD -MP -MF"Src/sysmem.d" -MT"Src/sysmem.o" --specs=nano.specs -mfloat-abi=soft -mthumb -o "Src/sysmem.o"
arm-none-eabi-gcc -gdwarf-2 -o "LAB1_TOGGLE_BLUEBILL_STM32F103.elf" @"objects.list"   -mcpu=cortex-m3 -T"D:\Online_Emb_Diploma\GitHub\Online_Embedded_Diploma\Unit7\Lesson1\LAB1_TOGGLE_BLUEBILL_STM32F103\STM32F103C6TX_FLASH.ld" --specs=nosys.specs -Wl,-Map="LAB1_TOGGLE_BLUEBILL_STM32F103.map" -Wl,--gc-sections -static --specs=nano.specs -mfloat-abi=soft -mthumb -Wl,--start-group -lc -lm -Wl,--end-group
Finished building target: LAB1_TOGGLE_BLUEBILL_STM32F103.elf
 
arm-none-eabi-objdump -h -S  LAB1_TOGGLE_BLUEBILL_STM32F103.elf  > "LAB1_TOGGLE_BLUEBILL_STM32F103.list"
arm-none-eabi-objcopy  -O binary  LAB1_TOGGLE_BLUEBILL_STM32F103.elf  "LAB1_TOGGLE_BLUEBILL_STM32F103.bin"
arm-none-eabi-size   LAB1_TOGGLE_BLUEBILL_STM32F103.elf 
   text	   data	    bss	    dec	    hex	filename
    796	      8	   1568	   2372	    944	LAB1_TOGGLE_BLUEBILL_STM32F103.elf
Finished building: default.size.stdout
 
Finished building: LAB1_TOGGLE_BLUEBILL_STM32F103.list
Finished building: LAB1_TOGGLE_BLUEBILL_STM32F103.bin
 
 
15:10:28 **** Incremental Build of configuration Debug for project LAB1_TOGGLE_BLUEBILL_STM32F103 ****
make -j4 all 
arm-none-eabi-gcc -gdwarf-2 "../Src/main.c" -mcpu=cortex-m3 -std=gnu11 -g3 -DSTM32 -DSTM32F1 -DSTM32F103C6Tx -DDEBUG -c -I../Inc -O0 -ffunction-sections -fdata-sections -Wall -fstack-usage -MMD -MP -MF"Src/main.d" -MT"Src/main.o" --specs=nano.specs -mfloat-abi=soft -mthumb -o "Src/main.o"
arm-none-eabi-gcc -gdwarf-2 -o "LAB1_TOGGLE_BLUEBILL_STM32F103.elf" @"objects.list"   -mcpu=cortex-m3 -T"D:\Online_Emb_Diploma\GitHub\Online_Embedded_Diploma\Unit7\Lesson1\LAB1_TOGGLE_BLUEBILL_STM32F103\STM32F103C6TX_FLASH.ld" --specs=nosys.specs -Wl,-Map="LAB1_TOGGLE_BLUEBILL_STM32F103.map" -Wl,--gc-sections -static --specs=nano.specs -mfloat-abi=soft -mthumb -Wl,--start-group -lc -lm -Wl,--end-group
Finished building target: LAB1_TOGGLE_BLUEBILL_STM32F103.elf
 
arm-none-eabi-objdump -h -S  LAB1_TOGGLE_BLUEBILL_STM32F103.elf  > "LAB1_TOGGLE_BLUEBILL_STM32F103.list"
arm-none-eabi-objcopy  -O binary  LAB1_TOGGLE_BLUEBILL_STM32F103.elf  "LAB1_TOGGLE_BLUEBILL_STM32F103.bin"
arm-none-eabi-size   LAB1_TOGGLE_BLUEBILL_STM32F103.elf 
   text	   data	    bss	    dec	    hex	filename
    836	      8	   1568	   2412	    96c	LAB1_TOGGLE_BLUEBILL_STM32F103.elf
Finished building: default.size.stdout
 
Finished building: LAB1_TOGGLE_BLUEBILL_STM32F103.list
Finished building: LAB1_TOGGLE_BLUEBILL_STM32F103.bin
 
 
