15:10:28 **** Incremental Build of configuration Debug for project LAB1_TOGGLE_BLUEBILL_STM32F103 ****
make -j4 all 
arm-none-eabi-gcc -gdwarf-2 "../Src/main.c" -mcpu=cortex-m3 -std=gnu11 -g3 -DSTM32 -DSTM32F1 -DSTM32F103C6Tx -DDEBUG -c -I../Inc -O0 -ffunction-sections -fdata-sections -Wall -fstack-usage -MMD -MP -MF"Src/main.d" -MT"Src/main.o" --specs=nano.specs -mfloat-abi=soft -mthumb -o "Src/main.o"
arm-none-eabi-gcc -gdwarf-2 -o "LAB1_TOGGLE_BLUEBILL_STM32F103.elf" @"objects.list"   -mcpu=cortex-m3 -T"D:\Online_Emb_Diploma\GitHub\Online_Embedded_Diploma\Unit7\Lesson1\LAB1_TOGGLE_BLUEBILL_STM32F103\STM32F103C6TX_FLASH.ld" --specs=nosys.specs -Wl,-Map="LAB1_TOGGLE_BLUEBILL_STM32F103.map" -Wl,--gc-sections -static --specs=nano.specs -mfloat-abi=soft -mthumb -Wl,--start-group -lc -lm -Wl,--end-group
Finished building target: LAB1_TOGGLE_BLUEBILL_STM32F103.elf
 
arm-none-eabi-objdump -h -S  LAB1_TOGGLE_BLUEBILL_STM32F103.elf  > "LAB1_TOGGLE_BLUEBILL_STM32F103.list"
arm-none-eabi-objcopy  -O binary  LAB1_TOGGLE_BLUEBILL_STM32F103.elf  "LAB1_TOGGLE_BLUEBILL_STM32F103.bin"
arm-none-eabi-size   LAB1_TOGGLE_BLUEBILL_STM32F103.elf 
   text	   data	    bss	    dec	    hex	filename
    836	      8	   1568	   2412	    96c	LAB1_TOGGLE_BLUEBILL_STM32F103.elf
Finished building: default.size.stdout
 
Finished building: LAB1_TOGGLE_BLUEBILL_STM32F103.list
Finished building: LAB1_TOGGLE_BLUEBILL_STM32F103.bin
 
 

15:10:32 Build Finished. 0 errors, 0 warnings. (took 3s.579ms)

