
Allocating common symbols
Common symbol       size              file

bss_var             0x4               main.o

Memory Configuration

Name             Origin             Length             Attributes
flash            0x0000000008000000 0x0000000000020000 xr
sram             0x0000000020000000 0x0000000000005000 xrw
*default*        0x0000000000000000 0xffffffffffffffff

Linker script and memory map


.text           0x0000000008000000      0x11b
 *(.vectors*)
 .vectors       0x0000000008000000       0x1c startup.o
                0x0000000008000000                vectors
 *(.text*)
 .text          0x000000000800001c       0x90 startup.o
                0x000000000800001c                MM_fault_Handler
                0x000000000800001c                Usage_Fault_Handler
                0x000000000800001c                Bus_Fault
                0x000000000800001c                Default_Handler
                0x000000000800001c                H_fault_Handler
                0x000000000800001c                NMI_Handler
                0x0000000008000028                Reset_Handler
 .text          0x00000000080000ac       0x6c main.o
                0x00000000080000ac                main
 *(.rodata*)
 .rodata        0x0000000008000118        0x3 main.o
                0x0000000008000118                const_variables
                0x000000000800011b                _E_text = .

.glue_7         0x000000000800011c        0x0
 .glue_7        0x000000000800011c        0x0 linker stubs

.glue_7t        0x000000000800011c        0x0
 .glue_7t       0x000000000800011c        0x0 linker stubs

.vfp11_veneer   0x000000000800011c        0x0
 .vfp11_veneer  0x000000000800011c        0x0 linker stubs

.v4_bx          0x000000000800011c        0x0
 .v4_bx         0x000000000800011c        0x0 linker stubs

.iplt           0x000000000800011c        0x0
 .iplt          0x000000000800011c        0x0 startup.o

.rel.dyn        0x000000000800011c        0x0
 .rel.iplt      0x000000000800011c        0x0 startup.o

.data           0x0000000020000000        0x8 load address 0x000000000800011b
                0x0000000020000000                _S_DATA = .
 *(.data)
 .data          0x0000000020000000        0x0 startup.o
 .data          0x0000000020000000        0x7 main.o
                0x0000000020000000                R_ODR
                0x0000000020000004                g_variables
                0x0000000020000008                . = ALIGN (0x4)
 *fill*         0x0000000020000007        0x1 
                0x0000000020000008                _E_DATA = .

.igot.plt       0x0000000020000008        0x0 load address 0x0000000008000123
 .igot.plt      0x0000000020000008        0x0 startup.o

.bss            0x0000000020000008     0x1004 load address 0x0000000008000123
                0x0000000020000008                _S_bss = .
 *(.bss*)
 .bss           0x0000000020000008        0x0 startup.o
 .bss           0x0000000020000008        0x0 main.o
                0x0000000020000008                . = ALIGN (0x4)
                0x0000000020000008                _E_bss = .
                0x0000000020000008                . = ALIGN (0x4)
                0x0000000020001008                . = (. + 0x1000)
 *fill*         0x0000000020000008     0x1000 
                0x0000000020001008                _stack_top = .
 COMMON         0x0000000020001008        0x4 main.o
                0x0000000020001008                bss_var
LOAD startup.o
LOAD main.o
OUTPUT(learn_in_depth_cortex_m3.elf elf32-littlearm)

.debug_info     0x0000000000000000      0xc07
 .debug_info    0x0000000000000000      0x18f startup.o
 .debug_info    0x000000000000018f      0xa78 main.o

.debug_abbrev   0x0000000000000000      0x2a0
 .debug_abbrev  0x0000000000000000       0xd4 startup.o
 .debug_abbrev  0x00000000000000d4      0x1cc main.o

.debug_loc      0x0000000000000000       0xb4
 .debug_loc     0x0000000000000000       0x7c startup.o
 .debug_loc     0x000000000000007c       0x38 main.o

.debug_aranges  0x0000000000000000       0x40
 .debug_aranges
                0x0000000000000000       0x20 startup.o
 .debug_aranges
                0x0000000000000020       0x20 main.o

.debug_line     0x0000000000000000      0x3d9
 .debug_line    0x0000000000000000      0x1f4 startup.o
 .debug_line    0x00000000000001f4      0x1e5 main.o

.debug_str      0x0000000000000000      0x5b8
 .debug_str     0x0000000000000000      0x194 startup.o
                                        0x1d1 (size before relaxing)
 .debug_str     0x0000000000000194      0x424 main.o
                                        0x58b (size before relaxing)

.comment        0x0000000000000000       0x7b
 .comment       0x0000000000000000       0x7b startup.o
                                         0x7c (size before relaxing)
 .comment       0x000000000000007b       0x7c main.o

.ARM.attributes
                0x0000000000000000       0x33
 .ARM.attributes
                0x0000000000000000       0x33 startup.o
 .ARM.attributes
                0x0000000000000033       0x33 main.o

.debug_frame    0x0000000000000000       0x7c
 .debug_frame   0x0000000000000000       0x50 startup.o
 .debug_frame   0x0000000000000050       0x2c main.o
